<!doctype html public "-//w3c//dtd html 4.0 transitional//en">
<html><head>
<title>Static Call Graph - [..\..\output\DCS-II.axf]</title></head>
<body><HR>
<H1>Static Call Graph for image ..\..\output\DCS-II.axf</H1><HR>
<BR><P>#&#060CALLGRAPH&#062# ARM Linker, 5060750: Last Updated: Mon Oct 08 18:44:37 2018
<BR><P>
<H3>Maximum Stack Usage =      33152 bytes + Unknown(Cycles, Untraceable Function Pointers)</H3><H3>
Call chain for Maximum Stack Depth:</H3>
main &rArr; APP_led_task &rArr; APP_led_uptxt &rArr; APP_led_txt &rArr; APP_led_full &rArr; get_chksum16
<P>
<H3>
Mutually Recursive functions
</H3> <LI><a href="#[2]">NMI_Handler</a>&nbsp;&nbsp;&nbsp;&rArr;&nbsp;&nbsp;&nbsp;<a href="#[2]">NMI_Handler</a><BR>
 <LI><a href="#[3]">HardFault_Handler</a>&nbsp;&nbsp;&nbsp;&rArr;&nbsp;&nbsp;&nbsp;<a href="#[3]">HardFault_Handler</a><BR>
 <LI><a href="#[4]">MemManage_Handler</a>&nbsp;&nbsp;&nbsp;&rArr;&nbsp;&nbsp;&nbsp;<a href="#[4]">MemManage_Handler</a><BR>
 <LI><a href="#[5]">BusFault_Handler</a>&nbsp;&nbsp;&nbsp;&rArr;&nbsp;&nbsp;&nbsp;<a href="#[5]">BusFault_Handler</a><BR>
 <LI><a href="#[6]">UsageFault_Handler</a>&nbsp;&nbsp;&nbsp;&rArr;&nbsp;&nbsp;&nbsp;<a href="#[6]">UsageFault_Handler</a><BR>
 <LI><a href="#[7]">SVC_Handler</a>&nbsp;&nbsp;&nbsp;&rArr;&nbsp;&nbsp;&nbsp;<a href="#[7]">SVC_Handler</a><BR>
 <LI><a href="#[8]">DebugMon_Handler</a>&nbsp;&nbsp;&nbsp;&rArr;&nbsp;&nbsp;&nbsp;<a href="#[8]">DebugMon_Handler</a><BR>
 <LI><a href="#[9]">PendSV_Handler</a>&nbsp;&nbsp;&nbsp;&rArr;&nbsp;&nbsp;&nbsp;<a href="#[9]">PendSV_Handler</a><BR>
 <LI><a href="#[1d]">ADC_IRQHandler</a>&nbsp;&nbsp;&nbsp;&rArr;&nbsp;&nbsp;&nbsp;<a href="#[1d]">ADC_IRQHandler</a><BR>
 <LI><a href="#[c0]">delay</a>&nbsp;&nbsp;&nbsp;&rArr;&nbsp;&nbsp;&nbsp;<a href="#[c0]">delay</a><BR>
</UL>
<P>
<H3>
Function Pointers
</H3><UL>
 <LI><a href="#[1d]">ADC_IRQHandler</a> from startup_stm32f407xx.o(.text) referenced from startup_stm32f407xx.o(RESET)
 <LI><a href="#[5]">BusFault_Handler</a> from startup_stm32f407xx.o(.text) referenced from startup_stm32f407xx.o(RESET)
 <LI><a href="#[1f]">CAN1_RX0_IRQHandler</a> from startup_stm32f407xx.o(.text) referenced from startup_stm32f407xx.o(RESET)
 <LI><a href="#[20]">CAN1_RX1_IRQHandler</a> from startup_stm32f407xx.o(.text) referenced from startup_stm32f407xx.o(RESET)
 <LI><a href="#[21]">CAN1_SCE_IRQHandler</a> from startup_stm32f407xx.o(.text) referenced from startup_stm32f407xx.o(RESET)
 <LI><a href="#[1e]">CAN1_TX_IRQHandler</a> from startup_stm32f407xx.o(.text) referenced from startup_stm32f407xx.o(RESET)
 <LI><a href="#[4b]">CAN2_RX0_IRQHandler</a> from startup_stm32f407xx.o(.text) referenced from startup_stm32f407xx.o(RESET)
 <LI><a href="#[4c]">CAN2_RX1_IRQHandler</a> from startup_stm32f407xx.o(.text) referenced from startup_stm32f407xx.o(RESET)
 <LI><a href="#[4d]">CAN2_SCE_IRQHandler</a> from startup_stm32f407xx.o(.text) referenced from startup_stm32f407xx.o(RESET)
 <LI><a href="#[4a]">CAN2_TX_IRQHandler</a> from startup_stm32f407xx.o(.text) referenced from startup_stm32f407xx.o(RESET)
 <LI><a href="#[59]">DCMI_IRQHandler</a> from startup_stm32f407xx.o(.text) referenced from startup_stm32f407xx.o(RESET)
 <LI><a href="#[16]">DMA1_Stream0_IRQHandler</a> from startup_stm32f407xx.o(.text) referenced from startup_stm32f407xx.o(RESET)
 <LI><a href="#[17]">DMA1_Stream1_IRQHandler</a> from startup_stm32f407xx.o(.text) referenced from startup_stm32f407xx.o(RESET)
 <LI><a href="#[18]">DMA1_Stream2_IRQHandler</a> from startup_stm32f407xx.o(.text) referenced from startup_stm32f407xx.o(RESET)
 <LI><a href="#[19]">DMA1_Stream3_IRQHandler</a> from startup_stm32f407xx.o(.text) referenced from startup_stm32f407xx.o(RESET)
 <LI><a href="#[1a]">DMA1_Stream4_IRQHandler</a> from stm32f4xx_it.o(i.DMA1_Stream4_IRQHandler) referenced from startup_stm32f407xx.o(RESET)
 <LI><a href="#[1b]">DMA1_Stream5_IRQHandler</a> from startup_stm32f407xx.o(.text) referenced from startup_stm32f407xx.o(RESET)
 <LI><a href="#[1c]">DMA1_Stream6_IRQHandler</a> from startup_stm32f407xx.o(.text) referenced from startup_stm32f407xx.o(RESET)
 <LI><a href="#[3a]">DMA1_Stream7_IRQHandler</a> from startup_stm32f407xx.o(.text) referenced from startup_stm32f407xx.o(RESET)
 <LI><a href="#[43]">DMA2_Stream0_IRQHandler</a> from stm32f4xx_it.o(i.DMA2_Stream0_IRQHandler) referenced from startup_stm32f407xx.o(RESET)
 <LI><a href="#[44]">DMA2_Stream1_IRQHandler</a> from startup_stm32f407xx.o(.text) referenced from startup_stm32f407xx.o(RESET)
 <LI><a href="#[45]">DMA2_Stream2_IRQHandler</a> from startup_stm32f407xx.o(.text) referenced from startup_stm32f407xx.o(RESET)
 <LI><a href="#[46]">DMA2_Stream3_IRQHandler</a> from startup_stm32f407xx.o(.text) referenced from startup_stm32f407xx.o(RESET)
 <LI><a href="#[47]">DMA2_Stream4_IRQHandler</a> from startup_stm32f407xx.o(.text) referenced from startup_stm32f407xx.o(RESET)
 <LI><a href="#[4f]">DMA2_Stream5_IRQHandler</a> from startup_stm32f407xx.o(.text) referenced from startup_stm32f407xx.o(RESET)
 <LI><a href="#[50]">DMA2_Stream6_IRQHandler</a> from startup_stm32f407xx.o(.text) referenced from startup_stm32f407xx.o(RESET)
 <LI><a href="#[51]">DMA2_Stream7_IRQHandler</a> from startup_stm32f407xx.o(.text) referenced from startup_stm32f407xx.o(RESET)
 <LI><a href="#[8]">DebugMon_Handler</a> from startup_stm32f407xx.o(.text) referenced from startup_stm32f407xx.o(RESET)
 <LI><a href="#[48]">ETH_IRQHandler</a> from startup_stm32f407xx.o(.text) referenced from startup_stm32f407xx.o(RESET)
 <LI><a href="#[49]">ETH_WKUP_IRQHandler</a> from startup_stm32f407xx.o(.text) referenced from startup_stm32f407xx.o(RESET)
 <LI><a href="#[11]">EXTI0_IRQHandler</a> from startup_stm32f407xx.o(.text) referenced from startup_stm32f407xx.o(RESET)
 <LI><a href="#[33]">EXTI15_10_IRQHandler</a> from startup_stm32f407xx.o(.text) referenced from startup_stm32f407xx.o(RESET)
 <LI><a href="#[12]">EXTI1_IRQHandler</a> from startup_stm32f407xx.o(.text) referenced from startup_stm32f407xx.o(RESET)
 <LI><a href="#[13]">EXTI2_IRQHandler</a> from startup_stm32f407xx.o(.text) referenced from startup_stm32f407xx.o(RESET)
 <LI><a href="#[14]">EXTI3_IRQHandler</a> from startup_stm32f407xx.o(.text) referenced from startup_stm32f407xx.o(RESET)
 <LI><a href="#[15]">EXTI4_IRQHandler</a> from startup_stm32f407xx.o(.text) referenced from startup_stm32f407xx.o(RESET)
 <LI><a href="#[22]">EXTI9_5_IRQHandler</a> from startup_stm32f407xx.o(.text) referenced from startup_stm32f407xx.o(RESET)
 <LI><a href="#[f]">FLASH_IRQHandler</a> from startup_stm32f407xx.o(.text) referenced from startup_stm32f407xx.o(RESET)
 <LI><a href="#[3b]">FMC_IRQHandler</a> from startup_stm32f407xx.o(.text) referenced from startup_stm32f407xx.o(RESET)
 <LI><a href="#[5b]">FPU_IRQHandler</a> from startup_stm32f407xx.o(.text) referenced from startup_stm32f407xx.o(RESET)
 <LI><a href="#[6f]">FProtocolAck</a> from app_comser.o(i.FProtocolAck) referenced from app_network.o(i.NETWORK_RECV_PRTCACK)
 <LI><a href="#[6e]">GET_CSQ</a> from app_network.o(i.GET_CSQ) referenced from app_network.o(i.NETWORK_RECV_ATACK)
 <LI><a href="#[5a]">HASH_RNG_IRQHandler</a> from startup_stm32f407xx.o(.text) referenced from startup_stm32f407xx.o(RESET)
 <LI><a href="#[3]">HardFault_Handler</a> from startup_stm32f407xx.o(.text) referenced from startup_stm32f407xx.o(RESET)
 <LI><a href="#[2b]">I2C1_ER_IRQHandler</a> from startup_stm32f407xx.o(.text) referenced from startup_stm32f407xx.o(RESET)
 <LI><a href="#[2a]">I2C1_EV_IRQHandler</a> from startup_stm32f407xx.o(.text) referenced from startup_stm32f407xx.o(RESET)
 <LI><a href="#[2d]">I2C2_ER_IRQHandler</a> from startup_stm32f407xx.o(.text) referenced from startup_stm32f407xx.o(RESET)
 <LI><a href="#[2c]">I2C2_EV_IRQHandler</a> from startup_stm32f407xx.o(.text) referenced from startup_stm32f407xx.o(RESET)
 <LI><a href="#[54]">I2C3_ER_IRQHandler</a> from startup_stm32f407xx.o(.text) referenced from startup_stm32f407xx.o(RESET)
 <LI><a href="#[53]">I2C3_EV_IRQHandler</a> from startup_stm32f407xx.o(.text) referenced from startup_stm32f407xx.o(RESET)
 <LI><a href="#[73]">IsKeyDown1</a> from app_key.o(i.IsKeyDown1) referenced from app_key.o(i.bsp_InitKeyVar)
 <LI><a href="#[7c]">IsKeyDown10</a> from app_key.o(i.IsKeyDown10) referenced from app_key.o(i.bsp_InitKeyVar)
 <LI><a href="#[74]">IsKeyDown2</a> from app_key.o(i.IsKeyDown2) referenced from app_key.o(i.bsp_InitKeyVar)
 <LI><a href="#[75]">IsKeyDown3</a> from app_key.o(i.IsKeyDown3) referenced from app_key.o(i.bsp_InitKeyVar)
 <LI><a href="#[76]">IsKeyDown4</a> from app_key.o(i.IsKeyDown4) referenced from app_key.o(i.bsp_InitKeyVar)
 <LI><a href="#[77]">IsKeyDown5</a> from app_key.o(i.IsKeyDown5) referenced from app_key.o(i.bsp_InitKeyVar)
 <LI><a href="#[78]">IsKeyDown6</a> from app_key.o(i.IsKeyDown6) referenced from app_key.o(i.bsp_InitKeyVar)
 <LI><a href="#[79]">IsKeyDown7</a> from app_key.o(i.IsKeyDown7) referenced from app_key.o(i.bsp_InitKeyVar)
 <LI><a href="#[7a]">IsKeyDown8</a> from app_key.o(i.IsKeyDown8) referenced from app_key.o(i.bsp_InitKeyVar)
 <LI><a href="#[7b]">IsKeyDown9</a> from app_key.o(i.IsKeyDown9) referenced from app_key.o(i.bsp_InitKeyVar)
 <LI><a href="#[6c]">LOADFRM_LOGIN</a> from app_sim7600ce.o(i.LOADFRM_LOGIN) referenced from app_network.o(i.NETWORK_RECV_ATACK)
 <LI><a href="#[62]">MG2639DCMD_ATE0_ACK</a> from app_mg2639d.o(i.MG2639DCMD_ATE0_ACK) referenced from app_network.o(i.NETWORK_RECV_ATACK)
 <LI><a href="#[61]">MG2639DCMD_AT_ACK</a> from app_mg2639d.o(i.MG2639DCMD_AT_ACK) referenced from app_network.o(i.NETWORK_RECV_ATACK)
 <LI><a href="#[64]">MG2639DCMD_IPSET_ACK</a> from app_mg2639d.o(i.MG2639DCMD_IPSET_ACK) referenced from app_network.o(i.NETWORK_RECV_ATACK)
 <LI><a href="#[63]">MG2639DCMD_OPENU_ACK</a> from app_mg2639d.o(i.MG2639DCMD_OPENU_ACK) referenced from app_network.o(i.NETWORK_RECV_ATACK)
 <LI><a href="#[4]">MemManage_Handler</a> from startup_stm32f407xx.o(.text) referenced from startup_stm32f407xx.o(RESET)
 <LI><a href="#[6d]">NETWORK_SENDDATA_PROTOCOL</a> from app_network.o(i.NETWORK_SENDDATA_PROTOCOL) referenced from app_network.o(i.NETWORK_RECV_ATACK)
 <LI><a href="#[5f]">NETWORK_SENDU_ASCII</a> from app_network.o(i.NETWORK_SENDU_ASCII) referenced from app_mg2639d.o(i.MG2639DCMD_ATE0_ACK)
 <LI><a href="#[5f]">NETWORK_SENDU_ASCII</a> from app_network.o(i.NETWORK_SENDU_ASCII) referenced from app_mg2639d.o(i.MG2639DCMD_AT_ACK)
 <LI><a href="#[5f]">NETWORK_SENDU_ASCII</a> from app_network.o(i.NETWORK_SENDU_ASCII) referenced from app_mg2639d.o(i.MG2639DCMD_OPENU_ACK)
 <LI><a href="#[5f]">NETWORK_SENDU_ASCII</a> from app_network.o(i.NETWORK_SENDU_ASCII) referenced from app_mg2639d.o(i.MG2639D_SENDAT_CIPSEND)
 <LI><a href="#[5f]">NETWORK_SENDU_ASCII</a> from app_network.o(i.NETWORK_SENDU_ASCII) referenced from app_network.o(i.NETWORK_RECV)
 <LI><a href="#[5f]">NETWORK_SENDU_ASCII</a> from app_network.o(i.NETWORK_SENDU_ASCII) referenced from app_sim7600ce.o(i.SIM7600CE_SENDAT_ATE0)
 <LI><a href="#[5f]">NETWORK_SENDU_ASCII</a> from app_network.o(i.NETWORK_SENDU_ASCII) referenced from app_sim7600ce.o(i.SIM7600CE_SENDAT_CIPCCFG)
 <LI><a href="#[5f]">NETWORK_SENDU_ASCII</a> from app_network.o(i.NETWORK_SENDU_ASCII) referenced from app_sim7600ce.o(i.SIM7600CE_SENDAT_CIPHEAD)
 <LI><a href="#[5f]">NETWORK_SENDU_ASCII</a> from app_network.o(i.NETWORK_SENDU_ASCII) referenced from app_sim7600ce.o(i.SIM7600CE_SENDAT_CIPMODE)
 <LI><a href="#[5f]">NETWORK_SENDU_ASCII</a> from app_network.o(i.NETWORK_SENDU_ASCII) referenced from app_sim7600ce.o(i.SIM7600CE_SENDAT_CIPOPEN)
 <LI><a href="#[5f]">NETWORK_SENDU_ASCII</a> from app_network.o(i.NETWORK_SENDU_ASCII) referenced from app_sim7600ce.o(i.SIM7600CE_SENDAT_CIPRXGET)
 <LI><a href="#[5f]">NETWORK_SENDU_ASCII</a> from app_network.o(i.NETWORK_SENDU_ASCII) referenced from app_sim7600ce.o(i.SIM7600CE_SENDAT_CIPSEND)
 <LI><a href="#[5f]">NETWORK_SENDU_ASCII</a> from app_network.o(i.NETWORK_SENDU_ASCII) referenced from app_sim7600ce.o(i.SIM7600CE_SENDAT_CIPSRIP)
 <LI><a href="#[5f]">NETWORK_SENDU_ASCII</a> from app_network.o(i.NETWORK_SENDU_ASCII) referenced from app_sim7600ce.o(i.SIM7600CE_SENDAT_NETOPEN)
 <LI><a href="#[5f]">NETWORK_SENDU_ASCII</a> from app_network.o(i.NETWORK_SENDU_ASCII) referenced from app_network.o(i.UDP_AT_INIT)
 <LI><a href="#[70]">NETWORK_SENDU_HEX</a> from app_network.o(i.NETWORK_SENDU_HEX) referenced from app_network.o(i.NETWORK_SENDDATA_PROTOCOL)
 <LI><a href="#[2]">NMI_Handler</a> from startup_stm32f407xx.o(.text) referenced from startup_stm32f407xx.o(RESET)
 <LI><a href="#[4e]">OTG_FS_IRQHandler</a> from startup_stm32f407xx.o(.text) referenced from startup_stm32f407xx.o(RESET)
 <LI><a href="#[35]">OTG_FS_WKUP_IRQHandler</a> from startup_stm32f407xx.o(.text) referenced from startup_stm32f407xx.o(RESET)
 <LI><a href="#[56]">OTG_HS_EP1_IN_IRQHandler</a> from startup_stm32f407xx.o(.text) referenced from startup_stm32f407xx.o(RESET)
 <LI><a href="#[55]">OTG_HS_EP1_OUT_IRQHandler</a> from startup_stm32f407xx.o(.text) referenced from startup_stm32f407xx.o(RESET)
 <LI><a href="#[58]">OTG_HS_IRQHandler</a> from startup_stm32f407xx.o(.text) referenced from startup_stm32f407xx.o(RESET)
 <LI><a href="#[57]">OTG_HS_WKUP_IRQHandler</a> from startup_stm32f407xx.o(.text) referenced from startup_stm32f407xx.o(RESET)
 <LI><a href="#[c]">PVD_IRQHandler</a> from startup_stm32f407xx.o(.text) referenced from startup_stm32f407xx.o(RESET)
 <LI><a href="#[9]">PendSV_Handler</a> from startup_stm32f407xx.o(.text) referenced from startup_stm32f407xx.o(RESET)
 <LI><a href="#[10]">RCC_IRQHandler</a> from startup_stm32f407xx.o(.text) referenced from startup_stm32f407xx.o(RESET)
 <LI><a href="#[34]">RTC_Alarm_IRQHandler</a> from startup_stm32f407xx.o(.text) referenced from startup_stm32f407xx.o(RESET)
 <LI><a href="#[e]">RTC_WKUP_IRQHandler</a> from startup_stm32f407xx.o(.text) referenced from startup_stm32f407xx.o(RESET)
 <LI><a href="#[1]">Reset_Handler</a> from startup_stm32f407xx.o(.text) referenced from startup_stm32f407xx.o(RESET)
 <LI><a href="#[71]">RxAnsOverErr</a> from app_comser.o(i.RxAnsOverErr) referenced from app_comser.o(i.RxOverDly)
 <LI><a href="#[3c]">SDIO_IRQHandler</a> from startup_stm32f407xx.o(.text) referenced from startup_stm32f407xx.o(RESET)
 <LI><a href="#[60]">SIM7600CE_SENDAT_ATE0</a> from app_sim7600ce.o(i.SIM7600CE_SENDAT_ATE0) referenced from app_network.o(i.NETWORK_RECV_ATACK)
 <LI><a href="#[65]">SIM7600CE_SENDAT_CIPCCFG</a> from app_sim7600ce.o(i.SIM7600CE_SENDAT_CIPCCFG) referenced from app_network.o(i.NETWORK_RECV_ATACK)
 <LI><a href="#[67]">SIM7600CE_SENDAT_CIPHEAD</a> from app_sim7600ce.o(i.SIM7600CE_SENDAT_CIPHEAD) referenced from app_network.o(i.NETWORK_RECV_ATACK)
 <LI><a href="#[68]">SIM7600CE_SENDAT_CIPMODE</a> from app_sim7600ce.o(i.SIM7600CE_SENDAT_CIPMODE) referenced from app_network.o(i.NETWORK_RECV_ATACK)
 <LI><a href="#[6b]">SIM7600CE_SENDAT_CIPOPEN</a> from app_sim7600ce.o(i.SIM7600CE_SENDAT_CIPOPEN) referenced from app_network.o(i.NETWORK_RECV_ATACK)
 <LI><a href="#[69]">SIM7600CE_SENDAT_CIPRXGET</a> from app_sim7600ce.o(i.SIM7600CE_SENDAT_CIPRXGET) referenced from app_network.o(i.NETWORK_RECV_ATACK)
 <LI><a href="#[66]">SIM7600CE_SENDAT_CIPSRIP</a> from app_sim7600ce.o(i.SIM7600CE_SENDAT_CIPSRIP) referenced from app_network.o(i.NETWORK_RECV_ATACK)
 <LI><a href="#[6a]">SIM7600CE_SENDAT_NETOPEN</a> from app_sim7600ce.o(i.SIM7600CE_SENDAT_NETOPEN) referenced from app_network.o(i.NETWORK_RECV_ATACK)
 <LI><a href="#[2e]">SPI1_IRQHandler</a> from startup_stm32f407xx.o(.text) referenced from startup_stm32f407xx.o(RESET)
 <LI><a href="#[2f]">SPI2_IRQHandler</a> from stm32f4xx_it.o(i.SPI2_IRQHandler) referenced from startup_stm32f407xx.o(RESET)
 <LI><a href="#[3e]">SPI3_IRQHandler</a> from startup_stm32f407xx.o(.text) referenced from startup_stm32f407xx.o(RESET)
 <LI><a href="#[7]">SVC_Handler</a> from startup_stm32f407xx.o(.text) referenced from startup_stm32f407xx.o(RESET)
 <LI><a href="#[a]">SysTick_Handler</a> from stm32f4xx_it.o(i.SysTick_Handler) referenced from startup_stm32f407xx.o(RESET)
 <LI><a href="#[5d]">SystemInit</a> from system_stm32f4xx.o(i.SystemInit) referenced from startup_stm32f407xx.o(.text)
 <LI><a href="#[d]">TAMP_STAMP_IRQHandler</a> from startup_stm32f407xx.o(.text) referenced from startup_stm32f407xx.o(RESET)
 <LI><a href="#[23]">TIM1_BRK_TIM9_IRQHandler</a> from stm32f4xx_it.o(i.TIM1_BRK_TIM9_IRQHandler) referenced from startup_stm32f407xx.o(RESET)
 <LI><a href="#[26]">TIM1_CC_IRQHandler</a> from startup_stm32f407xx.o(.text) referenced from startup_stm32f407xx.o(RESET)
 <LI><a href="#[25]">TIM1_TRG_COM_TIM11_IRQHandler</a> from startup_stm32f407xx.o(.text) referenced from startup_stm32f407xx.o(RESET)
 <LI><a href="#[24]">TIM1_UP_TIM10_IRQHandler</a> from startup_stm32f407xx.o(.text) referenced from startup_stm32f407xx.o(RESET)
 <LI><a href="#[27]">TIM2_IRQHandler</a> from stm32f4xx_it.o(i.TIM2_IRQHandler) referenced from startup_stm32f407xx.o(RESET)
 <LI><a href="#[28]">TIM3_IRQHandler</a> from stm32f4xx_it.o(i.TIM3_IRQHandler) referenced from startup_stm32f407xx.o(RESET)
 <LI><a href="#[29]">TIM4_IRQHandler</a> from startup_stm32f407xx.o(.text) referenced from startup_stm32f407xx.o(RESET)
 <LI><a href="#[3d]">TIM5_IRQHandler</a> from stm32f4xx_it.o(i.TIM5_IRQHandler) referenced from startup_stm32f407xx.o(RESET)
 <LI><a href="#[41]">TIM6_DAC_IRQHandler</a> from stm32f4xx_it.o(i.TIM6_DAC_IRQHandler) referenced from startup_stm32f407xx.o(RESET)
 <LI><a href="#[42]">TIM7_IRQHandler</a> from stm32f4xx_it.o(i.TIM7_IRQHandler) referenced from startup_stm32f407xx.o(RESET)
 <LI><a href="#[36]">TIM8_BRK_TIM12_IRQHandler</a> from stm32f4xx_it.o(i.TIM8_BRK_TIM12_IRQHandler) referenced from startup_stm32f407xx.o(RESET)
 <LI><a href="#[39]">TIM8_CC_IRQHandler</a> from stm32f4xx_it.o(i.TIM8_CC_IRQHandler) referenced from startup_stm32f407xx.o(RESET)
 <LI><a href="#[38]">TIM8_TRG_COM_TIM14_IRQHandler</a> from stm32f4xx_it.o(i.TIM8_TRG_COM_TIM14_IRQHandler) referenced from startup_stm32f407xx.o(RESET)
 <LI><a href="#[37]">TIM8_UP_TIM13_IRQHandler</a> from startup_stm32f407xx.o(.text) referenced from startup_stm32f407xx.o(RESET)
 <LI><a href="#[3f]">UART4_IRQHandler</a> from stm32f4xx_it.o(i.UART4_IRQHandler) referenced from startup_stm32f407xx.o(RESET)
 <LI><a href="#[40]">UART5_IRQHandler</a> from stm32f4xx_it.o(i.UART5_IRQHandler) referenced from startup_stm32f407xx.o(RESET)
 <LI><a href="#[30]">USART1_IRQHandler</a> from stm32f4xx_it.o(i.USART1_IRQHandler) referenced from startup_stm32f407xx.o(RESET)
 <LI><a href="#[31]">USART2_IRQHandler</a> from startup_stm32f407xx.o(.text) referenced from startup_stm32f407xx.o(RESET)
 <LI><a href="#[32]">USART3_IRQHandler</a> from stm32f4xx_it.o(i.USART3_IRQHandler) referenced from startup_stm32f407xx.o(RESET)
 <LI><a href="#[52]">USART6_IRQHandler</a> from stm32f4xx_it.o(i.USART6_IRQHandler) referenced from startup_stm32f407xx.o(RESET)
 <LI><a href="#[6]">UsageFault_Handler</a> from startup_stm32f407xx.o(.text) referenced from startup_stm32f407xx.o(RESET)
 <LI><a href="#[b]">WWDG_IRQHandler</a> from startup_stm32f407xx.o(.text) referenced from startup_stm32f407xx.o(RESET)
 <LI><a href="#[5e]">__main</a> from entry.o(.ARM.Collect$$$$00000000) referenced from startup_stm32f407xx.o(.text)
 <LI><a href="#[72]">_sputc</a> from printf5.o(i._sputc) referenced from printf5.o(i.__0sprintf$5)
 <LI><a href="#[5c]">main</a> from main.o(i.main) referenced from entry9a.o(.ARM.Collect$$$$0000000B)
</UL>
<P>
<H3>
Global Symbols
</H3>
<P><STRONG><a name="[5e]"></a>__main</STRONG> (Thumb, 0 bytes, Stack size unknown bytes, entry.o(.ARM.Collect$$$$00000000))
<BR>[Address Reference Count : 1]<UL><LI> startup_stm32f407xx.o(.text)
</UL>
<P><STRONG><a name="[239]"></a>_main_stk</STRONG> (Thumb, 0 bytes, Stack size unknown bytes, entry2.o(.ARM.Collect$$$$00000001))

<P><STRONG><a name="[7d]"></a>_main_scatterload</STRONG> (Thumb, 0 bytes, Stack size unknown bytes, entry5.o(.ARM.Collect$$$$00000004))
<BR><BR>[Calls]<UL><LI><a href="#[7e]">&gt;&gt;</a>&nbsp;&nbsp;&nbsp;__scatterload
</UL>

<P><STRONG><a name="[93]"></a>__main_after_scatterload</STRONG> (Thumb, 0 bytes, Stack size unknown bytes, entry5.o(.ARM.Collect$$$$00000004))
<BR><BR>[Called By]<UL><LI><a href="#[7e]">&gt;&gt;</a>&nbsp;&nbsp;&nbsp;__scatterload
</UL>

<P><STRONG><a name="[23a]"></a>_main_clock</STRONG> (Thumb, 0 bytes, Stack size unknown bytes, entry7b.o(.ARM.Collect$$$$00000008))

<P><STRONG><a name="[23b]"></a>_main_cpp_init</STRONG> (Thumb, 0 bytes, Stack size unknown bytes, entry8b.o(.ARM.Collect$$$$0000000A))

<P><STRONG><a name="[23c]"></a>_main_init</STRONG> (Thumb, 0 bytes, Stack size unknown bytes, entry9a.o(.ARM.Collect$$$$0000000B))

<P><STRONG><a name="[23d]"></a>__rt_final_cpp</STRONG> (Thumb, 0 bytes, Stack size unknown bytes, entry10a.o(.ARM.Collect$$$$0000000D))

<P><STRONG><a name="[23e]"></a>__rt_final_exit</STRONG> (Thumb, 0 bytes, Stack size unknown bytes, entry11a.o(.ARM.Collect$$$$0000000F))

<P><STRONG><a name="[1]"></a>Reset_Handler</STRONG> (Thumb, 8 bytes, Stack size 0 bytes, startup_stm32f407xx.o(.text))
<BR>[Address Reference Count : 1]<UL><LI> startup_stm32f407xx.o(RESET)
</UL>
<P><STRONG><a name="[2]"></a>NMI_Handler</STRONG> (Thumb, 2 bytes, Stack size 0 bytes, startup_stm32f407xx.o(.text))
<BR><BR>[Calls]<UL><LI><a href="#[2]">&gt;&gt;</a>&nbsp;&nbsp;&nbsp;NMI_Handler
</UL>
<BR>[Called By]<UL><LI><a href="#[2]">&gt;&gt;</a>&nbsp;&nbsp;&nbsp;NMI_Handler
</UL>
<BR>[Address Reference Count : 1]<UL><LI> startup_stm32f407xx.o(RESET)
</UL>
<P><STRONG><a name="[3]"></a>HardFault_Handler</STRONG> (Thumb, 2 bytes, Stack size 0 bytes, startup_stm32f407xx.o(.text))
<BR><BR>[Calls]<UL><LI><a href="#[3]">&gt;&gt;</a>&nbsp;&nbsp;&nbsp;HardFault_Handler
</UL>
<BR>[Called By]<UL><LI><a href="#[3]">&gt;&gt;</a>&nbsp;&nbsp;&nbsp;HardFault_Handler
</UL>
<BR>[Address Reference Count : 1]<UL><LI> startup_stm32f407xx.o(RESET)
</UL>
<P><STRONG><a name="[4]"></a>MemManage_Handler</STRONG> (Thumb, 2 bytes, Stack size 0 bytes, startup_stm32f407xx.o(.text))
<BR><BR>[Calls]<UL><LI><a href="#[4]">&gt;&gt;</a>&nbsp;&nbsp;&nbsp;MemManage_Handler
</UL>
<BR>[Called By]<UL><LI><a href="#[4]">&gt;&gt;</a>&nbsp;&nbsp;&nbsp;MemManage_Handler
</UL>
<BR>[Address Reference Count : 1]<UL><LI> startup_stm32f407xx.o(RESET)
</UL>
<P><STRONG><a name="[5]"></a>BusFault_Handler</STRONG> (Thumb, 2 bytes, Stack size 0 bytes, startup_stm32f407xx.o(.text))
<BR><BR>[Calls]<UL><LI><a href="#[5]">&gt;&gt;</a>&nbsp;&nbsp;&nbsp;BusFault_Handler
</UL>
<BR>[Called By]<UL><LI><a href="#[5]">&gt;&gt;</a>&nbsp;&nbsp;&nbsp;BusFault_Handler
</UL>
<BR>[Address Reference Count : 1]<UL><LI> startup_stm32f407xx.o(RESET)
</UL>
<P><STRONG><a name="[6]"></a>UsageFault_Handler</STRONG> (Thumb, 2 bytes, Stack size 0 bytes, startup_stm32f407xx.o(.text))
<BR><BR>[Calls]<UL><LI><a href="#[6]">&gt;&gt;</a>&nbsp;&nbsp;&nbsp;UsageFault_Handler
</UL>
<BR>[Called By]<UL><LI><a href="#[6]">&gt;&gt;</a>&nbsp;&nbsp;&nbsp;UsageFault_Handler
</UL>
<BR>[Address Reference Count : 1]<UL><LI> startup_stm32f407xx.o(RESET)
</UL>
<P><STRONG><a name="[7]"></a>SVC_Handler</STRONG> (Thumb, 2 bytes, Stack size 0 bytes, startup_stm32f407xx.o(.text))
<BR><BR>[Calls]<UL><LI><a href="#[7]">&gt;&gt;</a>&nbsp;&nbsp;&nbsp;SVC_Handler
</UL>
<BR>[Called By]<UL><LI><a href="#[7]">&gt;&gt;</a>&nbsp;&nbsp;&nbsp;SVC_Handler
</UL>
<BR>[Address Reference Count : 1]<UL><LI> startup_stm32f407xx.o(RESET)
</UL>
<P><STRONG><a name="[8]"></a>DebugMon_Handler</STRONG> (Thumb, 2 bytes, Stack size 0 bytes, startup_stm32f407xx.o(.text))
<BR><BR>[Calls]<UL><LI><a href="#[8]">&gt;&gt;</a>&nbsp;&nbsp;&nbsp;DebugMon_Handler
</UL>
<BR>[Called By]<UL><LI><a href="#[8]">&gt;&gt;</a>&nbsp;&nbsp;&nbsp;DebugMon_Handler
</UL>
<BR>[Address Reference Count : 1]<UL><LI> startup_stm32f407xx.o(RESET)
</UL>
<P><STRONG><a name="[9]"></a>PendSV_Handler</STRONG> (Thumb, 2 bytes, Stack size 0 bytes, startup_stm32f407xx.o(.text))
<BR><BR>[Calls]<UL><LI><a href="#[9]">&gt;&gt;</a>&nbsp;&nbsp;&nbsp;PendSV_Handler
</UL>
<BR>[Called By]<UL><LI><a href="#[9]">&gt;&gt;</a>&nbsp;&nbsp;&nbsp;PendSV_Handler
</UL>
<BR>[Address Reference Count : 1]<UL><LI> startup_stm32f407xx.o(RESET)
</UL>
<P><STRONG><a name="[1d]"></a>ADC_IRQHandler</STRONG> (Thumb, 0 bytes, Stack size 0 bytes, startup_stm32f407xx.o(.text))
<BR><BR>[Calls]<UL><LI><a href="#[1d]">&gt;&gt;</a>&nbsp;&nbsp;&nbsp;ADC_IRQHandler
</UL>
<BR>[Called By]<UL><LI><a href="#[1d]">&gt;&gt;</a>&nbsp;&nbsp;&nbsp;ADC_IRQHandler
</UL>
<BR>[Address Reference Count : 1]<UL><LI> startup_stm32f407xx.o(RESET)
</UL>
<P><STRONG><a name="[1f]"></a>CAN1_RX0_IRQHandler</STRONG> (Thumb, 0 bytes, Stack size 0 bytes, startup_stm32f407xx.o(.text))
<BR>[Address Reference Count : 1]<UL><LI> startup_stm32f407xx.o(RESET)
</UL>
<P><STRONG><a name="[20]"></a>CAN1_RX1_IRQHandler</STRONG> (Thumb, 0 bytes, Stack size 0 bytes, startup_stm32f407xx.o(.text))
<BR>[Address Reference Count : 1]<UL><LI> startup_stm32f407xx.o(RESET)
</UL>
<P><STRONG><a name="[21]"></a>CAN1_SCE_IRQHandler</STRONG> (Thumb, 0 bytes, Stack size 0 bytes, startup_stm32f407xx.o(.text))
<BR>[Address Reference Count : 1]<UL><LI> startup_stm32f407xx.o(RESET)
</UL>
<P><STRONG><a name="[1e]"></a>CAN1_TX_IRQHandler</STRONG> (Thumb, 0 bytes, Stack size 0 bytes, startup_stm32f407xx.o(.text))
<BR>[Address Reference Count : 1]<UL><LI> startup_stm32f407xx.o(RESET)
</UL>
<P><STRONG><a name="[4b]"></a>CAN2_RX0_IRQHandler</STRONG> (Thumb, 0 bytes, Stack size 0 bytes, startup_stm32f407xx.o(.text))
<BR>[Address Reference Count : 1]<UL><LI> startup_stm32f407xx.o(RESET)
</UL>
<P><STRONG><a name="[4c]"></a>CAN2_RX1_IRQHandler</STRONG> (Thumb, 0 bytes, Stack size 0 bytes, startup_stm32f407xx.o(.text))
<BR>[Address Reference Count : 1]<UL><LI> startup_stm32f407xx.o(RESET)
</UL>
<P><STRONG><a name="[4d]"></a>CAN2_SCE_IRQHandler</STRONG> (Thumb, 0 bytes, Stack size 0 bytes, startup_stm32f407xx.o(.text))
<BR>[Address Reference Count : 1]<UL><LI> startup_stm32f407xx.o(RESET)
</UL>
<P><STRONG><a name="[4a]"></a>CAN2_TX_IRQHandler</STRONG> (Thumb, 0 bytes, Stack size 0 bytes, startup_stm32f407xx.o(.text))
<BR>[Address Reference Count : 1]<UL><LI> startup_stm32f407xx.o(RESET)
</UL>
<P><STRONG><a name="[59]"></a>DCMI_IRQHandler</STRONG> (Thumb, 0 bytes, Stack size 0 bytes, startup_stm32f407xx.o(.text))
<BR>[Address Reference Count : 1]<UL><LI> startup_stm32f407xx.o(RESET)
</UL>
<P><STRONG><a name="[16]"></a>DMA1_Stream0_IRQHandler</STRONG> (Thumb, 0 bytes, Stack size 0 bytes, startup_stm32f407xx.o(.text))
<BR>[Address Reference Count : 1]<UL><LI> startup_stm32f407xx.o(RESET)
</UL>
<P><STRONG><a name="[17]"></a>DMA1_Stream1_IRQHandler</STRONG> (Thumb, 0 bytes, Stack size 0 bytes, startup_stm32f407xx.o(.text))
<BR>[Address Reference Count : 1]<UL><LI> startup_stm32f407xx.o(RESET)
</UL>
<P><STRONG><a name="[18]"></a>DMA1_Stream2_IRQHandler</STRONG> (Thumb, 0 bytes, Stack size 0 bytes, startup_stm32f407xx.o(.text))
<BR>[Address Reference Count : 1]<UL><LI> startup_stm32f407xx.o(RESET)
</UL>
<P><STRONG><a name="[19]"></a>DMA1_Stream3_IRQHandler</STRONG> (Thumb, 0 bytes, Stack size 0 bytes, startup_stm32f407xx.o(.text))
<BR>[Address Reference Count : 1]<UL><LI> startup_stm32f407xx.o(RESET)
</UL>
<P><STRONG><a name="[1b]"></a>DMA1_Stream5_IRQHandler</STRONG> (Thumb, 0 bytes, Stack size 0 bytes, startup_stm32f407xx.o(.text))
<BR>[Address Reference Count : 1]<UL><LI> startup_stm32f407xx.o(RESET)
</UL>
<P><STRONG><a name="[1c]"></a>DMA1_Stream6_IRQHandler</STRONG> (Thumb, 0 bytes, Stack size 0 bytes, startup_stm32f407xx.o(.text))
<BR>[Address Reference Count : 1]<UL><LI> startup_stm32f407xx.o(RESET)
</UL>
<P><STRONG><a name="[3a]"></a>DMA1_Stream7_IRQHandler</STRONG> (Thumb, 0 bytes, Stack size 0 bytes, startup_stm32f407xx.o(.text))
<BR>[Address Reference Count : 1]<UL><LI> startup_stm32f407xx.o(RESET)
</UL>
<P><STRONG><a name="[44]"></a>DMA2_Stream1_IRQHandler</STRONG> (Thumb, 0 bytes, Stack size 0 bytes, startup_stm32f407xx.o(.text))
<BR>[Address Reference Count : 1]<UL><LI> startup_stm32f407xx.o(RESET)
</UL>
<P><STRONG><a name="[45]"></a>DMA2_Stream2_IRQHandler</STRONG> (Thumb, 0 bytes, Stack size 0 bytes, startup_stm32f407xx.o(.text))
<BR>[Address Reference Count : 1]<UL><LI> startup_stm32f407xx.o(RESET)
</UL>
<P><STRONG><a name="[46]"></a>DMA2_Stream3_IRQHandler</STRONG> (Thumb, 0 bytes, Stack size 0 bytes, startup_stm32f407xx.o(.text))
<BR>[Address Reference Count : 1]<UL><LI> startup_stm32f407xx.o(RESET)
</UL>
<P><STRONG><a name="[47]"></a>DMA2_Stream4_IRQHandler</STRONG> (Thumb, 0 bytes, Stack size 0 bytes, startup_stm32f407xx.o(.text))
<BR>[Address Reference Count : 1]<UL><LI> startup_stm32f407xx.o(RESET)
</UL>
<P><STRONG><a name="[4f]"></a>DMA2_Stream5_IRQHandler</STRONG> (Thumb, 0 bytes, Stack size 0 bytes, startup_stm32f407xx.o(.text))
<BR>[Address Reference Count : 1]<UL><LI> startup_stm32f407xx.o(RESET)
</UL>
<P><STRONG><a name="[50]"></a>DMA2_Stream6_IRQHandler</STRONG> (Thumb, 0 bytes, Stack size 0 bytes, startup_stm32f407xx.o(.text))
<BR>[Address Reference Count : 1]<UL><LI> startup_stm32f407xx.o(RESET)
</UL>
<P><STRONG><a name="[51]"></a>DMA2_Stream7_IRQHandler</STRONG> (Thumb, 0 bytes, Stack size 0 bytes, startup_stm32f407xx.o(.text))
<BR>[Address Reference Count : 1]<UL><LI> startup_stm32f407xx.o(RESET)
</UL>
<P><STRONG><a name="[48]"></a>ETH_IRQHandler</STRONG> (Thumb, 0 bytes, Stack size 0 bytes, startup_stm32f407xx.o(.text))
<BR>[Address Reference Count : 1]<UL><LI> startup_stm32f407xx.o(RESET)
</UL>
<P><STRONG><a name="[49]"></a>ETH_WKUP_IRQHandler</STRONG> (Thumb, 0 bytes, Stack size 0 bytes, startup_stm32f407xx.o(.text))
<BR>[Address Reference Count : 1]<UL><LI> startup_stm32f407xx.o(RESET)
</UL>
<P><STRONG><a name="[11]"></a>EXTI0_IRQHandler</STRONG> (Thumb, 0 bytes, Stack size 0 bytes, startup_stm32f407xx.o(.text))
<BR>[Address Reference Count : 1]<UL><LI> startup_stm32f407xx.o(RESET)
</UL>
<P><STRONG><a name="[33]"></a>EXTI15_10_IRQHandler</STRONG> (Thumb, 0 bytes, Stack size 0 bytes, startup_stm32f407xx.o(.text))
<BR>[Address Reference Count : 1]<UL><LI> startup_stm32f407xx.o(RESET)
</UL>
<P><STRONG><a name="[12]"></a>EXTI1_IRQHandler</STRONG> (Thumb, 0 bytes, Stack size 0 bytes, startup_stm32f407xx.o(.text))
<BR>[Address Reference Count : 1]<UL><LI> startup_stm32f407xx.o(RESET)
</UL>
<P><STRONG><a name="[13]"></a>EXTI2_IRQHandler</STRONG> (Thumb, 0 bytes, Stack size 0 bytes, startup_stm32f407xx.o(.text))
<BR>[Address Reference Count : 1]<UL><LI> startup_stm32f407xx.o(RESET)
</UL>
<P><STRONG><a name="[14]"></a>EXTI3_IRQHandler</STRONG> (Thumb, 0 bytes, Stack size 0 bytes, startup_stm32f407xx.o(.text))
<BR>[Address Reference Count : 1]<UL><LI> startup_stm32f407xx.o(RESET)
</UL>
<P><STRONG><a name="[15]"></a>EXTI4_IRQHandler</STRONG> (Thumb, 0 bytes, Stack size 0 bytes, startup_stm32f407xx.o(.text))
<BR>[Address Reference Count : 1]<UL><LI> startup_stm32f407xx.o(RESET)
</UL>
<P><STRONG><a name="[22]"></a>EXTI9_5_IRQHandler</STRONG> (Thumb, 0 bytes, Stack size 0 bytes, startup_stm32f407xx.o(.text))
<BR>[Address Reference Count : 1]<UL><LI> startup_stm32f407xx.o(RESET)
</UL>
<P><STRONG><a name="[f]"></a>FLASH_IRQHandler</STRONG> (Thumb, 0 bytes, Stack size 0 bytes, startup_stm32f407xx.o(.text))
<BR>[Address Reference Count : 1]<UL><LI> startup_stm32f407xx.o(RESET)
</UL>
<P><STRONG><a name="[3b]"></a>FMC_IRQHandler</STRONG> (Thumb, 0 bytes, Stack size 0 bytes, startup_stm32f407xx.o(.text))
<BR>[Address Reference Count : 1]<UL><LI> startup_stm32f407xx.o(RESET)
</UL>
<P><STRONG><a name="[5b]"></a>FPU_IRQHandler</STRONG> (Thumb, 0 bytes, Stack size 0 bytes, startup_stm32f407xx.o(.text))
<BR>[Address Reference Count : 1]<UL><LI> startup_stm32f407xx.o(RESET)
</UL>
<P><STRONG><a name="[5a]"></a>HASH_RNG_IRQHandler</STRONG> (Thumb, 0 bytes, Stack size 0 bytes, startup_stm32f407xx.o(.text))
<BR>[Address Reference Count : 1]<UL><LI> startup_stm32f407xx.o(RESET)
</UL>
<P><STRONG><a name="[2b]"></a>I2C1_ER_IRQHandler</STRONG> (Thumb, 0 bytes, Stack size 0 bytes, startup_stm32f407xx.o(.text))
<BR>[Address Reference Count : 1]<UL><LI> startup_stm32f407xx.o(RESET)
</UL>
<P><STRONG><a name="[2a]"></a>I2C1_EV_IRQHandler</STRONG> (Thumb, 0 bytes, Stack size 0 bytes, startup_stm32f407xx.o(.text))
<BR>[Address Reference Count : 1]<UL><LI> startup_stm32f407xx.o(RESET)
</UL>
<P><STRONG><a name="[2d]"></a>I2C2_ER_IRQHandler</STRONG> (Thumb, 0 bytes, Stack size 0 bytes, startup_stm32f407xx.o(.text))
<BR>[Address Reference Count : 1]<UL><LI> startup_stm32f407xx.o(RESET)
</UL>
<P><STRONG><a name="[2c]"></a>I2C2_EV_IRQHandler</STRONG> (Thumb, 0 bytes, Stack size 0 bytes, startup_stm32f407xx.o(.text))
<BR>[Address Reference Count : 1]<UL><LI> startup_stm32f407xx.o(RESET)
</UL>
<P><STRONG><a name="[54]"></a>I2C3_ER_IRQHandler</STRONG> (Thumb, 0 bytes, Stack size 0 bytes, startup_stm32f407xx.o(.text))
<BR>[Address Reference Count : 1]<UL><LI> startup_stm32f407xx.o(RESET)
</UL>
<P><STRONG><a name="[53]"></a>I2C3_EV_IRQHandler</STRONG> (Thumb, 0 bytes, Stack size 0 bytes, startup_stm32f407xx.o(.text))
<BR>[Address Reference Count : 1]<UL><LI> startup_stm32f407xx.o(RESET)
</UL>
<P><STRONG><a name="[4e]"></a>OTG_FS_IRQHandler</STRONG> (Thumb, 0 bytes, Stack size 0 bytes, startup_stm32f407xx.o(.text))
<BR>[Address Reference Count : 1]<UL><LI> startup_stm32f407xx.o(RESET)
</UL>
<P><STRONG><a name="[35]"></a>OTG_FS_WKUP_IRQHandler</STRONG> (Thumb, 0 bytes, Stack size 0 bytes, startup_stm32f407xx.o(.text))
<BR>[Address Reference Count : 1]<UL><LI> startup_stm32f407xx.o(RESET)
</UL>
<P><STRONG><a name="[56]"></a>OTG_HS_EP1_IN_IRQHandler</STRONG> (Thumb, 0 bytes, Stack size 0 bytes, startup_stm32f407xx.o(.text))
<BR>[Address Reference Count : 1]<UL><LI> startup_stm32f407xx.o(RESET)
</UL>
<P><STRONG><a name="[55]"></a>OTG_HS_EP1_OUT_IRQHandler</STRONG> (Thumb, 0 bytes, Stack size 0 bytes, startup_stm32f407xx.o(.text))
<BR>[Address Reference Count : 1]<UL><LI> startup_stm32f407xx.o(RESET)
</UL>
<P><STRONG><a name="[58]"></a>OTG_HS_IRQHandler</STRONG> (Thumb, 0 bytes, Stack size 0 bytes, startup_stm32f407xx.o(.text))
<BR>[Address Reference Count : 1]<UL><LI> startup_stm32f407xx.o(RESET)
</UL>
<P><STRONG><a name="[57]"></a>OTG_HS_WKUP_IRQHandler</STRONG> (Thumb, 0 bytes, Stack size 0 bytes, startup_stm32f407xx.o(.text))
<BR>[Address Reference Count : 1]<UL><LI> startup_stm32f407xx.o(RESET)
</UL>
<P><STRONG><a name="[c]"></a>PVD_IRQHandler</STRONG> (Thumb, 0 bytes, Stack size 0 bytes, startup_stm32f407xx.o(.text))
<BR>[Address Reference Count : 1]<UL><LI> startup_stm32f407xx.o(RESET)
</UL>
<P><STRONG><a name="[10]"></a>RCC_IRQHandler</STRONG> (Thumb, 0 bytes, Stack size 0 bytes, startup_stm32f407xx.o(.text))
<BR>[Address Reference Count : 1]<UL><LI> startup_stm32f407xx.o(RESET)
</UL>
<P><STRONG><a name="[34]"></a>RTC_Alarm_IRQHandler</STRONG> (Thumb, 0 bytes, Stack size 0 bytes, startup_stm32f407xx.o(.text))
<BR>[Address Reference Count : 1]<UL><LI> startup_stm32f407xx.o(RESET)
</UL>
<P><STRONG><a name="[e]"></a>RTC_WKUP_IRQHandler</STRONG> (Thumb, 0 bytes, Stack size 0 bytes, startup_stm32f407xx.o(.text))
<BR>[Address Reference Count : 1]<UL><LI> startup_stm32f407xx.o(RESET)
</UL>
<P><STRONG><a name="[3c]"></a>SDIO_IRQHandler</STRONG> (Thumb, 0 bytes, Stack size 0 bytes, startup_stm32f407xx.o(.text))
<BR>[Address Reference Count : 1]<UL><LI> startup_stm32f407xx.o(RESET)
</UL>
<P><STRONG><a name="[2e]"></a>SPI1_IRQHandler</STRONG> (Thumb, 0 bytes, Stack size 0 bytes, startup_stm32f407xx.o(.text))
<BR>[Address Reference Count : 1]<UL><LI> startup_stm32f407xx.o(RESET)
</UL>
<P><STRONG><a name="[3e]"></a>SPI3_IRQHandler</STRONG> (Thumb, 0 bytes, Stack size 0 bytes, startup_stm32f407xx.o(.text))
<BR>[Address Reference Count : 1]<UL><LI> startup_stm32f407xx.o(RESET)
</UL>
<P><STRONG><a name="[d]"></a>TAMP_STAMP_IRQHandler</STRONG> (Thumb, 0 bytes, Stack size 0 bytes, startup_stm32f407xx.o(.text))
<BR>[Address Reference Count : 1]<UL><LI> startup_stm32f407xx.o(RESET)
</UL>
<P><STRONG><a name="[26]"></a>TIM1_CC_IRQHandler</STRONG> (Thumb, 0 bytes, Stack size 0 bytes, startup_stm32f407xx.o(.text))
<BR>[Address Reference Count : 1]<UL><LI> startup_stm32f407xx.o(RESET)
</UL>
<P><STRONG><a name="[25]"></a>TIM1_TRG_COM_TIM11_IRQHandler</STRONG> (Thumb, 0 bytes, Stack size 0 bytes, startup_stm32f407xx.o(.text))
<BR>[Address Reference Count : 1]<UL><LI> startup_stm32f407xx.o(RESET)
</UL>
<P><STRONG><a name="[24]"></a>TIM1_UP_TIM10_IRQHandler</STRONG> (Thumb, 0 bytes, Stack size 0 bytes, startup_stm32f407xx.o(.text))
<BR>[Address Reference Count : 1]<UL><LI> startup_stm32f407xx.o(RESET)
</UL>
<P><STRONG><a name="[29]"></a>TIM4_IRQHandler</STRONG> (Thumb, 0 bytes, Stack size 0 bytes, startup_stm32f407xx.o(.text))
<BR>[Address Reference Count : 1]<UL><LI> startup_stm32f407xx.o(RESET)
</UL>
<P><STRONG><a name="[37]"></a>TIM8_UP_TIM13_IRQHandler</STRONG> (Thumb, 0 bytes, Stack size 0 bytes, startup_stm32f407xx.o(.text))
<BR>[Address Reference Count : 1]<UL><LI> startup_stm32f407xx.o(RESET)
</UL>
<P><STRONG><a name="[31]"></a>USART2_IRQHandler</STRONG> (Thumb, 0 bytes, Stack size 0 bytes, startup_stm32f407xx.o(.text))
<BR>[Address Reference Count : 1]<UL><LI> startup_stm32f407xx.o(RESET)
</UL>
<P><STRONG><a name="[b]"></a>WWDG_IRQHandler</STRONG> (Thumb, 0 bytes, Stack size 0 bytes, startup_stm32f407xx.o(.text))
<BR>[Address Reference Count : 1]<UL><LI> startup_stm32f407xx.o(RESET)
</UL>
<P><STRONG><a name="[7f]"></a>__aeabi_uldivmod</STRONG> (Thumb, 98 bytes, Stack size 40 bytes, uldiv.o(.text), UNUSED)
<BR><BR>[Calls]<UL><LI><a href="#[80]">&gt;&gt;</a>&nbsp;&nbsp;&nbsp;__aeabi_llsr
<LI><a href="#[81]">&gt;&gt;</a>&nbsp;&nbsp;&nbsp;__aeabi_llsl
</UL>
<BR>[Called By]<UL><LI><a href="#[217]">&gt;&gt;</a>&nbsp;&nbsp;&nbsp;_printf_core
</UL>

<P><STRONG><a name="[223]"></a>__aeabi_memcpy</STRONG> (Thumb, 36 bytes, Stack size 0 bytes, memcpya.o(.text))
<BR><BR>[Called By]<UL><LI><a href="#[18b]">&gt;&gt;</a>&nbsp;&nbsp;&nbsp;__ring_buffer_get
<LI><a href="#[201]">&gt;&gt;</a>&nbsp;&nbsp;&nbsp;cmp_char
</UL>

<P><STRONG><a name="[131]"></a>__aeabi_memcpy4</STRONG> (Thumb, 0 bytes, Stack size 0 bytes, memcpya.o(.text))
<BR><BR>[Called By]<UL><LI><a href="#[12c]">&gt;&gt;</a>&nbsp;&nbsp;&nbsp;DATREC_EXC
<LI><a href="#[210]">&gt;&gt;</a>&nbsp;&nbsp;&nbsp;frame_invalid
<LI><a href="#[182]">&gt;&gt;</a>&nbsp;&nbsp;&nbsp;Param_Restart
<LI><a href="#[17a]">&gt;&gt;</a>&nbsp;&nbsp;&nbsp;Param_Del_FngrDat
<LI><a href="#[177]">&gt;&gt;</a>&nbsp;&nbsp;&nbsp;ParamSetWkMod
<LI><a href="#[186]">&gt;&gt;</a>&nbsp;&nbsp;&nbsp;ParamSetUPLmt
<LI><a href="#[16f]">&gt;&gt;</a>&nbsp;&nbsp;&nbsp;ParamSetSnsrTyp
<LI><a href="#[16c]">&gt;&gt;</a>&nbsp;&nbsp;&nbsp;ParamSetSnsrCfg
<LI><a href="#[150]">&gt;&gt;</a>&nbsp;&nbsp;&nbsp;ParamSetHrtIntvl
<LI><a href="#[171]">&gt;&gt;</a>&nbsp;&nbsp;&nbsp;ParamSetDevUpd
<LI><a href="#[15e]">&gt;&gt;</a>&nbsp;&nbsp;&nbsp;ParamSetDevRtc
<LI><a href="#[168]">&gt;&gt;</a>&nbsp;&nbsp;&nbsp;ParamSetDevRecIntvl
<LI><a href="#[164]">&gt;&gt;</a>&nbsp;&nbsp;&nbsp;ParamSetDevRTDReptIntvl
<LI><a href="#[15c]">&gt;&gt;</a>&nbsp;&nbsp;&nbsp;ParamSetDevPwd
<LI><a href="#[158]">&gt;&gt;</a>&nbsp;&nbsp;&nbsp;ParamSetDevLnkReconIntvl
<LI><a href="#[154]">&gt;&gt;</a>&nbsp;&nbsp;&nbsp;ParamSetDevIpPort
<LI><a href="#[14c]">&gt;&gt;</a>&nbsp;&nbsp;&nbsp;ParamSetDevAddr
<LI><a href="#[175]">&gt;&gt;</a>&nbsp;&nbsp;&nbsp;ParamQryWkMod
<LI><a href="#[184]">&gt;&gt;</a>&nbsp;&nbsp;&nbsp;ParamQryUPLmt
<LI><a href="#[16a]">&gt;&gt;</a>&nbsp;&nbsp;&nbsp;ParamQrySnsrTyp
<LI><a href="#[14e]">&gt;&gt;</a>&nbsp;&nbsp;&nbsp;ParamQryHrtIntvl
<LI><a href="#[149]">&gt;&gt;</a>&nbsp;&nbsp;&nbsp;ParamQryDevaddr
<LI><a href="#[173]">&gt;&gt;</a>&nbsp;&nbsp;&nbsp;ParamQryDevVerInfo
<LI><a href="#[160]">&gt;&gt;</a>&nbsp;&nbsp;&nbsp;ParamQryDevRtc
<LI><a href="#[166]">&gt;&gt;</a>&nbsp;&nbsp;&nbsp;ParamQryDevRecIntvl
<LI><a href="#[162]">&gt;&gt;</a>&nbsp;&nbsp;&nbsp;ParamQryDevRTDReptIntvl
<LI><a href="#[15a]">&gt;&gt;</a>&nbsp;&nbsp;&nbsp;ParamQryDevPwd
<LI><a href="#[156]">&gt;&gt;</a>&nbsp;&nbsp;&nbsp;ParamQryDevLnkReconIntvl
<LI><a href="#[152]">&gt;&gt;</a>&nbsp;&nbsp;&nbsp;ParamQryDevIpPort
</UL>

<P><STRONG><a name="[23f]"></a>__aeabi_memcpy8</STRONG> (Thumb, 0 bytes, Stack size 0 bytes, memcpya.o(.text), UNUSED)

<P><STRONG><a name="[83]"></a>__aeabi_memset</STRONG> (Thumb, 14 bytes, Stack size 0 bytes, memseta.o(.text))
<BR><BR>[Called By]<UL><LI><a href="#[12c]">&gt;&gt;</a>&nbsp;&nbsp;&nbsp;DATREC_EXC
<LI><a href="#[84]">&gt;&gt;</a>&nbsp;&nbsp;&nbsp;_memset$wrapper
<LI><a href="#[82]">&gt;&gt;</a>&nbsp;&nbsp;&nbsp;__aeabi_memclr
</UL>

<P><STRONG><a name="[240]"></a>__aeabi_memset4</STRONG> (Thumb, 0 bytes, Stack size 0 bytes, memseta.o(.text), UNUSED)

<P><STRONG><a name="[241]"></a>__aeabi_memset8</STRONG> (Thumb, 0 bytes, Stack size 0 bytes, memseta.o(.text), UNUSED)

<P><STRONG><a name="[82]"></a>__aeabi_memclr</STRONG> (Thumb, 4 bytes, Stack size 0 bytes, memseta.o(.text))
<BR><BR>[Calls]<UL><LI><a href="#[83]">&gt;&gt;</a>&nbsp;&nbsp;&nbsp;__aeabi_memset
</UL>
<BR>[Called By]<UL><LI><a href="#[a4]">&gt;&gt;</a>&nbsp;&nbsp;&nbsp;APP_UPSNR_Init
<LI><a href="#[1fc]">&gt;&gt;</a>&nbsp;&nbsp;&nbsp;TIP_init
<LI><a href="#[1f8]">&gt;&gt;</a>&nbsp;&nbsp;&nbsp;SIM7600CE_SENDAT_CIPSEND
<LI><a href="#[1ea]">&gt;&gt;</a>&nbsp;&nbsp;&nbsp;MG2639D_SENDAT_CIPSEND
</UL>

<P><STRONG><a name="[20c]"></a>__aeabi_memclr4</STRONG> (Thumb, 0 bytes, Stack size 0 bytes, memseta.o(.text))
<BR><BR>[Called By]<UL><LI><a href="#[18f]">&gt;&gt;</a>&nbsp;&nbsp;&nbsp;PacksBCD
<LI><a href="#[208]">&gt;&gt;</a>&nbsp;&nbsp;&nbsp;PackBCD
<LI><a href="#[17a]">&gt;&gt;</a>&nbsp;&nbsp;&nbsp;Param_Del_FngrDat
<LI><a href="#[22e]">&gt;&gt;</a>&nbsp;&nbsp;&nbsp;get_beta
</UL>

<P><STRONG><a name="[242]"></a>__aeabi_memclr8</STRONG> (Thumb, 0 bytes, Stack size 0 bytes, memseta.o(.text), UNUSED)

<P><STRONG><a name="[84]"></a>_memset$wrapper</STRONG> (Thumb, 18 bytes, Stack size 8 bytes, memseta.o(.text), UNUSED)
<BR><BR>[Calls]<UL><LI><a href="#[83]">&gt;&gt;</a>&nbsp;&nbsp;&nbsp;__aeabi_memset
</UL>

<P><STRONG><a name="[db]"></a>strlen</STRONG> (Thumb, 14 bytes, Stack size 0 bytes, strlen.o(.text))
<BR><BR>[Called By]<UL><LI><a href="#[15a]">&gt;&gt;</a>&nbsp;&nbsp;&nbsp;ParamQryDevPwd
<LI><a href="#[201]">&gt;&gt;</a>&nbsp;&nbsp;&nbsp;cmp_char
<LI><a href="#[5f]">&gt;&gt;</a>&nbsp;&nbsp;&nbsp;NETWORK_SENDU_ASCII
<LI><a href="#[da]">&gt;&gt;</a>&nbsp;&nbsp;&nbsp;APP_led_txt
</UL>

<P><STRONG><a name="[e4]"></a>strcmp</STRONG> (Thumb, 28 bytes, Stack size 8 bytes, strcmp.o(.text))
<BR><BR>[Stack]<UL><LI>Max Depth = 8<LI>Call Chain = strcmp
</UL>
<BR>[Called By]<UL><LI><a href="#[e5]">&gt;&gt;</a>&nbsp;&nbsp;&nbsp;APP_mmi_ctrmenuadmin
<LI><a href="#[e3]">&gt;&gt;</a>&nbsp;&nbsp;&nbsp;APP_mmi_ctrmain
</UL>

<P><STRONG><a name="[b3]"></a>strcpy</STRONG> (Thumb, 18 bytes, Stack size 0 bytes, strcpy.o(.text))
<BR><BR>[Called By]<UL><LI><a href="#[113]">&gt;&gt;</a>&nbsp;&nbsp;&nbsp;APP_sensor_alarm_ini
<LI><a href="#[b2]">&gt;&gt;</a>&nbsp;&nbsp;&nbsp;APP_devinfo_default
</UL>

<P><STRONG><a name="[85]"></a>__aeabi_dadd</STRONG> (Thumb, 322 bytes, Stack size 48 bytes, dadd.o(.text))
<BR><BR>[Stack]<UL><LI>Max Depth = 88<LI>Call Chain = __aeabi_dadd &rArr; _double_epilogue &rArr; _double_round
</UL>
<BR>[Calls]<UL><LI><a href="#[86]">&gt;&gt;</a>&nbsp;&nbsp;&nbsp;__aeabi_lasr
<LI><a href="#[81]">&gt;&gt;</a>&nbsp;&nbsp;&nbsp;__aeabi_llsl
<LI><a href="#[88]">&gt;&gt;</a>&nbsp;&nbsp;&nbsp;_double_round
<LI><a href="#[87]">&gt;&gt;</a>&nbsp;&nbsp;&nbsp;_double_epilogue
</UL>
<BR>[Called By]<UL><LI><a href="#[220]">&gt;&gt;</a>&nbsp;&nbsp;&nbsp;__kernel_poly
<LI><a href="#[218]">&gt;&gt;</a>&nbsp;&nbsp;&nbsp;__mathlib_dbl_infnan2
<LI><a href="#[211]">&gt;&gt;</a>&nbsp;&nbsp;&nbsp;UnPacksBCD
<LI><a href="#[20d]">&gt;&gt;</a>&nbsp;&nbsp;&nbsp;UnPackBCD
<LI><a href="#[a8]">&gt;&gt;</a>&nbsp;&nbsp;&nbsp;APP_UPSNR_TASK
<LI><a href="#[89]">&gt;&gt;</a>&nbsp;&nbsp;&nbsp;__aeabi_dsub
<LI><a href="#[8a]">&gt;&gt;</a>&nbsp;&nbsp;&nbsp;__aeabi_drsub
<LI><a href="#[22d]">&gt;&gt;</a>&nbsp;&nbsp;&nbsp;get_alpha
<LI><a href="#[209]">&gt;&gt;</a>&nbsp;&nbsp;&nbsp;__hardfp_pow
</UL>

<P><STRONG><a name="[89]"></a>__aeabi_dsub</STRONG> (Thumb, 6 bytes, Stack size 0 bytes, dadd.o(.text))
<BR><BR>[Stack]<UL><LI>Max Depth = 88<LI>Call Chain = __aeabi_dsub &rArr; __aeabi_dadd &rArr; _double_epilogue &rArr; _double_round
</UL>
<BR>[Calls]<UL><LI><a href="#[85]">&gt;&gt;</a>&nbsp;&nbsp;&nbsp;__aeabi_dadd
</UL>
<BR>[Called By]<UL><LI><a href="#[203]">&gt;&gt;</a>&nbsp;&nbsp;&nbsp;TIP_frame_get
<LI><a href="#[17c]">&gt;&gt;</a>&nbsp;&nbsp;&nbsp;ParamSetFngrDat
<LI><a href="#[209]">&gt;&gt;</a>&nbsp;&nbsp;&nbsp;__hardfp_pow
</UL>

<P><STRONG><a name="[8a]"></a>__aeabi_drsub</STRONG> (Thumb, 6 bytes, Stack size 0 bytes, dadd.o(.text))
<BR><BR>[Stack]<UL><LI>Max Depth = 88<LI>Call Chain = __aeabi_drsub &rArr; __aeabi_dadd &rArr; _double_epilogue &rArr; _double_round
</UL>
<BR>[Calls]<UL><LI><a href="#[85]">&gt;&gt;</a>&nbsp;&nbsp;&nbsp;__aeabi_dadd
</UL>
<BR>[Called By]<UL><LI><a href="#[232]">&gt;&gt;</a>&nbsp;&nbsp;&nbsp;guass_elimination
<LI><a href="#[22e]">&gt;&gt;</a>&nbsp;&nbsp;&nbsp;get_beta
<LI><a href="#[209]">&gt;&gt;</a>&nbsp;&nbsp;&nbsp;__hardfp_pow
</UL>

<P><STRONG><a name="[8b]"></a>__aeabi_dmul</STRONG> (Thumb, 228 bytes, Stack size 48 bytes, dmul.o(.text))
<BR><BR>[Stack]<UL><LI>Max Depth = 88<LI>Call Chain = __aeabi_dmul &rArr; _double_epilogue &rArr; _double_round
</UL>
<BR>[Calls]<UL><LI><a href="#[87]">&gt;&gt;</a>&nbsp;&nbsp;&nbsp;_double_epilogue
</UL>
<BR>[Called By]<UL><LI><a href="#[220]">&gt;&gt;</a>&nbsp;&nbsp;&nbsp;__kernel_poly
<LI><a href="#[21f]">&gt;&gt;</a>&nbsp;&nbsp;&nbsp;__mathlib_dbl_underflow
<LI><a href="#[21b]">&gt;&gt;</a>&nbsp;&nbsp;&nbsp;__mathlib_dbl_overflow
<LI><a href="#[211]">&gt;&gt;</a>&nbsp;&nbsp;&nbsp;UnPacksBCD
<LI><a href="#[20d]">&gt;&gt;</a>&nbsp;&nbsp;&nbsp;UnPackBCD
<LI><a href="#[18f]">&gt;&gt;</a>&nbsp;&nbsp;&nbsp;PacksBCD
<LI><a href="#[208]">&gt;&gt;</a>&nbsp;&nbsp;&nbsp;PackBCD
<LI><a href="#[a8]">&gt;&gt;</a>&nbsp;&nbsp;&nbsp;APP_UPSNR_TASK
<LI><a href="#[232]">&gt;&gt;</a>&nbsp;&nbsp;&nbsp;guass_elimination
<LI><a href="#[22e]">&gt;&gt;</a>&nbsp;&nbsp;&nbsp;get_beta
<LI><a href="#[22d]">&gt;&gt;</a>&nbsp;&nbsp;&nbsp;get_alpha
<LI><a href="#[209]">&gt;&gt;</a>&nbsp;&nbsp;&nbsp;__hardfp_pow
</UL>

<P><STRONG><a name="[8c]"></a>__aeabi_ddiv</STRONG> (Thumb, 222 bytes, Stack size 32 bytes, ddiv.o(.text))
<BR><BR>[Stack]<UL><LI>Max Depth = 40<LI>Call Chain = __aeabi_ddiv &rArr; _double_round
</UL>
<BR>[Calls]<UL><LI><a href="#[88]">&gt;&gt;</a>&nbsp;&nbsp;&nbsp;_double_round
</UL>
<BR>[Called By]<UL><LI><a href="#[21e]">&gt;&gt;</a>&nbsp;&nbsp;&nbsp;__mathlib_dbl_invalid
<LI><a href="#[21a]">&gt;&gt;</a>&nbsp;&nbsp;&nbsp;__mathlib_dbl_divzero
<LI><a href="#[211]">&gt;&gt;</a>&nbsp;&nbsp;&nbsp;UnPacksBCD
<LI><a href="#[20d]">&gt;&gt;</a>&nbsp;&nbsp;&nbsp;UnPackBCD
<LI><a href="#[18f]">&gt;&gt;</a>&nbsp;&nbsp;&nbsp;PacksBCD
<LI><a href="#[208]">&gt;&gt;</a>&nbsp;&nbsp;&nbsp;PackBCD
<LI><a href="#[232]">&gt;&gt;</a>&nbsp;&nbsp;&nbsp;guass_elimination
<LI><a href="#[22e]">&gt;&gt;</a>&nbsp;&nbsp;&nbsp;get_beta
<LI><a href="#[22d]">&gt;&gt;</a>&nbsp;&nbsp;&nbsp;get_alpha
<LI><a href="#[209]">&gt;&gt;</a>&nbsp;&nbsp;&nbsp;__hardfp_pow
</UL>

<P><STRONG><a name="[8d]"></a>__aeabi_i2d</STRONG> (Thumb, 34 bytes, Stack size 16 bytes, dflti.o(.text))
<BR><BR>[Stack]<UL><LI>Max Depth = 56<LI>Call Chain = __aeabi_i2d &rArr; _double_epilogue &rArr; _double_round
</UL>
<BR>[Calls]<UL><LI><a href="#[87]">&gt;&gt;</a>&nbsp;&nbsp;&nbsp;_double_epilogue
</UL>
<BR>[Called By]<UL><LI><a href="#[211]">&gt;&gt;</a>&nbsp;&nbsp;&nbsp;UnPacksBCD
<LI><a href="#[20d]">&gt;&gt;</a>&nbsp;&nbsp;&nbsp;UnPackBCD
<LI><a href="#[18f]">&gt;&gt;</a>&nbsp;&nbsp;&nbsp;PacksBCD
<LI><a href="#[208]">&gt;&gt;</a>&nbsp;&nbsp;&nbsp;PackBCD
<LI><a href="#[22f]">&gt;&gt;</a>&nbsp;&nbsp;&nbsp;get_coefficient
<LI><a href="#[22d]">&gt;&gt;</a>&nbsp;&nbsp;&nbsp;get_alpha
<LI><a href="#[209]">&gt;&gt;</a>&nbsp;&nbsp;&nbsp;__hardfp_pow
</UL>

<P><STRONG><a name="[8e]"></a>__aeabi_ui2d</STRONG> (Thumb, 26 bytes, Stack size 16 bytes, dfltui.o(.text))
<BR><BR>[Stack]<UL><LI>Max Depth = 56<LI>Call Chain = __aeabi_ui2d &rArr; _double_epilogue &rArr; _double_round
</UL>
<BR>[Calls]<UL><LI><a href="#[87]">&gt;&gt;</a>&nbsp;&nbsp;&nbsp;_double_epilogue
</UL>
<BR>[Called By]<UL><LI><a href="#[211]">&gt;&gt;</a>&nbsp;&nbsp;&nbsp;UnPacksBCD
<LI><a href="#[20d]">&gt;&gt;</a>&nbsp;&nbsp;&nbsp;UnPackBCD
<LI><a href="#[a8]">&gt;&gt;</a>&nbsp;&nbsp;&nbsp;APP_UPSNR_TASK
<LI><a href="#[203]">&gt;&gt;</a>&nbsp;&nbsp;&nbsp;TIP_frame_get
<LI><a href="#[17c]">&gt;&gt;</a>&nbsp;&nbsp;&nbsp;ParamSetFngrDat
<LI><a href="#[230]">&gt;&gt;</a>&nbsp;&nbsp;&nbsp;get_vector
<LI><a href="#[22d]">&gt;&gt;</a>&nbsp;&nbsp;&nbsp;get_alpha
</UL>

<P><STRONG><a name="[8f]"></a>__aeabi_d2iz</STRONG> (Thumb, 62 bytes, Stack size 16 bytes, dfixi.o(.text))
<BR><BR>[Stack]<UL><LI>Max Depth = 16<LI>Call Chain = __aeabi_d2iz
</UL>
<BR>[Calls]<UL><LI><a href="#[80]">&gt;&gt;</a>&nbsp;&nbsp;&nbsp;__aeabi_llsr
</UL>
<BR>[Called By]<UL><LI><a href="#[18f]">&gt;&gt;</a>&nbsp;&nbsp;&nbsp;PacksBCD
<LI><a href="#[208]">&gt;&gt;</a>&nbsp;&nbsp;&nbsp;PackBCD
</UL>

<P><STRONG><a name="[90]"></a>__aeabi_d2uiz</STRONG> (Thumb, 50 bytes, Stack size 8 bytes, dfixui.o(.text))
<BR><BR>[Stack]<UL><LI>Max Depth = 8<LI>Call Chain = __aeabi_d2uiz
</UL>
<BR>[Calls]<UL><LI><a href="#[80]">&gt;&gt;</a>&nbsp;&nbsp;&nbsp;__aeabi_llsr
</UL>
<BR>[Called By]<UL><LI><a href="#[a8]">&gt;&gt;</a>&nbsp;&nbsp;&nbsp;APP_UPSNR_TASK
<LI><a href="#[203]">&gt;&gt;</a>&nbsp;&nbsp;&nbsp;TIP_frame_get
<LI><a href="#[17c]">&gt;&gt;</a>&nbsp;&nbsp;&nbsp;ParamSetFngrDat
</UL>

<P><STRONG><a name="[20a]"></a>__aeabi_f2d</STRONG> (Thumb, 38 bytes, Stack size 0 bytes, f2d.o(.text))
<BR><BR>[Called By]<UL><LI><a href="#[211]">&gt;&gt;</a>&nbsp;&nbsp;&nbsp;UnPacksBCD
<LI><a href="#[20d]">&gt;&gt;</a>&nbsp;&nbsp;&nbsp;UnPackBCD
<LI><a href="#[18f]">&gt;&gt;</a>&nbsp;&nbsp;&nbsp;PacksBCD
<LI><a href="#[208]">&gt;&gt;</a>&nbsp;&nbsp;&nbsp;PackBCD
</UL>

<P><STRONG><a name="[243]"></a>__aeabi_cdcmpeq</STRONG> (Thumb, 0 bytes, Stack size 0 bytes, cdcmple.o(.text), UNUSED)

<P><STRONG><a name="[22c]"></a>__aeabi_cdcmple</STRONG> (Thumb, 48 bytes, Stack size 0 bytes, cdcmple.o(.text))
<BR><BR>[Called By]<UL><LI><a href="#[232]">&gt;&gt;</a>&nbsp;&nbsp;&nbsp;guass_elimination
<LI><a href="#[22a]">&gt;&gt;</a>&nbsp;&nbsp;&nbsp;exchange_row
</UL>

<P><STRONG><a name="[20b]"></a>__aeabi_cdrcmple</STRONG> (Thumb, 48 bytes, Stack size 0 bytes, cdrcmple.o(.text))
<BR><BR>[Called By]<UL><LI><a href="#[18f]">&gt;&gt;</a>&nbsp;&nbsp;&nbsp;PacksBCD
<LI><a href="#[208]">&gt;&gt;</a>&nbsp;&nbsp;&nbsp;PackBCD
<LI><a href="#[232]">&gt;&gt;</a>&nbsp;&nbsp;&nbsp;guass_elimination
<LI><a href="#[209]">&gt;&gt;</a>&nbsp;&nbsp;&nbsp;__hardfp_pow
</UL>

<P><STRONG><a name="[91]"></a>__aeabi_d2f</STRONG> (Thumb, 56 bytes, Stack size 8 bytes, d2f.o(.text))
<BR><BR>[Stack]<UL><LI>Max Depth = 8<LI>Call Chain = __aeabi_d2f
</UL>
<BR>[Calls]<UL><LI><a href="#[92]">&gt;&gt;</a>&nbsp;&nbsp;&nbsp;_float_round
</UL>
<BR>[Called By]<UL><LI><a href="#[211]">&gt;&gt;</a>&nbsp;&nbsp;&nbsp;UnPacksBCD
<LI><a href="#[20d]">&gt;&gt;</a>&nbsp;&nbsp;&nbsp;UnPackBCD
</UL>

<P><STRONG><a name="[81]"></a>__aeabi_llsl</STRONG> (Thumb, 30 bytes, Stack size 0 bytes, llshl.o(.text))
<BR><BR>[Called By]<UL><LI><a href="#[87]">&gt;&gt;</a>&nbsp;&nbsp;&nbsp;_double_epilogue
<LI><a href="#[85]">&gt;&gt;</a>&nbsp;&nbsp;&nbsp;__aeabi_dadd
<LI><a href="#[7f]">&gt;&gt;</a>&nbsp;&nbsp;&nbsp;__aeabi_uldivmod
</UL>

<P><STRONG><a name="[244]"></a>_ll_shift_l</STRONG> (Thumb, 0 bytes, Stack size 0 bytes, llshl.o(.text), UNUSED)

<P><STRONG><a name="[80]"></a>__aeabi_llsr</STRONG> (Thumb, 32 bytes, Stack size 0 bytes, llushr.o(.text))
<BR><BR>[Called By]<UL><LI><a href="#[94]">&gt;&gt;</a>&nbsp;&nbsp;&nbsp;_dsqrt
<LI><a href="#[87]">&gt;&gt;</a>&nbsp;&nbsp;&nbsp;_double_epilogue
<LI><a href="#[8f]">&gt;&gt;</a>&nbsp;&nbsp;&nbsp;__aeabi_d2iz
<LI><a href="#[90]">&gt;&gt;</a>&nbsp;&nbsp;&nbsp;__aeabi_d2uiz
<LI><a href="#[7f]">&gt;&gt;</a>&nbsp;&nbsp;&nbsp;__aeabi_uldivmod
</UL>

<P><STRONG><a name="[245]"></a>_ll_ushift_r</STRONG> (Thumb, 0 bytes, Stack size 0 bytes, llushr.o(.text), UNUSED)

<P><STRONG><a name="[86]"></a>__aeabi_lasr</STRONG> (Thumb, 36 bytes, Stack size 0 bytes, llsshr.o(.text))
<BR><BR>[Called By]<UL><LI><a href="#[85]">&gt;&gt;</a>&nbsp;&nbsp;&nbsp;__aeabi_dadd
</UL>

<P><STRONG><a name="[246]"></a>_ll_sshift_r</STRONG> (Thumb, 0 bytes, Stack size 0 bytes, llsshr.o(.text), UNUSED)

<P><STRONG><a name="[247]"></a>__I$use$fp</STRONG> (Thumb, 0 bytes, Stack size 0 bytes, iusefp.o(.text), UNUSED)

<P><STRONG><a name="[92]"></a>_float_round</STRONG> (Thumb, 18 bytes, Stack size 0 bytes, fepilogue.o(.text))
<BR><BR>[Called By]<UL><LI><a href="#[91]">&gt;&gt;</a>&nbsp;&nbsp;&nbsp;__aeabi_d2f
</UL>

<P><STRONG><a name="[248]"></a>_float_epilogue</STRONG> (Thumb, 92 bytes, Stack size 4 bytes, fepilogue.o(.text), UNUSED)

<P><STRONG><a name="[88]"></a>_double_round</STRONG> (Thumb, 30 bytes, Stack size 8 bytes, depilogue.o(.text))
<BR><BR>[Stack]<UL><LI>Max Depth = 8<LI>Call Chain = _double_round
</UL>
<BR>[Called By]<UL><LI><a href="#[94]">&gt;&gt;</a>&nbsp;&nbsp;&nbsp;_dsqrt
<LI><a href="#[87]">&gt;&gt;</a>&nbsp;&nbsp;&nbsp;_double_epilogue
<LI><a href="#[8c]">&gt;&gt;</a>&nbsp;&nbsp;&nbsp;__aeabi_ddiv
<LI><a href="#[85]">&gt;&gt;</a>&nbsp;&nbsp;&nbsp;__aeabi_dadd
</UL>

<P><STRONG><a name="[87]"></a>_double_epilogue</STRONG> (Thumb, 156 bytes, Stack size 32 bytes, depilogue.o(.text))
<BR><BR>[Stack]<UL><LI>Max Depth = 40<LI>Call Chain = _double_epilogue &rArr; _double_round
</UL>
<BR>[Calls]<UL><LI><a href="#[80]">&gt;&gt;</a>&nbsp;&nbsp;&nbsp;__aeabi_llsr
<LI><a href="#[81]">&gt;&gt;</a>&nbsp;&nbsp;&nbsp;__aeabi_llsl
<LI><a href="#[88]">&gt;&gt;</a>&nbsp;&nbsp;&nbsp;_double_round
</UL>
<BR>[Called By]<UL><LI><a href="#[8e]">&gt;&gt;</a>&nbsp;&nbsp;&nbsp;__aeabi_ui2d
<LI><a href="#[8d]">&gt;&gt;</a>&nbsp;&nbsp;&nbsp;__aeabi_i2d
<LI><a href="#[8b]">&gt;&gt;</a>&nbsp;&nbsp;&nbsp;__aeabi_dmul
<LI><a href="#[85]">&gt;&gt;</a>&nbsp;&nbsp;&nbsp;__aeabi_dadd
</UL>

<P><STRONG><a name="[221]"></a>__ARM_scalbn</STRONG> (Thumb, 46 bytes, Stack size 16 bytes, dscalb.o(.text))
<BR><BR>[Stack]<UL><LI>Max Depth = 16<LI>Call Chain = __ARM_scalbn
</UL>
<BR>[Called By]<UL><LI><a href="#[209]">&gt;&gt;</a>&nbsp;&nbsp;&nbsp;__hardfp_pow
</UL>

<P><STRONG><a name="[249]"></a>scalbn</STRONG> (Thumb, 0 bytes, Stack size 16 bytes, dscalb.o(.text), UNUSED)

<P><STRONG><a name="[7e]"></a>__scatterload</STRONG> (Thumb, 28 bytes, Stack size 0 bytes, init.o(.text))
<BR><BR>[Calls]<UL><LI><a href="#[93]">&gt;&gt;</a>&nbsp;&nbsp;&nbsp;__main_after_scatterload
</UL>
<BR>[Called By]<UL><LI><a href="#[7d]">&gt;&gt;</a>&nbsp;&nbsp;&nbsp;_main_scatterload
</UL>

<P><STRONG><a name="[24a]"></a>__scatterload_rt2</STRONG> (Thumb, 0 bytes, Stack size 0 bytes, init.o(.text), UNUSED)

<P><STRONG><a name="[94]"></a>_dsqrt</STRONG> (Thumb, 162 bytes, Stack size 32 bytes, dsqrt.o(.text))
<BR><BR>[Stack]<UL><LI>Max Depth = 40<LI>Call Chain = _dsqrt &rArr; _double_round
</UL>
<BR>[Calls]<UL><LI><a href="#[80]">&gt;&gt;</a>&nbsp;&nbsp;&nbsp;__aeabi_llsr
<LI><a href="#[88]">&gt;&gt;</a>&nbsp;&nbsp;&nbsp;_double_round
</UL>
<BR>[Called By]<UL><LI><a href="#[21c]">&gt;&gt;</a>&nbsp;&nbsp;&nbsp;sqrt
</UL>

<P><STRONG><a name="[24b]"></a>__decompress</STRONG> (Thumb, 0 bytes, Stack size unknown bytes, __dczerorl2.o(.text), UNUSED)

<P><STRONG><a name="[24c]"></a>__decompress1</STRONG> (Thumb, 86 bytes, Stack size unknown bytes, __dczerorl2.o(.text), UNUSED)

<P><STRONG><a name="[95]"></a>APP_ADC1_convert</STRONG> (Thumb, 524 bytes, Stack size 64 bytes, main.o(i.APP_ADC1_convert))
<BR><BR>[Stack]<UL><LI>Max Depth = 80<LI>Call Chain = APP_ADC1_convert &rArr; HAL_ADC_PollForConversion
</UL>
<BR>[Calls]<UL><LI><a href="#[97]">&gt;&gt;</a>&nbsp;&nbsp;&nbsp;HAL_ADC_Start
<LI><a href="#[98]">&gt;&gt;</a>&nbsp;&nbsp;&nbsp;HAL_ADC_PollForConversion
<LI><a href="#[99]">&gt;&gt;</a>&nbsp;&nbsp;&nbsp;HAL_ADC_GetValue
<LI><a href="#[96]">&gt;&gt;</a>&nbsp;&nbsp;&nbsp;HAL_ADC_ConfigChannel
</UL>
<BR>[Called By]<UL><LI><a href="#[5c]">&gt;&gt;</a>&nbsp;&nbsp;&nbsp;main
</UL>

<P><STRONG><a name="[9a]"></a>APP_ADC1_ini</STRONG> (Thumb, 60 bytes, Stack size 24 bytes, main.o(i.APP_ADC1_ini))
<BR><BR>[Stack]<UL><LI>Max Depth = 108<LI>Call Chain = APP_ADC1_ini &rArr; HAL_ADC_Init &rArr; HAL_ADC_MspInit &rArr; HAL_GPIO_Init
</UL>
<BR>[Calls]<UL><LI><a href="#[9b]">&gt;&gt;</a>&nbsp;&nbsp;&nbsp;HAL_ADC_Init
<LI><a href="#[96]">&gt;&gt;</a>&nbsp;&nbsp;&nbsp;HAL_ADC_ConfigChannel
</UL>
<BR>[Called By]<UL><LI><a href="#[5c]">&gt;&gt;</a>&nbsp;&nbsp;&nbsp;main
</UL>

<P><STRONG><a name="[9c]"></a>APP_KEY_TASK</STRONG> (Thumb, 46 bytes, Stack size 4 bytes, app_key.o(i.APP_KEY_TASK))
<BR><BR>[Stack]<UL><LI>Max Depth = 4<LI>Call Chain = APP_KEY_TASK
</UL>
<BR>[Calls]<UL><LI><a href="#[9d]">&gt;&gt;</a>&nbsp;&nbsp;&nbsp;bsp_GetKey
</UL>
<BR>[Called By]<UL><LI><a href="#[5c]">&gt;&gt;</a>&nbsp;&nbsp;&nbsp;main
</UL>

<P><STRONG><a name="[9e]"></a>APP_NAND_MDF</STRONG> (Thumb, 54 bytes, Stack size 16 bytes, app_datrec.o(i.APP_NAND_MDF))
<BR><BR>[Stack]<UL><LI>Max Depth = 48<LI>Call Chain = APP_NAND_MDF &rArr; NAND_IsBadBlock &rArr; FSMC_NAND_ReadSpare &rArr; FSMC_NAND_ReadPage
</UL>
<BR>[Calls]<UL><LI><a href="#[9f]">&gt;&gt;</a>&nbsp;&nbsp;&nbsp;NAND_IsBadBlock
<LI><a href="#[a0]">&gt;&gt;</a>&nbsp;&nbsp;&nbsp;FSMC_NAND_WriteSpare
</UL>
<BR>[Called By]<UL><LI><a href="#[5c]">&gt;&gt;</a>&nbsp;&nbsp;&nbsp;main
</UL>

<P><STRONG><a name="[a1]"></a>APP_UPSNR_CLOSEALARM</STRONG> (Thumb, 38 bytes, Stack size 16 bytes, app_upsnr.o(i.APP_UPSNR_CLOSEALARM))
<BR><BR>[Stack]<UL><LI>Max Depth = 80<LI>Call Chain = APP_UPSNR_CLOSEALARM &rArr; HAL_UART_Transmit &rArr; UART_WaitOnFlagUntilTimeout
</UL>
<BR>[Calls]<UL><LI><a href="#[a2]">&gt;&gt;</a>&nbsp;&nbsp;&nbsp;GetCRC7ByLeftByTable
<LI><a href="#[a3]">&gt;&gt;</a>&nbsp;&nbsp;&nbsp;HAL_UART_Transmit
</UL>
<BR>[Called By]<UL><LI><a href="#[114]">&gt;&gt;</a>&nbsp;&nbsp;&nbsp;APP_sensor_findalarm
<LI><a href="#[5c]">&gt;&gt;</a>&nbsp;&nbsp;&nbsp;main
</UL>

<P><STRONG><a name="[a4]"></a>APP_UPSNR_Init</STRONG> (Thumb, 62 bytes, Stack size 16 bytes, app_upsnr.o(i.APP_UPSNR_Init))
<BR><BR>[Stack]<UL><LI>Max Depth = 116<LI>Call Chain = APP_UPSNR_Init &rArr; APP_USARTUP_Init &rArr; HAL_UART_Init &rArr; HAL_UART_MspInit &rArr; HAL_GPIO_Init
</UL>
<BR>[Calls]<UL><LI><a href="#[a6]">&gt;&gt;</a>&nbsp;&nbsp;&nbsp;HAL_UART_Receive_IT
<LI><a href="#[a5]">&gt;&gt;</a>&nbsp;&nbsp;&nbsp;APP_USARTUP_Init
<LI><a href="#[82]">&gt;&gt;</a>&nbsp;&nbsp;&nbsp;__aeabi_memclr
</UL>
<BR>[Called By]<UL><LI><a href="#[5c]">&gt;&gt;</a>&nbsp;&nbsp;&nbsp;main
</UL>

<P><STRONG><a name="[a7]"></a>APP_UPSNR_OPENALARM</STRONG> (Thumb, 38 bytes, Stack size 16 bytes, app_upsnr.o(i.APP_UPSNR_OPENALARM))
<BR><BR>[Stack]<UL><LI>Max Depth = 80<LI>Call Chain = APP_UPSNR_OPENALARM &rArr; HAL_UART_Transmit &rArr; UART_WaitOnFlagUntilTimeout
</UL>
<BR>[Calls]<UL><LI><a href="#[a2]">&gt;&gt;</a>&nbsp;&nbsp;&nbsp;GetCRC7ByLeftByTable
<LI><a href="#[a3]">&gt;&gt;</a>&nbsp;&nbsp;&nbsp;HAL_UART_Transmit
</UL>
<BR>[Called By]<UL><LI><a href="#[114]">&gt;&gt;</a>&nbsp;&nbsp;&nbsp;APP_sensor_findalarm
<LI><a href="#[5c]">&gt;&gt;</a>&nbsp;&nbsp;&nbsp;main
</UL>

<P><STRONG><a name="[a8]"></a>APP_UPSNR_TASK</STRONG> (Thumb, 478 bytes, Stack size 72 bytes, app_upsnr.o(i.APP_UPSNR_TASK))
<BR><BR>[Stack]<UL><LI>Max Depth = 160<LI>Call Chain = APP_UPSNR_TASK &rArr; __aeabi_dmul &rArr; _double_epilogue &rArr; _double_round
</UL>
<BR>[Calls]<UL><LI><a href="#[a2]">&gt;&gt;</a>&nbsp;&nbsp;&nbsp;GetCRC7ByLeftByTable
<LI><a href="#[8e]">&gt;&gt;</a>&nbsp;&nbsp;&nbsp;__aeabi_ui2d
<LI><a href="#[8b]">&gt;&gt;</a>&nbsp;&nbsp;&nbsp;__aeabi_dmul
<LI><a href="#[85]">&gt;&gt;</a>&nbsp;&nbsp;&nbsp;__aeabi_dadd
<LI><a href="#[a9]">&gt;&gt;</a>&nbsp;&nbsp;&nbsp;HAL_GetTick
<LI><a href="#[90]">&gt;&gt;</a>&nbsp;&nbsp;&nbsp;__aeabi_d2uiz
</UL>
<BR>[Called By]<UL><LI><a href="#[5c]">&gt;&gt;</a>&nbsp;&nbsp;&nbsp;main
</UL>

<P><STRONG><a name="[a5]"></a>APP_USARTUP_Init</STRONG> (Thumb, 32 bytes, Stack size 0 bytes, app_upsnr.o(i.APP_USARTUP_Init))
<BR><BR>[Stack]<UL><LI>Max Depth = 100<LI>Call Chain = APP_USARTUP_Init &rArr; HAL_UART_Init &rArr; HAL_UART_MspInit &rArr; HAL_GPIO_Init
</UL>
<BR>[Calls]<UL><LI><a href="#[aa]">&gt;&gt;</a>&nbsp;&nbsp;&nbsp;HAL_UART_Init
</UL>
<BR>[Called By]<UL><LI><a href="#[a4]">&gt;&gt;</a>&nbsp;&nbsp;&nbsp;APP_UPSNR_Init
</UL>

<P><STRONG><a name="[ab]"></a>APP_audio_ini</STRONG> (Thumb, 26 bytes, Stack size 8 bytes, app_audio.o(i.APP_audio_ini))
<BR><BR>[Stack]<UL><LI>Max Depth = 8<LI>Call Chain = APP_audio_ini
</UL>
<BR>[Calls]<UL><LI><a href="#[ac]">&gt;&gt;</a>&nbsp;&nbsp;&nbsp;HAL_GPIO_WritePin
</UL>
<BR>[Called By]<UL><LI><a href="#[5c]">&gt;&gt;</a>&nbsp;&nbsp;&nbsp;main
</UL>

<P><STRONG><a name="[196]"></a>APP_audio_stop</STRONG> (Thumb, 44 bytes, Stack size 0 bytes, app_audio.o(i.APP_audio_stop))
<BR><BR>[Called By]<UL><LI><a href="#[195]">&gt;&gt;</a>&nbsp;&nbsp;&nbsp;HAL_I2S_ErrorCallback
</UL>

<P><STRONG><a name="[af]"></a>APP_calitbl_default</STRONG> (Thumb, 398 bytes, Stack size 20 bytes, main.o(i.APP_calitbl_default))
<BR><BR>[Stack]<UL><LI>Max Depth = 20<LI>Call Chain = APP_calitbl_default
</UL>
<BR>[Called By]<UL><LI><a href="#[e5]">&gt;&gt;</a>&nbsp;&nbsp;&nbsp;APP_mmi_ctrmenuadmin
<LI><a href="#[ad]">&gt;&gt;</a>&nbsp;&nbsp;&nbsp;APP_calitbl_ini
</UL>

<P><STRONG><a name="[ad]"></a>APP_calitbl_ini</STRONG> (Thumb, 64 bytes, Stack size 16 bytes, main.o(i.APP_calitbl_ini))
<BR><BR>[Stack]<UL><LI>Max Depth = 152<LI>Call Chain = APP_calitbl_ini &rArr; APP_fram_readdata &rArr; HAL_SPI_Receive &rArr; HAL_SPI_TransmitReceive &rArr; SPI_WaitOnFlagUntilTimeout
</UL>
<BR>[Calls]<UL><LI><a href="#[b0]">&gt;&gt;</a>&nbsp;&nbsp;&nbsp;APP_fram_writedata
<LI><a href="#[ae]">&gt;&gt;</a>&nbsp;&nbsp;&nbsp;APP_fram_readdata
<LI><a href="#[af]">&gt;&gt;</a>&nbsp;&nbsp;&nbsp;APP_calitbl_default
</UL>
<BR>[Called By]<UL><LI><a href="#[5c]">&gt;&gt;</a>&nbsp;&nbsp;&nbsp;main
</UL>

<P><STRONG><a name="[b1]"></a>APP_calitbl_manage</STRONG> (Thumb, 52 bytes, Stack size 0 bytes, main.o(i.APP_calitbl_manage))
<BR><BR>[Stack]<UL><LI>Max Depth = 136<LI>Call Chain = APP_calitbl_manage &rArr; APP_fram_readdata &rArr; HAL_SPI_Receive &rArr; HAL_SPI_TransmitReceive &rArr; SPI_WaitOnFlagUntilTimeout
</UL>
<BR>[Calls]<UL><LI><a href="#[b0]">&gt;&gt;</a>&nbsp;&nbsp;&nbsp;APP_fram_writedata
<LI><a href="#[ae]">&gt;&gt;</a>&nbsp;&nbsp;&nbsp;APP_fram_readdata
</UL>
<BR>[Called By]<UL><LI><a href="#[5c]">&gt;&gt;</a>&nbsp;&nbsp;&nbsp;main
</UL>

<P><STRONG><a name="[119]"></a>APP_common_average_weighted</STRONG> (Thumb, 74 bytes, Stack size 0 bytes, app_sensor.o(i.APP_common_average_weighted))
<BR><BR>[Called By]<UL><LI><a href="#[118]">&gt;&gt;</a>&nbsp;&nbsp;&nbsp;APP_sensor_raw2value
</UL>

<P><STRONG><a name="[b2]"></a>APP_devinfo_default</STRONG> (Thumb, 360 bytes, Stack size 24 bytes, main.o(i.APP_devinfo_default))
<BR><BR>[Stack]<UL><LI>Max Depth = 24<LI>Call Chain = APP_devinfo_default
</UL>
<BR>[Calls]<UL><LI><a href="#[b3]">&gt;&gt;</a>&nbsp;&nbsp;&nbsp;strcpy
</UL>
<BR>[Called By]<UL><LI><a href="#[e5]">&gt;&gt;</a>&nbsp;&nbsp;&nbsp;APP_mmi_ctrmenuadmin
<LI><a href="#[b4]">&gt;&gt;</a>&nbsp;&nbsp;&nbsp;APP_devinfo_ini
</UL>

<P><STRONG><a name="[b4]"></a>APP_devinfo_ini</STRONG> (Thumb, 84 bytes, Stack size 16 bytes, main.o(i.APP_devinfo_ini))
<BR><BR>[Stack]<UL><LI>Max Depth = 152<LI>Call Chain = APP_devinfo_ini &rArr; APP_fram_readdata &rArr; HAL_SPI_Receive &rArr; HAL_SPI_TransmitReceive &rArr; SPI_WaitOnFlagUntilTimeout
</UL>
<BR>[Calls]<UL><LI><a href="#[b0]">&gt;&gt;</a>&nbsp;&nbsp;&nbsp;APP_fram_writedata
<LI><a href="#[ae]">&gt;&gt;</a>&nbsp;&nbsp;&nbsp;APP_fram_readdata
<LI><a href="#[b2]">&gt;&gt;</a>&nbsp;&nbsp;&nbsp;APP_devinfo_default
</UL>
<BR>[Called By]<UL><LI><a href="#[5c]">&gt;&gt;</a>&nbsp;&nbsp;&nbsp;main
</UL>

<P><STRONG><a name="[b5]"></a>APP_devinfo_manage</STRONG> (Thumb, 48 bytes, Stack size 0 bytes, main.o(i.APP_devinfo_manage))
<BR><BR>[Stack]<UL><LI>Max Depth = 136<LI>Call Chain = APP_devinfo_manage &rArr; APP_fram_readdata &rArr; HAL_SPI_Receive &rArr; HAL_SPI_TransmitReceive &rArr; SPI_WaitOnFlagUntilTimeout
</UL>
<BR>[Calls]<UL><LI><a href="#[b0]">&gt;&gt;</a>&nbsp;&nbsp;&nbsp;APP_fram_writedata
<LI><a href="#[ae]">&gt;&gt;</a>&nbsp;&nbsp;&nbsp;APP_fram_readdata
</UL>
<BR>[Called By]<UL><LI><a href="#[5c]">&gt;&gt;</a>&nbsp;&nbsp;&nbsp;main
</UL>

<P><STRONG><a name="[b7]"></a>APP_devver_default</STRONG> (Thumb, 124 bytes, Stack size 16 bytes, main.o(i.APP_devver_default))
<BR><BR>[Stack]<UL><LI>Max Depth = 16<LI>Call Chain = APP_devver_default
</UL>
<BR>[Called By]<UL><LI><a href="#[e5]">&gt;&gt;</a>&nbsp;&nbsp;&nbsp;APP_mmi_ctrmenuadmin
<LI><a href="#[b6]">&gt;&gt;</a>&nbsp;&nbsp;&nbsp;APP_devver_ini
</UL>

<P><STRONG><a name="[b6]"></a>APP_devver_ini</STRONG> (Thumb, 132 bytes, Stack size 24 bytes, main.o(i.APP_devver_ini))
<BR><BR>[Stack]<UL><LI>Max Depth = 160<LI>Call Chain = APP_devver_ini &rArr; APP_fram_readdata &rArr; HAL_SPI_Receive &rArr; HAL_SPI_TransmitReceive &rArr; SPI_WaitOnFlagUntilTimeout
</UL>
<BR>[Calls]<UL><LI><a href="#[b0]">&gt;&gt;</a>&nbsp;&nbsp;&nbsp;APP_fram_writedata
<LI><a href="#[ae]">&gt;&gt;</a>&nbsp;&nbsp;&nbsp;APP_fram_readdata
<LI><a href="#[b7]">&gt;&gt;</a>&nbsp;&nbsp;&nbsp;APP_devver_default
</UL>
<BR>[Called By]<UL><LI><a href="#[5c]">&gt;&gt;</a>&nbsp;&nbsp;&nbsp;main
</UL>

<P><STRONG><a name="[b8]"></a>APP_devver_manage</STRONG> (Thumb, 78 bytes, Stack size 0 bytes, main.o(i.APP_devver_manage))
<BR><BR>[Stack]<UL><LI>Max Depth = 136<LI>Call Chain = APP_devver_manage &rArr; APP_fram_readdata &rArr; HAL_SPI_Receive &rArr; HAL_SPI_TransmitReceive &rArr; SPI_WaitOnFlagUntilTimeout
</UL>
<BR>[Calls]<UL><LI><a href="#[b0]">&gt;&gt;</a>&nbsp;&nbsp;&nbsp;APP_fram_writedata
<LI><a href="#[ae]">&gt;&gt;</a>&nbsp;&nbsp;&nbsp;APP_fram_readdata
</UL>
<BR>[Called By]<UL><LI><a href="#[5c]">&gt;&gt;</a>&nbsp;&nbsp;&nbsp;main
</UL>

<P><STRONG><a name="[ba]"></a>APP_dustmoninfo_default</STRONG> (Thumb, 78 bytes, Stack size 8 bytes, main.o(i.APP_dustmoninfo_default))
<BR><BR>[Stack]<UL><LI>Max Depth = 8<LI>Call Chain = APP_dustmoninfo_default
</UL>
<BR>[Called By]<UL><LI><a href="#[e5]">&gt;&gt;</a>&nbsp;&nbsp;&nbsp;APP_mmi_ctrmenuadmin
<LI><a href="#[b9]">&gt;&gt;</a>&nbsp;&nbsp;&nbsp;APP_dustmoninfo_ini
</UL>

<P><STRONG><a name="[b9]"></a>APP_dustmoninfo_ini</STRONG> (Thumb, 54 bytes, Stack size 8 bytes, main.o(i.APP_dustmoninfo_ini))
<BR><BR>[Stack]<UL><LI>Max Depth = 144<LI>Call Chain = APP_dustmoninfo_ini &rArr; APP_fram_readdata &rArr; HAL_SPI_Receive &rArr; HAL_SPI_TransmitReceive &rArr; SPI_WaitOnFlagUntilTimeout
</UL>
<BR>[Calls]<UL><LI><a href="#[b0]">&gt;&gt;</a>&nbsp;&nbsp;&nbsp;APP_fram_writedata
<LI><a href="#[ae]">&gt;&gt;</a>&nbsp;&nbsp;&nbsp;APP_fram_readdata
<LI><a href="#[ba]">&gt;&gt;</a>&nbsp;&nbsp;&nbsp;APP_dustmoninfo_default
</UL>
<BR>[Called By]<UL><LI><a href="#[5c]">&gt;&gt;</a>&nbsp;&nbsp;&nbsp;main
</UL>

<P><STRONG><a name="[bb]"></a>APP_dustmoninfo_manage</STRONG> (Thumb, 48 bytes, Stack size 0 bytes, main.o(i.APP_dustmoninfo_manage))
<BR><BR>[Stack]<UL><LI>Max Depth = 136<LI>Call Chain = APP_dustmoninfo_manage &rArr; APP_fram_readdata &rArr; HAL_SPI_Receive &rArr; HAL_SPI_TransmitReceive &rArr; SPI_WaitOnFlagUntilTimeout
</UL>
<BR>[Calls]<UL><LI><a href="#[b0]">&gt;&gt;</a>&nbsp;&nbsp;&nbsp;APP_fram_writedata
<LI><a href="#[ae]">&gt;&gt;</a>&nbsp;&nbsp;&nbsp;APP_fram_readdata
</UL>
<BR>[Called By]<UL><LI><a href="#[5c]">&gt;&gt;</a>&nbsp;&nbsp;&nbsp;main
</UL>

<P><STRONG><a name="[bd]"></a>APP_floortbl_default</STRONG> (Thumb, 106 bytes, Stack size 12 bytes, main.o(i.APP_floortbl_default))
<BR><BR>[Stack]<UL><LI>Max Depth = 12<LI>Call Chain = APP_floortbl_default
</UL>
<BR>[Called By]<UL><LI><a href="#[e5]">&gt;&gt;</a>&nbsp;&nbsp;&nbsp;APP_mmi_ctrmenuadmin
<LI><a href="#[bc]">&gt;&gt;</a>&nbsp;&nbsp;&nbsp;APP_floortbl_ini
</UL>

<P><STRONG><a name="[bc]"></a>APP_floortbl_ini</STRONG> (Thumb, 62 bytes, Stack size 16 bytes, main.o(i.APP_floortbl_ini))
<BR><BR>[Stack]<UL><LI>Max Depth = 152<LI>Call Chain = APP_floortbl_ini &rArr; APP_fram_readdata &rArr; HAL_SPI_Receive &rArr; HAL_SPI_TransmitReceive &rArr; SPI_WaitOnFlagUntilTimeout
</UL>
<BR>[Calls]<UL><LI><a href="#[b0]">&gt;&gt;</a>&nbsp;&nbsp;&nbsp;APP_fram_writedata
<LI><a href="#[ae]">&gt;&gt;</a>&nbsp;&nbsp;&nbsp;APP_fram_readdata
<LI><a href="#[bd]">&gt;&gt;</a>&nbsp;&nbsp;&nbsp;APP_floortbl_default
</UL>
<BR>[Called By]<UL><LI><a href="#[5c]">&gt;&gt;</a>&nbsp;&nbsp;&nbsp;main
</UL>

<P><STRONG><a name="[be]"></a>APP_floortbl_manage</STRONG> (Thumb, 108 bytes, Stack size 8 bytes, main.o(i.APP_floortbl_manage))
<BR><BR>[Stack]<UL><LI>Max Depth = 144<LI>Call Chain = APP_floortbl_manage &rArr; APP_fram_readdata &rArr; HAL_SPI_Receive &rArr; HAL_SPI_TransmitReceive &rArr; SPI_WaitOnFlagUntilTimeout
</UL>
<BR>[Calls]<UL><LI><a href="#[b0]">&gt;&gt;</a>&nbsp;&nbsp;&nbsp;APP_fram_writedata
<LI><a href="#[ae]">&gt;&gt;</a>&nbsp;&nbsp;&nbsp;APP_fram_readdata
</UL>
<BR>[Called By]<UL><LI><a href="#[5c]">&gt;&gt;</a>&nbsp;&nbsp;&nbsp;main
</UL>

<P><STRONG><a name="[bf]"></a>APP_fram_WREN</STRONG> (Thumb, 64 bytes, Stack size 24 bytes, app_fram.o(i.APP_fram_WREN))
<BR><BR>[Stack]<UL><LI>Max Depth = 80<LI>Call Chain = APP_fram_WREN &rArr; HAL_SPI_Transmit &rArr; SPI_WaitOnFlagUntilTimeout
</UL>
<BR>[Calls]<UL><LI><a href="#[c1]">&gt;&gt;</a>&nbsp;&nbsp;&nbsp;HAL_SPI_Transmit
<LI><a href="#[ac]">&gt;&gt;</a>&nbsp;&nbsp;&nbsp;HAL_GPIO_WritePin
<LI><a href="#[c0]">&gt;&gt;</a>&nbsp;&nbsp;&nbsp;delay
</UL>
<BR>[Called By]<UL><LI><a href="#[b0]">&gt;&gt;</a>&nbsp;&nbsp;&nbsp;APP_fram_writedata
</UL>

<P><STRONG><a name="[c2]"></a>APP_fram_ini</STRONG> (Thumb, 10 bytes, Stack size 0 bytes, app_fram.o(i.APP_fram_ini))
<BR><BR>[Calls]<UL><LI><a href="#[ac]">&gt;&gt;</a>&nbsp;&nbsp;&nbsp;HAL_GPIO_WritePin
</UL>
<BR>[Called By]<UL><LI><a href="#[5c]">&gt;&gt;</a>&nbsp;&nbsp;&nbsp;main
</UL>

<P><STRONG><a name="[ae]"></a>APP_fram_readdata</STRONG> (Thumb, 98 bytes, Stack size 32 bytes, app_fram.o(i.APP_fram_readdata))
<BR><BR>[Stack]<UL><LI>Max Depth = 136<LI>Call Chain = APP_fram_readdata &rArr; HAL_SPI_Receive &rArr; HAL_SPI_TransmitReceive &rArr; SPI_WaitOnFlagUntilTimeout
</UL>
<BR>[Calls]<UL><LI><a href="#[c1]">&gt;&gt;</a>&nbsp;&nbsp;&nbsp;HAL_SPI_Transmit
<LI><a href="#[c3]">&gt;&gt;</a>&nbsp;&nbsp;&nbsp;HAL_SPI_Receive
<LI><a href="#[ac]">&gt;&gt;</a>&nbsp;&nbsp;&nbsp;HAL_GPIO_WritePin
<LI><a href="#[c0]">&gt;&gt;</a>&nbsp;&nbsp;&nbsp;delay
</UL>
<BR>[Called By]<UL><LI><a href="#[112]">&gt;&gt;</a>&nbsp;&nbsp;&nbsp;APP_notice_manage
<LI><a href="#[111]">&gt;&gt;</a>&nbsp;&nbsp;&nbsp;APP_notice_ini
<LI><a href="#[df]">&gt;&gt;</a>&nbsp;&nbsp;&nbsp;APP_limittbl_manage
<LI><a href="#[dd]">&gt;&gt;</a>&nbsp;&nbsp;&nbsp;APP_limittbl_ini
<LI><a href="#[be]">&gt;&gt;</a>&nbsp;&nbsp;&nbsp;APP_floortbl_manage
<LI><a href="#[bc]">&gt;&gt;</a>&nbsp;&nbsp;&nbsp;APP_floortbl_ini
<LI><a href="#[bb]">&gt;&gt;</a>&nbsp;&nbsp;&nbsp;APP_dustmoninfo_manage
<LI><a href="#[b9]">&gt;&gt;</a>&nbsp;&nbsp;&nbsp;APP_dustmoninfo_ini
<LI><a href="#[b8]">&gt;&gt;</a>&nbsp;&nbsp;&nbsp;APP_devver_manage
<LI><a href="#[b6]">&gt;&gt;</a>&nbsp;&nbsp;&nbsp;APP_devver_ini
<LI><a href="#[b5]">&gt;&gt;</a>&nbsp;&nbsp;&nbsp;APP_devinfo_manage
<LI><a href="#[b4]">&gt;&gt;</a>&nbsp;&nbsp;&nbsp;APP_devinfo_ini
<LI><a href="#[b1]">&gt;&gt;</a>&nbsp;&nbsp;&nbsp;APP_calitbl_manage
<LI><a href="#[ad]">&gt;&gt;</a>&nbsp;&nbsp;&nbsp;APP_calitbl_ini
</UL>

<P><STRONG><a name="[b0]"></a>APP_fram_writedata</STRONG> (Thumb, 120 bytes, Stack size 32 bytes, app_fram.o(i.APP_fram_writedata))
<BR><BR>[Stack]<UL><LI>Max Depth = 112<LI>Call Chain = APP_fram_writedata &rArr; APP_fram_WREN &rArr; HAL_SPI_Transmit &rArr; SPI_WaitOnFlagUntilTimeout
</UL>
<BR>[Calls]<UL><LI><a href="#[c1]">&gt;&gt;</a>&nbsp;&nbsp;&nbsp;HAL_SPI_Transmit
<LI><a href="#[bf]">&gt;&gt;</a>&nbsp;&nbsp;&nbsp;APP_fram_WREN
<LI><a href="#[ac]">&gt;&gt;</a>&nbsp;&nbsp;&nbsp;HAL_GPIO_WritePin
<LI><a href="#[c0]">&gt;&gt;</a>&nbsp;&nbsp;&nbsp;delay
</UL>
<BR>[Called By]<UL><LI><a href="#[5c]">&gt;&gt;</a>&nbsp;&nbsp;&nbsp;main
<LI><a href="#[112]">&gt;&gt;</a>&nbsp;&nbsp;&nbsp;APP_notice_manage
<LI><a href="#[111]">&gt;&gt;</a>&nbsp;&nbsp;&nbsp;APP_notice_ini
<LI><a href="#[df]">&gt;&gt;</a>&nbsp;&nbsp;&nbsp;APP_limittbl_manage
<LI><a href="#[dd]">&gt;&gt;</a>&nbsp;&nbsp;&nbsp;APP_limittbl_ini
<LI><a href="#[be]">&gt;&gt;</a>&nbsp;&nbsp;&nbsp;APP_floortbl_manage
<LI><a href="#[bc]">&gt;&gt;</a>&nbsp;&nbsp;&nbsp;APP_floortbl_ini
<LI><a href="#[bb]">&gt;&gt;</a>&nbsp;&nbsp;&nbsp;APP_dustmoninfo_manage
<LI><a href="#[b9]">&gt;&gt;</a>&nbsp;&nbsp;&nbsp;APP_dustmoninfo_ini
<LI><a href="#[b8]">&gt;&gt;</a>&nbsp;&nbsp;&nbsp;APP_devver_manage
<LI><a href="#[b6]">&gt;&gt;</a>&nbsp;&nbsp;&nbsp;APP_devver_ini
<LI><a href="#[b5]">&gt;&gt;</a>&nbsp;&nbsp;&nbsp;APP_devinfo_manage
<LI><a href="#[b4]">&gt;&gt;</a>&nbsp;&nbsp;&nbsp;APP_devinfo_ini
<LI><a href="#[b1]">&gt;&gt;</a>&nbsp;&nbsp;&nbsp;APP_calitbl_manage
<LI><a href="#[ad]">&gt;&gt;</a>&nbsp;&nbsp;&nbsp;APP_calitbl_ini
</UL>

<P><STRONG><a name="[c4]"></a>APP_led_connect</STRONG> (Thumb, 86 bytes, Stack size 33032 bytes, app_led.o(i.APP_led_connect))
<BR><BR>[Stack]<UL><LI>Max Depth = 33056<LI>Call Chain = APP_led_connect &rArr; APP_led_full &rArr; get_chksum16
</UL>
<BR>[Calls]<UL><LI><a href="#[c5]">&gt;&gt;</a>&nbsp;&nbsp;&nbsp;get_TLV_length
<LI><a href="#[c6]">&gt;&gt;</a>&nbsp;&nbsp;&nbsp;APP_led_full
</UL>
<BR>[Called By]<UL><LI><a href="#[d4]">&gt;&gt;</a>&nbsp;&nbsp;&nbsp;APP_led_task
</UL>

<P><STRONG><a name="[c7]"></a>APP_led_del</STRONG> (Thumb, 166 bytes, Stack size 33048 bytes, app_led.o(i.APP_led_del))
<BR><BR>[Stack]<UL><LI>Max Depth = 33072<LI>Call Chain = APP_led_del &rArr; APP_led_full &rArr; get_chksum16
</UL>
<BR>[Calls]<UL><LI><a href="#[c5]">&gt;&gt;</a>&nbsp;&nbsp;&nbsp;get_TLV_length
<LI><a href="#[c6]">&gt;&gt;</a>&nbsp;&nbsp;&nbsp;APP_led_full
</UL>
<BR>[Called By]<UL><LI><a href="#[d8]">&gt;&gt;</a>&nbsp;&nbsp;&nbsp;APP_led_uptxtdel
<LI><a href="#[d5]">&gt;&gt;</a>&nbsp;&nbsp;&nbsp;APP_led_updel
<LI><a href="#[cc]">&gt;&gt;</a>&nbsp;&nbsp;&nbsp;APP_led_prgmdel
</UL>

<P><STRONG><a name="[c6]"></a>APP_led_full</STRONG> (Thumb, 210 bytes, Stack size 16 bytes, app_led.o(i.APP_led_full))
<BR><BR>[Stack]<UL><LI>Max Depth = 24<LI>Call Chain = APP_led_full &rArr; get_chksum16
</UL>
<BR>[Calls]<UL><LI><a href="#[c9]">&gt;&gt;</a>&nbsp;&nbsp;&nbsp;HAL_UART_Transmit_IT
<LI><a href="#[c8]">&gt;&gt;</a>&nbsp;&nbsp;&nbsp;get_chksum16
</UL>
<BR>[Called By]<UL><LI><a href="#[da]">&gt;&gt;</a>&nbsp;&nbsp;&nbsp;APP_led_txt
<LI><a href="#[d3]">&gt;&gt;</a>&nbsp;&nbsp;&nbsp;APP_led_srt
<LI><a href="#[d0]">&gt;&gt;</a>&nbsp;&nbsp;&nbsp;APP_led_setsrcrtc
<LI><a href="#[cf]">&gt;&gt;</a>&nbsp;&nbsp;&nbsp;APP_led_setsrccfg
<LI><a href="#[ce]">&gt;&gt;</a>&nbsp;&nbsp;&nbsp;APP_led_setlight
<LI><a href="#[cb]">&gt;&gt;</a>&nbsp;&nbsp;&nbsp;APP_led_opt
<LI><a href="#[c7]">&gt;&gt;</a>&nbsp;&nbsp;&nbsp;APP_led_del
<LI><a href="#[c4]">&gt;&gt;</a>&nbsp;&nbsp;&nbsp;APP_led_connect
</UL>

<P><STRONG><a name="[ca]"></a>APP_led_ini</STRONG> (Thumb, 32 bytes, Stack size 8 bytes, app_led.o(i.APP_led_ini))
<BR><BR>[Stack]<UL><LI>Max Depth = 8<LI>Call Chain = APP_led_ini
</UL>
<BR>[Calls]<UL><LI><a href="#[a6]">&gt;&gt;</a>&nbsp;&nbsp;&nbsp;HAL_UART_Receive_IT
</UL>
<BR>[Called By]<UL><LI><a href="#[5c]">&gt;&gt;</a>&nbsp;&nbsp;&nbsp;main
</UL>

<P><STRONG><a name="[cb]"></a>APP_led_opt</STRONG> (Thumb, 366 bytes, Stack size 33048 bytes, app_led.o(i.APP_led_opt))
<BR><BR>[Stack]<UL><LI>Max Depth = 33072<LI>Call Chain = APP_led_opt &rArr; APP_led_full &rArr; get_chksum16
</UL>
<BR>[Calls]<UL><LI><a href="#[c5]">&gt;&gt;</a>&nbsp;&nbsp;&nbsp;get_TLV_length
<LI><a href="#[c6]">&gt;&gt;</a>&nbsp;&nbsp;&nbsp;APP_led_full
</UL>
<BR>[Called By]<UL><LI><a href="#[d6]">&gt;&gt;</a>&nbsp;&nbsp;&nbsp;APP_led_upopt
</UL>

<P><STRONG><a name="[cc]"></a>APP_led_prgmdel</STRONG> (Thumb, 12 bytes, Stack size 0 bytes, app_led.o(i.APP_led_prgmdel))
<BR><BR>[Stack]<UL><LI>Max Depth = 33072<LI>Call Chain = APP_led_prgmdel &rArr; APP_led_del &rArr; APP_led_full &rArr; get_chksum16
</UL>
<BR>[Calls]<UL><LI><a href="#[c7]">&gt;&gt;</a>&nbsp;&nbsp;&nbsp;APP_led_del
</UL>
<BR>[Called By]<UL><LI><a href="#[d4]">&gt;&gt;</a>&nbsp;&nbsp;&nbsp;APP_led_task
</UL>

<P><STRONG><a name="[cd]"></a>APP_led_rcvisr</STRONG> (Thumb, 298 bytes, Stack size 24 bytes, app_led.o(i.APP_led_rcvisr))
<BR><BR>[Stack]<UL><LI>Max Depth = 32<LI>Call Chain = APP_led_rcvisr &rArr; get_chksum16
</UL>
<BR>[Calls]<UL><LI><a href="#[a6]">&gt;&gt;</a>&nbsp;&nbsp;&nbsp;HAL_UART_Receive_IT
<LI><a href="#[a9]">&gt;&gt;</a>&nbsp;&nbsp;&nbsp;HAL_GetTick
<LI><a href="#[c8]">&gt;&gt;</a>&nbsp;&nbsp;&nbsp;get_chksum16
</UL>
<BR>[Called By]<UL><LI><a href="#[1e6]">&gt;&gt;</a>&nbsp;&nbsp;&nbsp;HAL_UART_RxCpltCallback
</UL>

<P><STRONG><a name="[ce]"></a>APP_led_setlight</STRONG> (Thumb, 96 bytes, Stack size 33032 bytes, app_led.o(i.APP_led_setlight))
<BR><BR>[Stack]<UL><LI>Max Depth = 33056<LI>Call Chain = APP_led_setlight &rArr; APP_led_full &rArr; get_chksum16
</UL>
<BR>[Calls]<UL><LI><a href="#[c5]">&gt;&gt;</a>&nbsp;&nbsp;&nbsp;get_TLV_length
<LI><a href="#[c6]">&gt;&gt;</a>&nbsp;&nbsp;&nbsp;APP_led_full
</UL>
<BR>[Called By]<UL><LI><a href="#[d4]">&gt;&gt;</a>&nbsp;&nbsp;&nbsp;APP_led_task
</UL>

<P><STRONG><a name="[cf]"></a>APP_led_setsrccfg</STRONG> (Thumb, 126 bytes, Stack size 33032 bytes, app_led.o(i.APP_led_setsrccfg))
<BR><BR>[Stack]<UL><LI>Max Depth = 33056<LI>Call Chain = APP_led_setsrccfg &rArr; APP_led_full &rArr; get_chksum16
</UL>
<BR>[Calls]<UL><LI><a href="#[c5]">&gt;&gt;</a>&nbsp;&nbsp;&nbsp;get_TLV_length
<LI><a href="#[c6]">&gt;&gt;</a>&nbsp;&nbsp;&nbsp;APP_led_full
</UL>
<BR>[Called By]<UL><LI><a href="#[d4]">&gt;&gt;</a>&nbsp;&nbsp;&nbsp;APP_led_task
</UL>

<P><STRONG><a name="[d0]"></a>APP_led_setsrcrtc</STRONG> (Thumb, 164 bytes, Stack size 33032 bytes, app_led.o(i.APP_led_setsrcrtc))
<BR><BR>[Stack]<UL><LI>Max Depth = 33056<LI>Call Chain = APP_led_setsrcrtc &rArr; APP_led_full &rArr; get_chksum16
</UL>
<BR>[Calls]<UL><LI><a href="#[d1]">&gt;&gt;</a>&nbsp;&nbsp;&nbsp;HAL_RTC_GetTime
<LI><a href="#[d2]">&gt;&gt;</a>&nbsp;&nbsp;&nbsp;HAL_RTC_GetDate
<LI><a href="#[c5]">&gt;&gt;</a>&nbsp;&nbsp;&nbsp;get_TLV_length
<LI><a href="#[c6]">&gt;&gt;</a>&nbsp;&nbsp;&nbsp;APP_led_full
</UL>
<BR>[Called By]<UL><LI><a href="#[d4]">&gt;&gt;</a>&nbsp;&nbsp;&nbsp;APP_led_task
</UL>

<P><STRONG><a name="[d3]"></a>APP_led_srt</STRONG> (Thumb, 562 bytes, Stack size 33056 bytes, app_led.o(i.APP_led_srt))
<BR><BR>[Stack]<UL><LI>Max Depth = 33080<LI>Call Chain = APP_led_srt &rArr; APP_led_full &rArr; get_chksum16
</UL>
<BR>[Calls]<UL><LI><a href="#[c5]">&gt;&gt;</a>&nbsp;&nbsp;&nbsp;get_TLV_length
<LI><a href="#[c6]">&gt;&gt;</a>&nbsp;&nbsp;&nbsp;APP_led_full
</UL>
<BR>[Called By]<UL><LI><a href="#[d7]">&gt;&gt;</a>&nbsp;&nbsp;&nbsp;APP_led_upsrt
</UL>

<P><STRONG><a name="[d4]"></a>APP_led_task</STRONG> (Thumb, 172 bytes, Stack size 16 bytes, app_led.o(i.APP_led_task))
<BR><BR>[Stack]<UL><LI>Max Depth = 33136<LI>Call Chain = APP_led_task &rArr; APP_led_uptxt &rArr; APP_led_txt &rArr; APP_led_full &rArr; get_chksum16
</UL>
<BR>[Calls]<UL><LI><a href="#[a9]">&gt;&gt;</a>&nbsp;&nbsp;&nbsp;HAL_GetTick
<LI><a href="#[d8]">&gt;&gt;</a>&nbsp;&nbsp;&nbsp;APP_led_uptxtdel
<LI><a href="#[d9]">&gt;&gt;</a>&nbsp;&nbsp;&nbsp;APP_led_uptxt
<LI><a href="#[d7]">&gt;&gt;</a>&nbsp;&nbsp;&nbsp;APP_led_upsrt
<LI><a href="#[d6]">&gt;&gt;</a>&nbsp;&nbsp;&nbsp;APP_led_upopt
<LI><a href="#[d5]">&gt;&gt;</a>&nbsp;&nbsp;&nbsp;APP_led_updel
<LI><a href="#[d0]">&gt;&gt;</a>&nbsp;&nbsp;&nbsp;APP_led_setsrcrtc
[...]
<BR><BR>[Stack]<UL><LI>Max Depth = 92<LI>Call Chain = MX_GPIO_Init &rArr; HAL_GPIO_Init
</UL>
<BR>[Calls]<UL><LI><a href="#[192]">&gt;&gt;</a>&nbsp;&nbsp;&nbsp;HAL_GPIO_Init
</UL>
<BR>[Called By]<UL><LI><a href="#[5c]">&gt;&gt;</a>&nbsp;&nbsp;&nbsp;main
</UL>

<P><STRONG><a name="[1ef]"></a>MX_SPI3_Init</STRONG> (Thumb, 42 bytes, Stack size 0 bytes, main.o(i.MX_SPI3_Init))
<BR><BR>[Stack]<UL><LI>Max Depth = 100<LI>Call Chain = MX_SPI3_Init &rArr; HAL_SPI_Init &rArr; HAL_SPI_MspInit &rArr; HAL_GPIO_Init
</UL>
<BR>[Calls]<UL><LI><a href="#[1bd]">&gt;&gt;</a>&nbsp;&nbsp;&nbsp;HAL_SPI_Init
</UL>
<BR>[Called By]<UL><LI><a href="#[5c]">&gt;&gt;</a>&nbsp;&nbsp;&nbsp;main
</UL>

<P><STRONG><a name="[1f0]"></a>MX_TIM12_Init</STRONG> (Thumb, 116 bytes, Stack size 64 bytes, main.o(i.MX_TIM12_Init))
<BR><BR>[Stack]<UL><LI>Max Depth = 148<LI>Call Chain = MX_TIM12_Init &rArr; HAL_TIM_Base_Init &rArr; HAL_TIM_Base_MspInit &rArr; HAL_GPIO_Init
</UL>
<BR>[Calls]<UL><LI><a href="#[1dd]">&gt;&gt;</a>&nbsp;&nbsp;&nbsp;HAL_TIM_SlaveConfigSynchronization
<LI><a href="#[1ce]">&gt;&gt;</a>&nbsp;&nbsp;&nbsp;HAL_TIM_IC_Init
<LI><a href="#[1cb]">&gt;&gt;</a>&nbsp;&nbsp;&nbsp;HAL_TIM_IC_ConfigChannel
<LI><a href="#[1c6]">&gt;&gt;</a>&nbsp;&nbsp;&nbsp;HAL_TIM_ConfigClockSource
<LI><a href="#[1c3]">&gt;&gt;</a>&nbsp;&nbsp;&nbsp;HAL_TIM_Base_Init
</UL>
<BR>[Called By]<UL><LI><a href="#[5c]">&gt;&gt;</a>&nbsp;&nbsp;&nbsp;main
</UL>

<P><STRONG><a name="[1f1]"></a>MX_TIM2_Init</STRONG> (Thumb, 106 bytes, Stack size 48 bytes, main.o(i.MX_TIM2_Init))
<BR><BR>[Stack]<UL><LI>Max Depth = 132<LI>Call Chain = MX_TIM2_Init &rArr; HAL_TIM_Base_Init &rArr; HAL_TIM_Base_MspInit &rArr; HAL_GPIO_Init
</UL>
<BR>[Calls]<UL><LI><a href="#[1ce]">&gt;&gt;</a>&nbsp;&nbsp;&nbsp;HAL_TIM_IC_Init
<LI><a href="#[1cb]">&gt;&gt;</a>&nbsp;&nbsp;&nbsp;HAL_TIM_IC_ConfigChannel
<LI><a href="#[1c6]">&gt;&gt;</a>&nbsp;&nbsp;&nbsp;HAL_TIM_ConfigClockSource
<LI><a href="#[1c3]">&gt;&gt;</a>&nbsp;&nbsp;&nbsp;HAL_TIM_Base_Init
<LI><a href="#[1f2]">&gt;&gt;</a>&nbsp;&nbsp;&nbsp;HAL_TIMEx_MasterConfigSynchronization
</UL>
<BR>[Called By]<UL><LI><a href="#[5c]">&gt;&gt;</a>&nbsp;&nbsp;&nbsp;main
</UL>

<P><STRONG><a name="[1f3]"></a>MX_TIM3_Init</STRONG> (Thumb, 128 bytes, Stack size 72 bytes, main.o(i.MX_TIM3_Init))
<BR><BR>[Stack]<UL><LI>Max Depth = 156<LI>Call Chain = MX_TIM3_Init &rArr; HAL_TIM_Base_Init &rArr; HAL_TIM_Base_MspInit &rArr; HAL_GPIO_Init
</UL>
<BR>[Calls]<UL><LI><a href="#[1dd]">&gt;&gt;</a>&nbsp;&nbsp;&nbsp;HAL_TIM_SlaveConfigSynchronization
<LI><a href="#[1ce]">&gt;&gt;</a>&nbsp;&nbsp;&nbsp;HAL_TIM_IC_Init
<LI><a href="#[1cb]">&gt;&gt;</a>&nbsp;&nbsp;&nbsp;HAL_TIM_IC_ConfigChannel
<LI><a href="#[1c6]">&gt;&gt;</a>&nbsp;&nbsp;&nbsp;HAL_TIM_ConfigClockSource
<LI><a href="#[1c3]">&gt;&gt;</a>&nbsp;&nbsp;&nbsp;HAL_TIM_Base_Init
<LI><a href="#[1f2]">&gt;&gt;</a>&nbsp;&nbsp;&nbsp;HAL_TIMEx_MasterConfigSynchronization
</UL>
<BR>[Called By]<UL><LI><a href="#[5c]">&gt;&gt;</a>&nbsp;&nbsp;&nbsp;main
</UL>

<P><STRONG><a name="[1f4]"></a>MX_TIM5_Init</STRONG> (Thumb, 126 bytes, Stack size 72 bytes, main.o(i.MX_TIM5_Init))
<BR><BR>[Stack]<UL><LI>Max Depth = 156<LI>Call Chain = MX_TIM5_Init &rArr; HAL_TIM_Base_Init &rArr; HAL_TIM_Base_MspInit &rArr; HAL_GPIO_Init
</UL>
<BR>[Calls]<UL><LI><a href="#[1dd]">&gt;&gt;</a>&nbsp;&nbsp;&nbsp;HAL_TIM_SlaveConfigSynchronization
<LI><a href="#[1ce]">&gt;&gt;</a>&nbsp;&nbsp;&nbsp;HAL_TIM_IC_Init
<LI><a href="#[1cb]">&gt;&gt;</a>&nbsp;&nbsp;&nbsp;HAL_TIM_IC_ConfigChannel
<LI><a href="#[1c6]">&gt;&gt;</a>&nbsp;&nbsp;&nbsp;HAL_TIM_ConfigClockSource
<LI><a href="#[1c3]">&gt;&gt;</a>&nbsp;&nbsp;&nbsp;HAL_TIM_Base_Init
<LI><a href="#[1f2]">&gt;&gt;</a>&nbsp;&nbsp;&nbsp;HAL_TIMEx_MasterConfigSynchronization
</UL>
<BR>[Called By]<UL><LI><a href="#[5c]">&gt;&gt;</a>&nbsp;&nbsp;&nbsp;main
</UL>

<P><STRONG><a name="[1f5]"></a>MX_TIM8_Init</STRONG> (Thumb, 130 bytes, Stack size 72 bytes, main.o(i.MX_TIM8_Init))
<BR><BR>[Stack]<UL><LI>Max Depth = 156<LI>Call Chain = MX_TIM8_Init &rArr; HAL_TIM_Base_Init &rArr; HAL_TIM_Base_MspInit &rArr; HAL_GPIO_Init
</UL>
<BR>[Calls]<UL><LI><a href="#[1dd]">&gt;&gt;</a>&nbsp;&nbsp;&nbsp;HAL_TIM_SlaveConfigSynchronization
<LI><a href="#[1ce]">&gt;&gt;</a>&nbsp;&nbsp;&nbsp;HAL_TIM_IC_Init
<LI><a href="#[1cb]">&gt;&gt;</a>&nbsp;&nbsp;&nbsp;HAL_TIM_IC_ConfigChannel
<LI><a href="#[1c6]">&gt;&gt;</a>&nbsp;&nbsp;&nbsp;HAL_TIM_ConfigClockSource
<LI><a href="#[1c3]">&gt;&gt;</a>&nbsp;&nbsp;&nbsp;HAL_TIM_Base_Init
<LI><a href="#[1f2]">&gt;&gt;</a>&nbsp;&nbsp;&nbsp;HAL_TIMEx_MasterConfigSynchronization
</UL>
<BR>[Called By]<UL><LI><a href="#[5c]">&gt;&gt;</a>&nbsp;&nbsp;&nbsp;main
</UL>

<P><STRONG><a name="[1f6]"></a>MX_TIM9_Init</STRONG> (Thumb, 116 bytes, Stack size 64 bytes, main.o(i.MX_TIM9_Init))
<BR><BR>[Stack]<UL><LI>Max Depth = 148<LI>Call Chain = MX_TIM9_Init &rArr; HAL_TIM_Base_Init &rArr; HAL_TIM_Base_MspInit &rArr; HAL_GPIO_Init
</UL>
<BR>[Calls]<UL><LI><a href="#[1dd]">&gt;&gt;</a>&nbsp;&nbsp;&nbsp;HAL_TIM_SlaveConfigSynchronization
<LI><a href="#[1ce]">&gt;&gt;</a>&nbsp;&nbsp;&nbsp;HAL_TIM_IC_Init
<LI><a href="#[1cb]">&gt;&gt;</a>&nbsp;&nbsp;&nbsp;HAL_TIM_IC_ConfigChannel
<LI><a href="#[1c6]">&gt;&gt;</a>&nbsp;&nbsp;&nbsp;HAL_TIM_ConfigClockSource
<LI><a href="#[1c3]">&gt;&gt;</a>&nbsp;&nbsp;&nbsp;HAL_TIM_Base_Init
</UL>
<BR>[Called By]<UL><LI><a href="#[5c]">&gt;&gt;</a>&nbsp;&nbsp;&nbsp;main
</UL>

<P><STRONG><a name="[71]"></a>RxAnsOverErr</STRONG> (Thumb, 90 bytes, Stack size 32 bytes, app_comser.o(i.RxAnsOverErr))
<BR><BR>[Stack]<UL><LI>Max Depth = 152<LI>Call Chain = RxAnsOverErr &rArr; NETWORK_AT_SENDDATA &rArr; SIM7600CE_SENDAT_CIPSEND &rArr; __2sprintf
</UL>
<BR>[Calls]<UL><LI><a href="#[1f7]">&gt;&gt;</a>&nbsp;&nbsp;&nbsp;NETWORK_AT_SENDDATA
<LI><a href="#[1e9]">&gt;&gt;</a>&nbsp;&nbsp;&nbsp;Add2TxSerArray
<LI><a href="#[1fa]">&gt;&gt;</a>&nbsp;&nbsp;&nbsp;NETWORK_INIT
</UL>
<BR>[Address Reference Count : 1]<UL><LI> app_comser.o(i.RxOverDly)
</UL>
<P><STRONG><a name="[12f]"></a>FSMC_NAND_EraseBlock</STRONG> (Thumb, 30 bytes, Stack size 8 bytes, app_datrec.o(i.FSMC_NAND_EraseBlock))
<BR><BR>[Stack]<UL><LI>Max Depth = 16<LI>Call Chain = FSMC_NAND_EraseBlock &rArr; FSMC_NAND_GetStatus
</UL>
<BR>[Calls]<UL><LI><a href="#[143]">&gt;&gt;</a>&nbsp;&nbsp;&nbsp;FSMC_NAND_GetStatus
</UL>
<BR>[Called By]<UL><LI><a href="#[12c]">&gt;&gt;</a>&nbsp;&nbsp;&nbsp;DATREC_EXC
</UL>

<P><STRONG><a name="[143]"></a>FSMC_NAND_GetStatus</STRONG> (Thumb, 38 bytes, Stack size 8 bytes, app_datrec.o(i.FSMC_NAND_GetStatus))
<BR><BR>[Stack]<UL><LI>Max Depth = 8<LI>Call Chain = FSMC_NAND_GetStatus
</UL>
<BR>[Calls]<UL><LI><a href="#[144]">&gt;&gt;</a>&nbsp;&nbsp;&nbsp;FSMC_NAND_ReadStatus
</UL>
<BR>[Called By]<UL><LI><a href="#[147]">&gt;&gt;</a>&nbsp;&nbsp;&nbsp;FSMC_NAND_WritePage
<LI><a href="#[12f]">&gt;&gt;</a>&nbsp;&nbsp;&nbsp;FSMC_NAND_EraseBlock
</UL>

<P><STRONG><a name="[130]"></a>FSMC_NAND_ReadData</STRONG> (Thumb, 14 bytes, Stack size 0 bytes, app_datrec.o(i.FSMC_NAND_ReadData))
<BR><BR>[Called By]<UL><LI><a href="#[12c]">&gt;&gt;</a>&nbsp;&nbsp;&nbsp;DATREC_EXC
</UL>

<P><STRONG><a name="[12d]"></a>FSMC_NAND_ReadPage</STRONG> (Thumb, 78 bytes, Stack size 16 bytes, app_datrec.o(i.FSMC_NAND_ReadPage))
<BR><BR>[Stack]<UL><LI>Max Depth = 16<LI>Call Chain = FSMC_NAND_ReadPage
</UL>
<BR>[Calls]<UL><LI><a href="#[145]">&gt;&gt;</a>&nbsp;&nbsp;&nbsp;HAL_GPIO_ReadPin
</UL>
<BR>[Called By]<UL><LI><a href="#[146]">&gt;&gt;</a>&nbsp;&nbsp;&nbsp;FSMC_NAND_ReadSpare
<LI><a href="#[12c]">&gt;&gt;</a>&nbsp;&nbsp;&nbsp;DATREC_EXC
</UL>

<P><STRONG><a name="[146]"></a>FSMC_NAND_ReadSpare</STRONG> (Thumb, 18 bytes, Stack size 0 bytes, app_datrec.o(i.FSMC_NAND_ReadSpare))
<BR><BR>[Stack]<UL><LI>Max Depth = 16<LI>Call Chain = FSMC_NAND_ReadSpare &rArr; FSMC_NAND_ReadPage
</UL>
<BR>[Calls]<UL><LI><a href="#[12d]">&gt;&gt;</a>&nbsp;&nbsp;&nbsp;FSMC_NAND_ReadPage
</UL>
<BR>[Called By]<UL><LI><a href="#[9f]">&gt;&gt;</a>&nbsp;&nbsp;&nbsp;NAND_IsBadBlock
</UL>

<P><STRONG><a name="[144]"></a>FSMC_NAND_ReadStatus</STRONG> (Thumb, 28 bytes, Stack size 0 bytes, app_datrec.o(i.FSMC_NAND_ReadStatus))
<BR><BR>[Called By]<UL><LI><a href="#[143]">&gt;&gt;</a>&nbsp;&nbsp;&nbsp;FSMC_NAND_GetStatus
</UL>

<P><STRONG><a name="[132]"></a>FSMC_NAND_WriteData</STRONG> (Thumb, 14 bytes, Stack size 0 bytes, app_datrec.o(i.FSMC_NAND_WriteData))
<BR><BR>[Stack]<UL><LI>Max Depth = 24<LI>Call Chain = FSMC_NAND_WriteData &rArr; FSMC_NAND_WritePage &rArr; FSMC_NAND_GetStatus
</UL>
<BR>[Calls]<UL><LI><a href="#[147]">&gt;&gt;</a>&nbsp;&nbsp;&nbsp;FSMC_NAND_WritePage
</UL>
<BR>[Called By]<UL><LI><a href="#[12c]">&gt;&gt;</a>&nbsp;&nbsp;&nbsp;DATREC_EXC
</UL>

<P><STRONG><a name="[147]"></a>FSMC_NAND_WritePage</STRONG> (Thumb, 62 bytes, Stack size 16 bytes, app_datrec.o(i.FSMC_NAND_WritePage))
<BR><BR>[Stack]<UL><LI>Max Depth = 24<LI>Call Chain = FSMC_NAND_WritePage &rArr; FSMC_NAND_GetStatus
</UL>
<BR>[Calls]<UL><LI><a href="#[143]">&gt;&gt;</a>&nbsp;&nbsp;&nbsp;FSMC_NAND_GetStatus
</UL>
<BR>[Called By]<UL><LI><a href="#[a0]">&gt;&gt;</a>&nbsp;&nbsp;&nbsp;FSMC_NAND_WriteSpare
<LI><a href="#[132]">&gt;&gt;</a>&nbsp;&nbsp;&nbsp;FSMC_NAND_WriteData
</UL>

<P><STRONG><a name="[a0]"></a>FSMC_NAND_WriteSpare</STRONG> (Thumb, 18 bytes, Stack size 0 bytes, app_datrec.o(i.FSMC_NAND_WriteSpare))
<BR><BR>[Stack]<UL><LI>Max Depth = 24<LI>Call Chain = FSMC_NAND_WriteSpare &rArr; FSMC_NAND_WritePage &rArr; FSMC_NAND_GetStatus
</UL>
<BR>[Calls]<UL><LI><a href="#[147]">&gt;&gt;</a>&nbsp;&nbsp;&nbsp;FSMC_NAND_WritePage
</UL>
<BR>[Called By]<UL><LI><a href="#[133]">&gt;&gt;</a>&nbsp;&nbsp;&nbsp;NAND_MarkBadBlock
<LI><a href="#[9e]">&gt;&gt;</a>&nbsp;&nbsp;&nbsp;APP_NAND_MDF
</UL>

<P><STRONG><a name="[12e]"></a>NAND_IsBufOk</STRONG> (Thumb, 26 bytes, Stack size 8 bytes, app_datrec.o(i.NAND_IsBufOk))
<BR><BR>[Stack]<UL><LI>Max Depth = 8<LI>Call Chain = NAND_IsBufOk
</UL>
<BR>[Called By]<UL><LI><a href="#[12c]">&gt;&gt;</a>&nbsp;&nbsp;&nbsp;DATREC_EXC
</UL>

<P><STRONG><a name="[133]"></a>NAND_MarkBadBlock</STRONG> (Thumb, 40 bytes, Stack size 16 bytes, app_datrec.o(i.NAND_MarkBadBlock))
<BR><BR>[Stack]<UL><LI>Max Depth = 40<LI>Call Chain = NAND_MarkBadBlock &rArr; FSMC_NAND_WriteSpare &rArr; FSMC_NAND_WritePage &rArr; FSMC_NAND_GetStatus
</UL>
<BR>[Calls]<UL><LI><a href="#[a0]">&gt;&gt;</a>&nbsp;&nbsp;&nbsp;FSMC_NAND_WriteSpare
</UL>
<BR>[Called By]<UL><LI><a href="#[12c]">&gt;&gt;</a>&nbsp;&nbsp;&nbsp;DATREC_EXC
</UL>

<P><STRONG><a name="[73]"></a>IsKeyDown1</STRONG> (Thumb, 16 bytes, Stack size 0 bytes, app_key.o(i.IsKeyDown1))
<BR><BR>[Called By]<UL><LI><a href="#[7b]">&gt;&gt;</a>&nbsp;&nbsp;&nbsp;IsKeyDown9
<LI><a href="#[7c]">&gt;&gt;</a>&nbsp;&nbsp;&nbsp;IsKeyDown10
</UL>
<BR>[Address Reference Count : 1]<UL><LI> app_key.o(i.bsp_InitKeyVar)
</UL>
<P><STRONG><a name="[7c]"></a>IsKeyDown10</STRONG> (Thumb, 22 bytes, Stack size 8 bytes, app_key.o(i.IsKeyDown10))
<BR><BR>[Stack]<UL><LI>Max Depth = 8<LI>Call Chain = IsKeyDown10
</UL>
<BR>[Calls]<UL><LI><a href="#[74]">&gt;&gt;</a>&nbsp;&nbsp;&nbsp;IsKeyDown2
<LI><a href="#[73]">&gt;&gt;</a>&nbsp;&nbsp;&nbsp;IsKeyDown1
</UL>
<BR>[Address Reference Count : 1]<UL><LI> app_key.o(i.bsp_InitKeyVar)
</UL>
<P><STRONG><a name="[74]"></a>IsKeyDown2</STRONG> (Thumb, 16 bytes, Stack size 0 bytes, app_key.o(i.IsKeyDown2))
<BR><BR>[Called By]<UL><LI><a href="#[7b]">&gt;&gt;</a>&nbsp;&nbsp;&nbsp;IsKeyDown9
<LI><a href="#[7c]">&gt;&gt;</a>&nbsp;&nbsp;&nbsp;IsKeyDown10
</UL>
<BR>[Address Reference Count : 1]<UL><LI> app_key.o(i.bsp_InitKeyVar)
</UL>
<P><STRONG><a name="[75]"></a>IsKeyDown3</STRONG> (Thumb, 16 bytes, Stack size 0 bytes, app_key.o(i.IsKeyDown3))
<BR>[Address Reference Count : 1]<UL><LI> app_key.o(i.bsp_InitKeyVar)
</UL>
<P><STRONG><a name="[76]"></a>IsKeyDown4</STRONG> (Thumb, 16 bytes, Stack size 0 bytes, app_key.o(i.IsKeyDown4))
<BR>[Address Reference Count : 1]<UL><LI> app_key.o(i.bsp_InitKeyVar)
</UL>
<P><STRONG><a name="[77]"></a>IsKeyDown5</STRONG> (Thumb, 16 bytes, Stack size 0 bytes, app_key.o(i.IsKeyDown5))
<BR>[Address Reference Count : 1]<UL><LI> app_key.o(i.bsp_InitKeyVar)
</UL>
<P><STRONG><a name="[78]"></a>IsKeyDown6</STRONG> (Thumb, 16 bytes, Stack size 0 bytes, app_key.o(i.IsKeyDown6))
<BR>[Address Reference Count : 1]<UL><LI> app_key.o(i.bsp_InitKeyVar)
</UL>
<P><STRONG><a name="[79]"></a>IsKeyDown7</STRONG> (Thumb, 16 bytes, Stack size 0 bytes, app_key.o(i.IsKeyDown7))
<BR>[Address Reference Count : 1]<UL><LI> app_key.o(i.bsp_InitKeyVar)
</UL>
<P><STRONG><a name="[7a]"></a>IsKeyDown8</STRONG> (Thumb, 16 bytes, Stack size 0 bytes, app_key.o(i.IsKeyDown8))
<BR>[Address Reference Count : 1]<UL><LI> app_key.o(i.bsp_InitKeyVar)
</UL>
<P><STRONG><a name="[7b]"></a>IsKeyDown9</STRONG> (Thumb, 22 bytes, Stack size 8 bytes, app_key.o(i.IsKeyDown9))
<BR><BR>[Stack]<UL><LI>Max Depth = 8<LI>Call Chain = IsKeyDown9
</UL>
<BR>[Calls]<UL><LI><a href="#[74]">&gt;&gt;</a>&nbsp;&nbsp;&nbsp;IsKeyDown2
<LI><a href="#[73]">&gt;&gt;</a>&nbsp;&nbsp;&nbsp;IsKeyDown1
</UL>
<BR>[Address Reference Count : 1]<UL><LI> app_key.o(i.bsp_InitKeyVar)
</UL>
<P><STRONG><a name="[224]"></a>bsp_DetectKey</STRONG> (Thumb, 166 bytes, Stack size 16 bytes, app_key.o(i.bsp_DetectKey))
<BR><BR>[Stack]<UL><LI>Max Depth = 16<LI>Call Chain = bsp_DetectKey
</UL>
<BR>[Calls]<UL><LI><a href="#[225]">&gt;&gt;</a>&nbsp;&nbsp;&nbsp;bsp_PutKey
</UL>
<BR>[Called By]<UL><LI><a href="#[1db]">&gt;&gt;</a>&nbsp;&nbsp;&nbsp;bsp_KeyScan
</UL>

<P><STRONG><a name="[228]"></a>bsp_InitKeyHard</STRONG> (Thumb, 116 bytes, Stack size 32 bytes, app_key.o(i.bsp_InitKeyHard))
<BR><BR>[Stack]<UL><LI>Max Depth = 68<LI>Call Chain = bsp_InitKeyHard &rArr; HAL_GPIO_Init
</UL>
<BR>[Calls]<UL><LI><a href="#[192]">&gt;&gt;</a>&nbsp;&nbsp;&nbsp;HAL_GPIO_Init
</UL>
<BR>[Called By]<UL><LI><a href="#[226]">&gt;&gt;</a>&nbsp;&nbsp;&nbsp;bsp_InitKey
</UL>

<P><STRONG><a name="[227]"></a>bsp_InitKeyVar</STRONG> (Thumb, 122 bytes, Stack size 12 bytes, app_key.o(i.bsp_InitKeyVar))
<BR><BR>[Stack]<UL><LI>Max Depth = 12<LI>Call Chain = bsp_InitKeyVar
</UL>
<BR>[Called By]<UL><LI><a href="#[226]">&gt;&gt;</a>&nbsp;&nbsp;&nbsp;bsp_InitKey
</UL>

<P><STRONG><a name="[1e0]"></a>UART_Receive_IT</STRONG> (Thumb, 168 bytes, Stack size 8 bytes, stm32f4xx_hal_uart.o(i.UART_Receive_IT))
<BR><BR>[Stack]<UL><LI>Max Depth = 56<LI>Call Chain = UART_Receive_IT &rArr; HAL_UART_RxCpltCallback &rArr; APP_led_rcvisr &rArr; get_chksum16
</UL>
<BR>[Calls]<UL><LI><a href="#[1e6]">&gt;&gt;</a>&nbsp;&nbsp;&nbsp;HAL_UART_RxCpltCallback
</UL>
<BR>[Called By]<UL><LI><a href="#[1df]">&gt;&gt;</a>&nbsp;&nbsp;&nbsp;HAL_UART_IRQHandler
</UL>

<P><STRONG><a name="[1e4]"></a>UART_SetConfig</STRONG> (Thumb, 366 bytes, Stack size 24 bytes, stm32f4xx_hal_uart.o(i.UART_SetConfig))
<BR><BR>[Stack]<UL><LI>Max Depth = 44<LI>Call Chain = UART_SetConfig &rArr; HAL_RCC_GetPCLK2Freq &rArr; HAL_RCC_GetHCLKFreq &rArr; HAL_RCC_GetSysClockFreq
</UL>
<BR>[Calls]<UL><LI><a href="#[1b2]">&gt;&gt;</a>&nbsp;&nbsp;&nbsp;HAL_RCC_GetPCLK2Freq
<LI><a href="#[1b1]">&gt;&gt;</a>&nbsp;&nbsp;&nbsp;HAL_RCC_GetPCLK1Freq
</UL>
<BR>[Called By]<UL><LI><a href="#[aa]">&gt;&gt;</a>&nbsp;&nbsp;&nbsp;HAL_UART_Init
</UL>

<P><STRONG><a name="[1e1]"></a>UART_Transmit_IT</STRONG> (Thumb, 102 bytes, Stack size 0 bytes, stm32f4xx_hal_uart.o(i.UART_Transmit_IT))
<BR><BR>[Called By]<UL><LI><a href="#[1df]">&gt;&gt;</a>&nbsp;&nbsp;&nbsp;HAL_UART_IRQHandler
</UL>

<P><STRONG><a name="[1e5]"></a>UART_WaitOnFlagUntilTimeout</STRONG> (Thumb, 146 bytes, Stack size 32 bytes, stm32f4xx_hal_uart.o(i.UART_WaitOnFlagUntilTimeout))
<BR><BR>[Stack]<UL><LI>Max Depth = 32<LI>Call Chain = UART_WaitOnFlagUntilTimeout
</UL>
<BR>[Calls]<UL><LI><a href="#[a9]">&gt;&gt;</a>&nbsp;&nbsp;&nbsp;HAL_GetTick
</UL>
<BR>[Called By]<UL><LI><a href="#[a3]">&gt;&gt;</a>&nbsp;&nbsp;&nbsp;HAL_UART_Transmit
<LI><a href="#[13e]">&gt;&gt;</a>&nbsp;&nbsp;&nbsp;HAL_UART_Receive
</UL>

<P><STRONG><a name="[1ad]"></a>NVIC_SetPriority</STRONG> (Thumb, 32 bytes, Stack size 0 bytes, stm32f4xx_hal_cortex.o(i.NVIC_SetPriority))
<BR><BR>[Called By]<UL><LI><a href="#[19d]">&gt;&gt;</a>&nbsp;&nbsp;&nbsp;HAL_NVIC_SetPriority
<LI><a href="#[1a7]">&gt;&gt;</a>&nbsp;&nbsp;&nbsp;HAL_SYSTICK_Config
</UL>

<P><STRONG><a name="[191]"></a>ADC_Init</STRONG> (Thumb, 272 bytes, Stack size 8 bytes, stm32f4xx_hal_adc.o(i.ADC_Init))
<BR><BR>[Stack]<UL><LI>Max Depth = 8<LI>Call Chain = ADC_Init
</UL>
<BR>[Called By]<UL><LI><a href="#[9b]">&gt;&gt;</a>&nbsp;&nbsp;&nbsp;HAL_ADC_Init
</UL>

<P><STRONG><a name="[198]"></a>I2S_Receive_IT</STRONG> (Thumb, 98 bytes, Stack size 8 bytes, stm32f4xx_hal_i2s.o(i.I2S_Receive_IT))
<BR><BR>[Stack]<UL><LI>Max Depth = 8<LI>Call Chain = I2S_Receive_IT
</UL>
<BR>[Calls]<UL><LI><a href="#[1e7]">&gt;&gt;</a>&nbsp;&nbsp;&nbsp;HAL_I2S_RxCpltCallback
</UL>
<BR>[Called By]<UL><LI><a href="#[197]">&gt;&gt;</a>&nbsp;&nbsp;&nbsp;HAL_I2S_IRQHandler
</UL>

<P><STRONG><a name="[1c0]"></a>SPI_WaitOnFlagUntilTimeout</STRONG> (Thumb, 158 bytes, Stack size 32 bytes, stm32f4xx_hal_spi.o(i.SPI_WaitOnFlagUntilTimeout))
<BR><BR>[Stack]<UL><LI>Max Depth = 32<LI>Call Chain = SPI_WaitOnFlagUntilTimeout
</UL>
<BR>[Calls]<UL><LI><a href="#[a9]">&gt;&gt;</a>&nbsp;&nbsp;&nbsp;HAL_GetTick
</UL>
<BR>[Called By]<UL><LI><a href="#[c1]">&gt;&gt;</a>&nbsp;&nbsp;&nbsp;HAL_SPI_Transmit
<LI><a href="#[c3]">&gt;&gt;</a>&nbsp;&nbsp;&nbsp;HAL_SPI_Receive
<LI><a href="#[1bf]">&gt;&gt;</a>&nbsp;&nbsp;&nbsp;HAL_SPI_TransmitReceive
</UL>

<P><STRONG><a name="[1c7]"></a>TIM_ETR_SetConfig</STRONG> (Thumb, 20 bytes, Stack size 8 bytes, stm32f4xx_hal_tim.o(i.TIM_ETR_SetConfig))
<BR><BR>[Stack]<UL><LI>Max Depth = 8<LI>Call Chain = TIM_ETR_SetConfig
</UL>
<BR>[Called By]<UL><LI><a href="#[1dd]">&gt;&gt;</a>&nbsp;&nbsp;&nbsp;HAL_TIM_SlaveConfigSynchronization
<LI><a href="#[1c6]">&gt;&gt;</a>&nbsp;&nbsp;&nbsp;HAL_TIM_ConfigClockSource
</UL>

<P><STRONG><a name="[1ca]"></a>TIM_ITRx_SetConfig</STRONG> (Thumb, 16 bytes, Stack size 0 bytes, stm32f4xx_hal_tim.o(i.TIM_ITRx_SetConfig))
<BR><BR>[Called By]<UL><LI><a href="#[1c6]">&gt;&gt;</a>&nbsp;&nbsp;&nbsp;HAL_TIM_ConfigClockSource
</UL>

<P><STRONG><a name="[1c8]"></a>TIM_TI1_ConfigInputStage</STRONG> (Thumb, 34 bytes, Stack size 8 bytes, stm32f4xx_hal_tim.o(i.TIM_TI1_ConfigInputStage))
<BR><BR>[Stack]<UL><LI>Max Depth = 8<LI>Call Chain = TIM_TI1_ConfigInputStage
</UL>
<BR>[Called By]<UL><LI><a href="#[1dd]">&gt;&gt;</a>&nbsp;&nbsp;&nbsp;HAL_TIM_SlaveConfigSynchronization
<LI><a href="#[1c6]">&gt;&gt;</a>&nbsp;&nbsp;&nbsp;HAL_TIM_ConfigClockSource
</UL>

<P><STRONG><a name="[1c9]"></a>TIM_TI2_ConfigInputStage</STRONG> (Thumb, 36 bytes, Stack size 8 bytes, stm32f4xx_hal_tim.o(i.TIM_TI2_ConfigInputStage))
<BR><BR>[Stack]<UL><LI>Max Depth = 8<LI>Call Chain = TIM_TI2_ConfigInputStage
</UL>
<BR>[Called By]<UL><LI><a href="#[1dd]">&gt;&gt;</a>&nbsp;&nbsp;&nbsp;HAL_TIM_SlaveConfigSynchronization
<LI><a href="#[1c6]">&gt;&gt;</a>&nbsp;&nbsp;&nbsp;HAL_TIM_ConfigClockSource
</UL>

<P><STRONG><a name="[1cd]"></a>TIM_TI2_SetConfig</STRONG> (Thumb, 44 bytes, Stack size 12 bytes, stm32f4xx_hal_tim.o(i.TIM_TI2_SetConfig))
<BR><BR>[Stack]<UL><LI>Max Depth = 12<LI>Call Chain = TIM_TI2_SetConfig
</UL>
<BR>[Called By]<UL><LI><a href="#[1cb]">&gt;&gt;</a>&nbsp;&nbsp;&nbsp;HAL_TIM_IC_ConfigChannel
</UL>

<P><STRONG><a name="[217]"></a>_printf_core</STRONG> (Thumb, 658 bytes, Stack size 104 bytes, printf5.o(i._printf_core), UNUSED)
<BR><BR>[Calls]<UL><LI><a href="#[7f]">&gt;&gt;</a>&nbsp;&nbsp;&nbsp;__aeabi_uldivmod
</UL>
<BR>[Called By]<UL><LI><a href="#[216]">&gt;&gt;</a>&nbsp;&nbsp;&nbsp;__0sprintf$5
</UL>

<P><STRONG><a name="[72]"></a>_sputc</STRONG> (Thumb, 10 bytes, Stack size 0 bytes, printf5.o(i._sputc))
<BR><BR>[Called By]<UL><LI><a href="#[216]">&gt;&gt;</a>&nbsp;&nbsp;&nbsp;__0sprintf$5
</UL>
<BR>[Address Reference Count : 1]<UL><LI> printf5.o(i.__0sprintf$5)
</UL><P>
<H3>
Undefined Global Symbols
</H3><HR></body></html>
