Component: ARM Compiler 5.06 update 6 (build 750) Tool: armlink [4d35ed]

==============================================================================

Section Cross References

    startup_stm32f407xx.o(RESET) refers to startup_stm32f407xx.o(STACK) for __initial_sp
    startup_stm32f407xx.o(RESET) refers to startup_stm32f407xx.o(.text) for Reset_Handler
    startup_stm32f407xx.o(RESET) refers to stm32f4xx_it.o(i.SysTick_Handler) for SysTick_Handler
    startup_stm32f407xx.o(RESET) refers to stm32f4xx_it.o(i.DMA1_Stream4_IRQHandler) for DMA1_Stream4_IRQHandler
    startup_stm32f407xx.o(RESET) refers to stm32f4xx_it.o(i.TIM1_BRK_TIM9_IRQHandler) for TIM1_BRK_TIM9_IRQHandler
    startup_stm32f407xx.o(RESET) refers to stm32f4xx_it.o(i.TIM2_IRQHandler) for TIM2_IRQHandler
    startup_stm32f407xx.o(RESET) refers to stm32f4xx_it.o(i.TIM3_IRQHandler) for TIM3_IRQHandler
    startup_stm32f407xx.o(RESET) refers to stm32f4xx_it.o(i.SPI2_IRQHandler) for SPI2_IRQHandler
    startup_stm32f407xx.o(RESET) refers to stm32f4xx_it.o(i.USART1_IRQHandler) for USART1_IRQHandler
    startup_stm32f407xx.o(RESET) refers to stm32f4xx_it.o(i.USART3_IRQHandler) for USART3_IRQHandler
    startup_stm32f407xx.o(RESET) refers to stm32f4xx_it.o(i.TIM8_BRK_TIM12_IRQHandler) for TIM8_BRK_TIM12_IRQHandler
    startup_stm32f407xx.o(RESET) refers to stm32f4xx_it.o(i.TIM8_TRG_COM_TIM14_IRQHandler) for TIM8_TRG_COM_TIM14_IRQHandler
    startup_stm32f407xx.o(RESET) refers to stm32f4xx_it.o(i.TIM8_CC_IRQHandler) for TIM8_CC_IRQHandler
    startup_stm32f407xx.o(RESET) refers to stm32f4xx_it.o(i.TIM5_IRQHandler) for TIM5_IRQHandler
    startup_stm32f407xx.o(RESET) refers to stm32f4xx_it.o(i.UART4_IRQHandler) for UART4_IRQHandler
    startup_stm32f407xx.o(RESET) refers to stm32f4xx_it.o(i.UART5_IRQHandler) for UART5_IRQHandler
    startup_stm32f407xx.o(RESET) refers to stm32f4xx_it.o(i.TIM6_DAC_IRQHandler) for TIM6_DAC_IRQHandler
    startup_stm32f407xx.o(RESET) refers to stm32f4xx_it.o(i.TIM7_IRQHandler) for TIM7_IRQHandler
    startup_stm32f407xx.o(RESET) refers to stm32f4xx_it.o(i.DMA2_Stream0_IRQHandler) for DMA2_Stream0_IRQHandler
    startup_stm32f407xx.o(RESET) refers to stm32f4xx_it.o(i.USART6_IRQHandler) for USART6_IRQHandler
    startup_stm32f407xx.o(.text) refers to system_stm32f4xx.o(i.SystemInit) for SystemInit
    startup_stm32f407xx.o(.text) refers to entry.o(.ARM.Collect$$$$00000000) for __main
    stm32f4xx_it.o(i.DMA1_Stream4_IRQHandler) refers to stm32f4xx_hal_cortex.o(i.HAL_NVIC_ClearPendingIRQ) for HAL_NVIC_ClearPendingIRQ
    stm32f4xx_it.o(i.DMA1_Stream4_IRQHandler) refers to stm32f4xx_hal_dma.o(i.HAL_DMA_IRQHandler) for HAL_DMA_IRQHandler
    stm32f4xx_it.o(i.DMA1_Stream4_IRQHandler) refers to main.o(.bss) for hdma_spi2_tx
    stm32f4xx_it.o(i.DMA2_Stream0_IRQHandler) refers to stm32f4xx_hal_cortex.o(i.HAL_NVIC_ClearPendingIRQ) for HAL_NVIC_ClearPendingIRQ
    stm32f4xx_it.o(i.DMA2_Stream0_IRQHandler) refers to stm32f4xx_hal_dma.o(i.HAL_DMA_IRQHandler) for HAL_DMA_IRQHandler
    stm32f4xx_it.o(i.DMA2_Stream0_IRQHandler) refers to main.o(.bss) for hdma_adc1
    stm32f4xx_it.o(i.SPI2_IRQHandler) refers to stm32f4xx_hal_cortex.o(i.HAL_NVIC_ClearPendingIRQ) for HAL_NVIC_ClearPendingIRQ
    stm32f4xx_it.o(i.SPI2_IRQHandler) refers to stm32f4xx_hal_i2s.o(i.HAL_I2S_IRQHandler) for HAL_I2S_IRQHandler
    stm32f4xx_it.o(i.SPI2_IRQHandler) refers to main.o(.bss) for hi2s2
    stm32f4xx_it.o(i.SysTick_Handler) refers to stm32f4xx_hal.o(i.HAL_IncTick) for HAL_IncTick
    stm32f4xx_it.o(i.SysTick_Handler) refers to stm32f4xx_hal_cortex.o(i.HAL_SYSTICK_IRQHandler) for HAL_SYSTICK_IRQHandler
    stm32f4xx_it.o(i.TIM1_BRK_TIM9_IRQHandler) refers to stm32f4xx_hal_cortex.o(i.HAL_NVIC_ClearPendingIRQ) for HAL_NVIC_ClearPendingIRQ
    stm32f4xx_it.o(i.TIM1_BRK_TIM9_IRQHandler) refers to stm32f4xx_hal_tim.o(i.HAL_TIM_IRQHandler) for HAL_TIM_IRQHandler
    stm32f4xx_it.o(i.TIM1_BRK_TIM9_IRQHandler) refers to main.o(.bss) for htim9
    stm32f4xx_it.o(i.TIM2_IRQHandler) refers to stm32f4xx_hal_cortex.o(i.HAL_NVIC_ClearPendingIRQ) for HAL_NVIC_ClearPendingIRQ
    stm32f4xx_it.o(i.TIM2_IRQHandler) refers to stm32f4xx_hal_tim.o(i.HAL_TIM_IRQHandler) for HAL_TIM_IRQHandler
    stm32f4xx_it.o(i.TIM2_IRQHandler) refers to main.o(.bss) for htim2
    stm32f4xx_it.o(i.TIM3_IRQHandler) refers to stm32f4xx_hal_cortex.o(i.HAL_NVIC_ClearPendingIRQ) for HAL_NVIC_ClearPendingIRQ
    stm32f4xx_it.o(i.TIM3_IRQHandler) refers to stm32f4xx_hal_tim.o(i.HAL_TIM_IRQHandler) for HAL_TIM_IRQHandler
    stm32f4xx_it.o(i.TIM3_IRQHandler) refers to main.o(.bss) for htim3
    stm32f4xx_it.o(i.TIM5_IRQHandler) refers to stm32f4xx_hal_cortex.o(i.HAL_NVIC_ClearPendingIRQ) for HAL_NVIC_ClearPendingIRQ
    stm32f4xx_it.o(i.TIM5_IRQHandler) refers to stm32f4xx_hal_tim.o(i.HAL_TIM_IRQHandler) for HAL_TIM_IRQHandler
    stm32f4xx_it.o(i.TIM5_IRQHandler) refers to main.o(.bss) for htim5
[...]
    ParamQryUPLmt                            0x0800ddb9   Thumb Code   156  app_prtc.o(i.ParamQryUPLmt)
    ParamQryWkMod                            0x0800de5d   Thumb Code    68  app_prtc.o(i.ParamQryWkMod)
    ParamSetDevAddr                          0x0800dea9   Thumb Code    86  app_prtc.o(i.ParamSetDevAddr)
    ParamSetDevIpPort                        0x0800df09   Thumb Code    98  app_prtc.o(i.ParamSetDevIpPort)
    ParamSetDevLnkReconIntvl                 0x0800df75   Thumb Code    96  app_prtc.o(i.ParamSetDevLnkReconIntvl)
    ParamSetDevPwd                           0x0800dfdd   Thumb Code   140  app_prtc.o(i.ParamSetDevPwd)
    ParamSetDevRTDReptIntvl                  0x0800e071   Thumb Code    96  app_prtc.o(i.ParamSetDevRTDReptIntvl)
    ParamSetDevRecIntvl                      0x0800e0d9   Thumb Code    96  app_prtc.o(i.ParamSetDevRecIntvl)
    ParamSetDevRtc                           0x0800e141   Thumb Code    70  app_prtc.o(i.ParamSetDevRtc)
    ParamSetDevUpd                           0x0800e18d   Thumb Code    64  app_prtc.o(i.ParamSetDevUpd)
    ParamSetFngrDat                          0x0800e1d1   Thumb Code   652  app_prtc.o(i.ParamSetFngrDat)
    ParamSetHrtIntvl                         0x0800e499   Thumb Code    96  app_prtc.o(i.ParamSetHrtIntvl)
    ParamSetSnsrCfg                          0x0800e501   Thumb Code   104  app_prtc.o(i.ParamSetSnsrCfg)
    ParamSetSnsrTyp                          0x0800e571   Thumb Code   160  app_prtc.o(i.ParamSetSnsrTyp)
    ParamSetUPLmt                            0x0800e619   Thumb Code   160  app_prtc.o(i.ParamSetUPLmt)
    ParamSetWkMod                            0x0800e6c1   Thumb Code    82  app_prtc.o(i.ParamSetWkMod)
    Param_Del_FngrDat                        0x0800e71d   Thumb Code   204  app_prtc.o(i.Param_Del_FngrDat)
    Param_Restart                            0x0800e7ed   Thumb Code    58  app_prtc.o(i.Param_Restart)
    RTC_Bcd2ToByte                           0x0800e82d   Thumb Code    18  stm32f4xx_hal_rtc.o(i.RTC_Bcd2ToByte)
    RTC_ByteToBcd2                           0x0800e83f   Thumb Code    22  stm32f4xx_hal_rtc.o(i.RTC_ByteToBcd2)
    RTC_EnterInitMode                        0x0800e855   Thumb Code    58  stm32f4xx_hal_rtc.o(i.RTC_EnterInitMode)
    RxOverDly                                0x0800e8f5   Thumb Code    86  app_comser.o(i.RxOverDly)
    SIM7600CE_SENDAT_ATE0                    0x0800e95d   Thumb Code    42  app_sim7600ce.o(i.SIM7600CE_SENDAT_ATE0)
    SIM7600CE_SENDAT_CIPCCFG                 0x0800e999   Thumb Code    36  app_sim7600ce.o(i.SIM7600CE_SENDAT_CIPCCFG)
    SIM7600CE_SENDAT_CIPHEAD                 0x0800e9c9   Thumb Code    36  app_sim7600ce.o(i.SIM7600CE_SENDAT_CIPHEAD)
    SIM7600CE_SENDAT_CIPMODE                 0x0800e9f9   Thumb Code    36  app_sim7600ce.o(i.SIM7600CE_SENDAT_CIPMODE)
    SIM7600CE_SENDAT_CIPOPEN                 0x0800ea29   Thumb Code    36  app_sim7600ce.o(i.SIM7600CE_SENDAT_CIPOPEN)
    SIM7600CE_SENDAT_CIPRXGET                0x0800ea59   Thumb Code    36  app_sim7600ce.o(i.SIM7600CE_SENDAT_CIPRXGET)
    SIM7600CE_SENDAT_CIPSEND                 0x0800ea89   Thumb Code   182  app_sim7600ce.o(i.SIM7600CE_SENDAT_CIPSEND)
    SIM7600CE_SENDAT_CIPSRIP                 0x0800eb79   Thumb Code    36  app_sim7600ce.o(i.SIM7600CE_SENDAT_CIPSRIP)
    SIM7600CE_SENDAT_NETOPEN                 0x0800eba9   Thumb Code    36  app_sim7600ce.o(i.SIM7600CE_SENDAT_NETOPEN)
    SIM7600CE_pow_on                         0x0800ebd9   Thumb Code   130  app_sim7600ce.o(i.SIM7600CE_pow_on)
    SPI2_IRQHandler                          0x0800ec69   Thumb Code    18  stm32f4xx_it.o(i.SPI2_IRQHandler)
    SetRTC                                   0x0800ed21   Thumb Code    86  app_prtc.o(i.SetRTC)
    StartTimeoutCnt                          0x0800ed7d   Thumb Code    42  app_comser.o(i.StartTimeoutCnt)
    SysTick_Handler                          0x0800edad   Thumb Code    14  stm32f4xx_it.o(i.SysTick_Handler)
    SystemClock_Config                       0x0800edbd   Thumb Code   138  main.o(i.SystemClock_Config)
    SystemInit                               0x0800ee51   Thumb Code    66  system_stm32f4xx.o(i.SystemInit)
    TIM1_BRK_TIM9_IRQHandler                 0x0800eea5   Thumb Code    18  stm32f4xx_it.o(i.TIM1_BRK_TIM9_IRQHandler)
    TIM2_IRQHandler                          0x0800eebd   Thumb Code    18  stm32f4xx_it.o(i.TIM2_IRQHandler)
    TIM3_IRQHandler                          0x0800eed5   Thumb Code    18  stm32f4xx_it.o(i.TIM3_IRQHandler)
    TIM5_IRQHandler                          0x0800eeed   Thumb Code    18  stm32f4xx_it.o(i.TIM5_IRQHandler)
    TIM6_DAC_IRQHandler                      0x0800ef05   Thumb Code    18  stm32f4xx_it.o(i.TIM6_DAC_IRQHandler)
    TIM7_IRQHandler                          0x0800ef1d   Thumb Code    18  stm32f4xx_it.o(i.TIM7_IRQHandler)
    TIM8_BRK_TIM12_IRQHandler                0x0800ef35   Thumb Code    24  stm32f4xx_it.o(i.TIM8_BRK_TIM12_IRQHandler)
    TIM8_CC_IRQHandler                       0x0800ef55   Thumb Code    18  stm32f4xx_it.o(i.TIM8_CC_IRQHandler)
    TIM8_TRG_COM_TIM14_IRQHandler            0x0800ef6d   Thumb Code    24  stm32f4xx_it.o(i.TIM8_TRG_COM_TIM14_IRQHandler)
    TIM_Base_SetConfig                       0x0800ef8d   Thumb Code   148  stm32f4xx_hal_tim.o(i.TIM_Base_SetConfig)
    TIM_CCxChannelCmd                        0x0800f04d   Thumb Code    22  stm32f4xx_hal_tim.o(i.TIM_CCxChannelCmd)
    TIM_TI1_SetConfig                        0x0800f0a9   Thumb Code    98  stm32f4xx_hal_tim.o(i.TIM_TI1_SetConfig)
    TIP_frame_get                            0x0800f179   Thumb Code   650  app_prtc.o(i.TIP_frame_get)
    TIP_init                                 0x0800f421   Thumb Code   154  app_prtc.o(i.TIP_init)
    UART4_IRQHandler                         0x0800f4dd   Thumb Code    18  stm32f4xx_it.o(i.UART4_IRQHandler)
    UART5_IRQHandler                         0x0800f4f5   Thumb Code    56  stm32f4xx_it.o(i.UART5_IRQHandler)
    UDP_AT_INIT                              0x0800f84d   Thumb Code    88  app_network.o(i.UDP_AT_INIT)
    USART1_IRQHandler                        0x0800f8b9   Thumb Code    18  stm32f4xx_it.o(i.USART1_IRQHandler)
    USART3_IRQHandler                        0x0800f8d1   Thumb Code    18  stm32f4xx_it.o(i.USART3_IRQHandler)
    USART6_IRQHandler                        0x0800f8e9   Thumb Code    56  stm32f4xx_it.o(i.USART6_IRQHandler)
    UnPackBCD                                0x0800f929   Thumb Code   378  app_bcd.o(i.UnPackBCD)
    UnPacksBCD                               0x0800fab1   Thumb Code   404  app_bcd.o(i.UnPacksBCD)
    __0sprintf$5                             0x0800fc51   Thumb Code    34  printf5.o(i.__0sprintf$5)
    __1sprintf$5                             0x0800fc51   Thumb Code     0  printf5.o(i.__0sprintf$5)
    __2sprintf                               0x0800fc51   Thumb Code     0  printf5.o(i.__0sprintf$5)
    __ARM_fpclassify                         0x0800fc79   Thumb Code    48  fpclassify.o(i.__ARM_fpclassify)
    __hardfp_fabs                            0x0800fca9   Thumb Code    20  fabs.o(i.__hardfp_fabs)
    __hardfp_pow                             0x0800fcc1   Thumb Code  3072  pow.o(i.__hardfp_pow)
    __kernel_poly                            0x08010911   Thumb Code   248  poly.o(i.__kernel_poly)
    __mathlib_dbl_divzero                    0x08010a09   Thumb Code    28  dunder.o(i.__mathlib_dbl_divzero)
    __mathlib_dbl_infnan2                    0x08010a39   Thumb Code    20  dunder.o(i.__mathlib_dbl_infnan2)
    __mathlib_dbl_invalid                    0x08010a51   Thumb Code    24  dunder.o(i.__mathlib_dbl_invalid)
    __mathlib_dbl_overflow                   0x08010a71   Thumb Code    24  dunder.o(i.__mathlib_dbl_overflow)
    __mathlib_dbl_underflow                  0x08010a91   Thumb Code    24  dunder.o(i.__mathlib_dbl_underflow)
    __ring_buffer_get                        0x08010ab1   Thumb Code   100  app_fifo.o(i.__ring_buffer_get)
    __scatterload_copy                       0x08010b15   Thumb Code    14  handlers.o(i.__scatterload_copy)
    __scatterload_null                       0x08010b23   Thumb Code     2  handlers.o(i.__scatterload_null)
    __scatterload_zeroinit                   0x08010b25   Thumb Code    14  handlers.o(i.__scatterload_zeroinit)
    __set_errno                              0x08010b35   Thumb Code     6  errno.o(i.__set_errno)
    bsp_GetKey                               0x08010eb9   Thumb Code    32  app_key.o(i.bsp_GetKey)
    bsp_InitKey                              0x08010edd   Thumb Code    14  app_key.o(i.bsp_InitKey)
    bsp_KeyScan                              0x08011011   Thumb Code    20  app_key.o(i.bsp_KeyScan)
    bsp_PutKey                               0x08011025   Thumb Code    24  app_key.o(i.bsp_PutKey)
    cmp_char                                 0x08011041   Thumb Code   162  app_network.o(i.cmp_char)
    create_Ab                                0x080110e5   Thumb Code    36  app_linear.o(i.create_Ab)
    delay                                    0x08011109   Thumb Code     6  main.o(i.delay)
    exchange_row                             0x08011111   Thumb Code   112  app_linear.o(i.exchange_row)
    fabs                                     0x08011181   Thumb Code    24  fabs.o(i.fabs)
    frame2struct                             0x08011199   Thumb Code   106  app_finger.o(i.frame2struct)
    frame_invalid                            0x08011209   Thumb Code    58  app_prtc.o(i.frame_invalid)
    frame_link_chk                           0x08011249   Thumb Code    48  app_prtc.o(i.frame_link_chk)
    get_TLV_length                           0x0801127d   Thumb Code    22  app_led.o(i.get_TLV_length)
    get_alpha                                0x08011295   Thumb Code   120  app_linear.o(i.get_alpha)
    get_beta                                 0x08011319   Thumb Code   342  app_linear.o(i.get_beta)
    get_chksum16                             0x0801146f   Thumb Code    26  app_led.o(i.get_chksum16)
    get_coefficient                          0x08011489   Thumb Code    78  app_linear.o(i.get_coefficient)
    get_correctionfactor                     0x080114dd   Thumb Code   142  app_linear.o(i.get_correctionfactor)
    get_vector                               0x0801156d   Thumb Code    42  app_linear.o(i.get_vector)
    guass_elimination                        0x0801159d   Thumb Code   388  app_linear.o(i.guass_elimination)
    link_layer_pack                          0x08011729   Thumb Code    62  app_prtc.o(i.link_layer_pack)
    main                                     0x08011769   Thumb Code  1292  main.o(i.main)
    mrtn2frame                               0x08011c81   Thumb Code   152  app_prtc.o(i.mrtn2frame)
    my_arrayarray                            0x08011d1d   Thumb Code    72  app_network.o(i.my_arrayarray)
    novar_print                              0x08011d65   Thumb Code     2  app_network.o(i.novar_print)
    rtn2frame                                0x08011d69   Thumb Code   128  app_prtc.o(i.rtn2frame)
    sqrt                                     0x08011ded   Thumb Code   110  sqrt.o(i.sqrt)
    statemachine_init                        0x08011e5d   Thumb Code    20  app_network.o(i.statemachine_init)
    struct2frame                             0x08011e79   Thumb Code   112  app_finger.o(i.struct2frame)
    CRCTable                                 0x08011ee8   Data         256  app_crc.o(.constdata)
    SRT_PM                                   0x08011fe8   Data         384  app_led.o(.constdata)
    SRT_TH                                   0x08012168   Data         384  app_led.o(.constdata)
    SRT_WIND                                 0x080122e8   Data         384  app_led.o(.constdata)
    SRT_WN                                   0x08012468   Data         384  app_led.o(.constdata)
    SRT_FLAG                                 0x080125e8   Data         384  app_led.o(.constdata)
    SRT_PMW                                  0x08012768   Data         768  app_led.o(.constdata)
    SRT_THN                                  0x08012a68   Data         768  app_led.o(.constdata)
    APBAHBPrescTable                         0x08012d68   Data          16  stm32f4xx_hal_rcc.o(.constdata)
    __mathlib_zero                           0x08012e00   Data           8  qnan.o(.constdata)
    Region$$Table$$Base                      0x08012e08   Number         0  anon$$obj.o(Region$$Table)
    Region$$Table$$Limit                     0x08012e28   Number         0  anon$$obj.o(Region$$Table)
    flag_welcome                             0x20000008   Data           1  main.o(.data)
    gprs_rssi                                0x2000000a   Data           1  main.o(.data)
    DTU_rssi                                 0x2000000b   Data           1  main.o(.data)
    zigbee_rssi                              0x2000000c   Data           1  main.o(.data)
    gps_fixed                                0x2000000d   Data           1  main.o(.data)
    flag_wklp_check                          0x2000000e   Data           1  main.o(.data)
    flag_alarm_find                          0x2000000f   Data           1  main.o(.data)
    flag_datsave                             0x20000010   Data           1  main.o(.data)
    flag_datrpt                              0x20000011   Data           1  main.o(.data)
    flag_framrst                             0x20000012   Data           1  main.o(.data)
    frq1_count                               0x20000014   Data           4  main.o(.data)
    frq2_count                               0x20000018   Data           4  main.o(.data)
    tick_powerup                             0x2000005c   Data           4  main.o(.data)
    NAND_WPTR                                0x20000060   Data           4  main.o(.data)
    timer_datsave                            0x20000064   Data           4  main.o(.data)
    timer_datrpt                             0x20000068   Data           4  main.o(.data)
    hrng                                     0x2000006c   Data           8  main.o(.data)
    mmi_rcvbyte                              0x20000078   Data           1  app_mmi.o(.data)
    tempV                                    0x200000a2   Data           1  app_prtc.o(.data)
    tempA                                    0x200000c0   Data           5  app_prtc.o(.data)
    fingerdata                               0x200000c8   Data           8  app_prtc.o(.data)
    led_rcvbyte                              0x200000d4   Data           1  app_led.o(.data)
    led_stat                                 0x20000108   Data           4  app_led.o(.data)
    upsnr_rcvbyte                            0x2000010e   Data           1  app_upsnr.o(.data)
    fngr_stat                                0x20000116   Data           6  app_finger.o(.data)
    re_Entr                                  0x20000124   Data           2  app_network.o(.data)
    re_Enter                                 0x20000126   Data           3  app_network.o(.data)
    re_Asendu                                0x20000129   Data           4  app_network.o(.data)
    smflag                                   0x20000134   Data           4  app_network.o(.data)
    or_At                                    0x20000138   Data           5  app_network.o(.data)
    re_Arcv                                  0x2000013d   Data           5  app_network.o(.data)
    or_Ate0                                  0x20000142   Data           7  app_network.o(.data)
    re_ok                                    0x20000149   Data           7  app_network.o(.data)
    or_Aopen                                 0x20000150   Data          14  app_network.o(.data)
    or_Aipset                                0x2000015e   Data          38  app_network.o(.data)
    or_Asendu                                0x20000184   Data          25  app_network.o(.data)
    or_CSQ                                   0x2000019d   Data           9  app_network.o(.data)
    or_CIPCCFG                               0x200001a6   Data          13  app_network.o(.data)
    or_CIPSRIP                               0x200001b3   Data          15  app_network.o(.data)
    or_CIPHEAD                               0x200001c2   Data          15  app_network.o(.data)
    or_CIPMODE                               0x200001d1   Data          15  app_network.o(.data)
    or_NETOPEN                               0x200001e0   Data          13  app_network.o(.data)
    or_CIPRXGET                              0x200001ed   Data          16  app_network.o(.data)
    or_CIPOPEN                               0x200001fd   Data          28  app_network.o(.data)
    or_CIPSEND                               0x20000219   Data          40  app_network.o(.data)
    re_NETOPEN                               0x20000241   Data          14  app_network.o(.data)
    re_CIPOPEN                               0x2000024f   Data          16  app_network.o(.data)
    re_Aopen                                 0x2000025f   Data          30  app_network.o(.data)
    re_Aopen2                                0x2000027d   Data          32  app_network.o(.data)
    re_Aipset                                0x2000029d   Data          31  app_network.o(.data)
    re_Aipset2                               0x200002bc   Data          33  app_network.o(.data)
    re_Arecv                                 0x200002dd   Data          15  app_network.o(.data)
    re_CSQ                                   0x200002ec   Data           9  app_network.o(.data)
    SystemCoreClock                          0x20000300   Data           4  system_stm32f4xx.o(.data)
    AHBPrescTable                            0x20000304   Data          16  system_stm32f4xx.o(.data)
    dustmon_info                             0x20000354   Data          60  main.o(.bss)
    dustmon_notice                           0x20000390   Data         260  main.o(.bss)
    device_ver                               0x20000494   Data          20  main.o(.bss)
    device_info                              0x200004a8   Data         220  main.o(.bss)
    floor_tbl                                0x20000584   Data         100  main.o(.bss)
    limit_tbl                                0x200005e8   Data         568  main.o(.bss)
    cali_tbl                                 0x20000820   Data        3184  main.o(.bss)
    hadc1                                    0x20001490   Data          68  main.o(.bss)
    hi2s2                                    0x200014d4   Data          64  main.o(.bss)
    hiwdg                                    0x20001514   Data          16  main.o(.bss)
    hrtc                                     0x20001524   Data          32  main.o(.bss)
    hspi3                                    0x20001544   Data          84  main.o(.bss)
    htim2                                    0x20001598   Data          60  main.o(.bss)
    htim3                                    0x200015d4   Data          60  main.o(.bss)
    htim5                                    0x20001610   Data          60  main.o(.bss)
    htim6                                    0x2000164c   Data          60  main.o(.bss)
    htim7                                    0x20001688   Data          60  main.o(.bss)
    htim8                                    0x200016c4   Data          60  main.o(.bss)
    htim9                                    0x20001700   Data          60  main.o(.bss)
    htim12                                   0x2000173c   Data          60  main.o(.bss)
    htim14                                   0x20001778   Data          60  main.o(.bss)
    huart4                                   0x200017b4   Data          64  main.o(.bss)
    huart5                                   0x200017f4   Data          64  main.o(.bss)
    huart1                                   0x20001834   Data          64  main.o(.bss)
    huart3                                   0x20001874   Data          64  main.o(.bss)
    huart6                                   0x200018b4   Data          64  main.o(.bss)
    hnand1                                   0x200018f4   Data          56  main.o(.bss)
    driver                                   0x2000192c   Data          20  main.o(.bss)
    elivator_info                            0x20001940   Data          20  main.o(.bss)
    hdma_adc1                                0x20001954   Data          80  main.o(.bss)
    hdma_spi2_tx                             0x200019a4   Data          80  main.o(.bss)
    hdma_spi3_tx                             0x200019f4   Data          80  main.o(.bss)
    hdma_spi3_rx                             0x20001a44   Data          80  main.o(.bss)
    databuf                                  0x20001a94   Data          10  app_mmi.o(.bss)
    scrdat                                   0x20001aa0   Data         844  app_mmi.o(.bss)
    mmi_sendbuf                              0x20001dec   Data        1008  app_mmi.o(.bss)
    mmi_rcvbuf                               0x200021dc   Data          96  app_mmi.o(.bss)
    mmi_stat                                 0x2000223c   Data          40  app_mmi.o(.bss)
    sensor_dat                               0x200022ac   Data        3500  app_sensor.o(.bss)
    sensor_value                             0x20003058   Data         280  app_sensor.o(.bss)
    elivator_stat                            0x20003170   Data          16  app_sensor.o(.bss)
    valve_stat                               0x20003180   Data          12  app_sensor.o(.bss)
    alarm_shadow                             0x2000318c   Data         280  app_sensor.o(.bss)
    upperiod_value                           0x200032a4   Data         180  app_sensor.o(.bss)
    upsave_value                             0x20003358   Data         180  app_sensor.o(.bss)
    workloop                                 0x2000340c   Data          36  app_sensor.o(.bss)
    upalarm_dat                              0x20003430   Data        2496  app_sensor.o(.bss)
    upcali_dat                               0x20003df0   Data          64  app_sensor.o(.bss)
    save_value                               0x20003e30   Data         108  app_sensor.o(.bss)
    audio_play                               0x20003e9c   Data         132  app_audio.o(.bss)
    ComSerCtr                                0x20003f20   Data        3232  app_comser.o(.bss)
    extparam                                 0x20004bc0   Data         272  app_comser.o(.bss)
    recvfifo_5                               0x20005d10   Data          16  app_fifo.o(.bss)
    sendfifo_5                               0x20005d20   Data          16  app_fifo.o(.bss)
    mfappfifo_5                              0x20005d30   Data          16  app_fifo.o(.bss)
    recvbuf_5                                0x20005d40   Data        8192  app_fifo.o(.bss)
    sendbuf_5                                0x20007d40   Data        8192  app_fifo.o(.bss)
    mfappbuf_5                               0x20009d40   Data        8192  app_fifo.o(.bss)
    recvfifo_6                               0x2000bd40   Data          16  app_fifo.o(.bss)
    sendfifo_6                               0x2000bd50   Data          16  app_fifo.o(.bss)
    recvbuf_6                                0x2000bd60   Data        8192  app_fifo.o(.bss)
    sendbuf_6                                0x2000dd60   Data        8192  app_fifo.o(.bss)
    StatusFlag                               0x2000fd60   Data          28  app_prtc.o(.bss)
    rtn                                      0x2000fd7c   Data          24  app_prtc.o(.bss)
    rtnbuf                                   0x2000fd94   Data         248  app_prtc.o(.bss)
    mrtn                                     0x2000fe8c   Data         472  app_prtc.o(.bss)
    mrtnbuf                                  0x20010064   Data        3968  app_prtc.o(.bss)
    mrtnbuffer                               0x20010fe4   Data        3968  app_prtc.o(.bss)
    upplatdata                               0x20011f64   Data         136  app_prtc.o(.bss)
    UPPlatWrnData                            0x20011fec   Data         268  app_prtc.o(.bss)
    crcbuf                                   0x200120f8   Data         255  app_prtc.o(.bss)
    system_parameter                         0x200121f8   Data         772  app_prtc.o(.bss)
    RFULL_frame                              0x200124fc   Data         260  app_prtc.o(.bss)
    led_sendbuf                              0x2001260c   Data        2008  app_led.o(.bss)
    led_rcvbuf                               0x20012de4   Data         128  app_led.o(.bss)
    upsnr_rcvbuf                             0x20012e64   Data          88  app_upsnr.o(.bss)
    fngr_struct_send                         0x20012ebc   Data        2048  app_finger.o(.bss)
    fngr_send_frm                            0x200136bc   Data        2048  app_finger.o(.bss)
    fngr_recv_frm                            0x20013ebc   Data        2048  app_finger.o(.bss)
    fngrbuf                                  0x200146bc   Data         512  app_finger.o(.bss)
    __initial_sp                             0x20015170   Data           0  startup_stm32f407xx.o(STACK)



==============================================================================

Memory Map of the image

  Image Entry point : 0x08000189

  Load Region LR_IROM1 (Base: 0x08000000, Size: 0x00013144, Max: 0x00100000, ABSOLUTE, COMPRESSED[0x00012f30])

    Execution Region ER_IROM1 (Exec base: 0x08000000, Load base: 0x08000000, Size: 0x00012e28, Max: 0x00100000, ABSOLUTE)

    Exec Addr    Load Addr    Size         Type   Attr      Idx    E Section Name        Object

    0x08000000   0x08000000   0x00000188   Data   RO            3    RESET               startup_stm32f407xx.o
    0x08000188   0x08000188   0x00000000   Code   RO         7255  * .ARM.Collect$$$$00000000  mc_w.l(entry.o)
    0x08000188   0x08000188   0x00000004   Code   RO         7642    .ARM.Collect$$$$00000001  mc_w.l(entry2.o)
    0x0800018c   0x0800018c   0x00000004   Code   RO         7645    .ARM.Collect$$$$00000004  mc_w.l(entry5.o)
    0x08000190   0x08000190   0x00000000   Code   RO         7647    .ARM.Collect$$$$00000008  mc_w.l(entry7b.o)
    0x08000190   0x08000190   0x00000000   Code   RO         7649    .ARM.Collect$$$$0000000A  mc_w.l(entry8b.o)
    0x08000190   0x08000190   0x00000008   Code   RO         7650    .ARM.Collect$$$$0000000B  mc_w.l(entry9a.o)
    0x08000198   0x08000198   0x00000000   Code   RO         7652    .ARM.Collect$$$$0000000D  mc_w.l(entry10a.o)
    0x08000198   0x08000198   0x00000000   Code   RO         7654    .ARM.Collect$$$$0000000F  mc_w.l(entry11a.o)
    0x08000198   0x08000198   0x00000004   Code   RO         7643    .ARM.Collect$$$$00002712  mc_w.l(entry2.o)
    0x0800019c   0x0800019c   0x00000024   Code   RO            4    .text               startup_stm32f407xx.o
    0x080001c0   0x080001c0   0x00000062   Code   RO         7258    .text               mc_w.l(uldiv.o)
    0x08000222   0x08000222   0x00000024   Code   RO         7260    .text               mc_w.l(memcpya.o)
    0x08000246   0x08000246   0x00000024   Code   RO         7262    .text               mc_w.l(memseta.o)
    0x0800026a   0x0800026a   0x0000000e   Code   RO         7264    .text               mc_w.l(strlen.o)
    0x08000278   0x08000278   0x0000001c   Code   RO         7266    .text               mc_w.l(strcmp.o)
    0x08000294   0x08000294   0x00000012   Code   RO         7268    .text               mc_w.l(strcpy.o)
    0x080002a6   0x080002a6   0x0000014e   Code   RO         7561    .text               mf_w.l(dadd.o)
    0x080003f4   0x080003f4   0x000000e4   Code   RO         7563    .text               mf_w.l(dmul.o)
    0x080004d8   0x080004d8   0x000000de   Code   RO         7565    .text               mf_w.l(ddiv.o)
    0x080005b6   0x080005b6   0x00000022   Code   RO         7567    .text               mf_w.l(dflti.o)
    0x080005d8   0x080005d8   0x0000001a   Code   RO         7569    .text               mf_w.l(dfltui.o)
    0x080005f2   0x080005f2   0x0000003e   Code   RO         7571    .text               mf_w.l(dfixi.o)
    0x08000630   0x08000630   0x00000032   Code   RO         7573    .text               mf_w.l(dfixui.o)
    0x08000662   0x08000662   0x00000026   Code   RO         7575    .text               mf_w.l(f2d.o)
    0x08000688   0x08000688   0x00000030   Code   RO         7577    .text               mf_w.l(cdcmple.o)
    0x080006b8   0x080006b8   0x00000030   Code   RO         7579    .text               mf_w.l(cdrcmple.o)
    0x080006e8   0x080006e8   0x00000038   Code   RO         7581    .text               mf_w.l(d2f.o)
    0x08000720   0x08000720   0x0000001e   Code   RO         7661    .text               mc_w.l(llshl.o)
    0x0800073e   0x0800073e   0x00000020   Code   RO         7663    .text               mc_w.l(llushr.o)
    0x0800075e   0x0800075e   0x00000024   Code   RO         7665    .text               mc_w.l(llsshr.o)
    0x08000782   0x08000782   0x00000000   Code   RO         7676    .text               mc_w.l(iusefp.o)
    0x08000782   0x08000782   0x0000006e   Code   RO         7677    .text               mf_w.l(fepilogue.o)
    0x080007f0   0x080007f0   0x000000ba   Code   RO         7679    .text               mf_w.l(depilogue.o)
    0x080008aa   0x080008aa   0x0000002e   Code   RO         7683    .text               mf_w.l(dscalb.o)
    0x080008d8   0x080008d8   0x00000024   Code   RO         7687    .text               mc_w.l(init.o)
    0x080008fc   0x080008fc   0x000000a2   Code   RO         7691    .text               mf_w.l(dsqrt.o)
    0x0800099e   0x0800099e   0x00000056   Code   RO         7701    .text               mc_w.l(__dczerorl2.o)
    0x080009f4   0x080009f4   0x0000011c   Code   RO         4669    i.ADC_Init          stm32f4xx_hal_adc.o
    0x08000b10   0x08000b10   0x0000021c   Code   RO          393    i.APP_ADC1_convert  main.o
    0x08000d2c   0x08000d2c   0x00000044   Code   RO          394    i.APP_ADC1_ini      main.o
    0x08000d70   0x08000d70   0x00000038   Code   RO         3339    i.APP_KEY_TASK      app_key.o
    0x08000da8   0x08000da8   0x00000036   Code   RO         1717    i.APP_NAND_MDF      app_datrec.o
    0x08000dde   0x08000dde   0x00000002   PAD
    0x08000de0   0x08000de0   0x00000034   Code   RO         3053    i.APP_UPSNR_CLOSEALARM  app_upsnr.o
    0x08000e14   0x08000e14   0x00000054   Code   RO         3054    i.APP_UPSNR_Init    app_upsnr.o
    0x08000e68   0x08000e68   0x00000034   Code   RO         3055    i.APP_UPSNR_OPENALARM  app_upsnr.o
    0x08000e9c   0x08000e9c   0x00000210   Code   RO         3056    i.APP_UPSNR_TASK    app_upsnr.o
    0x080010ac   0x080010ac   0x00000028   Code   RO         3057    i.APP_USARTUP_Init  app_upsnr.o
    0x080010d4   0x080010d4   0x00000024   Code   RO         1416    i.APP_audio_ini     app_audio.o
    0x080010f8   0x080010f8   0x00000034   Code   RO         1420    i.APP_audio_stop    app_audio.o
    0x0800112c   0x0800112c   0x000001b4   Code   RO          395    i.APP_calitbl_default  main.o
    0x080012e0   0x080012e0   0x00000048   Code   RO          396    i.APP_calitbl_ini   main.o
    0x08001328   0x08001328   0x00000038   Code   RO          397    i.APP_calitbl_manage  main.o
    0x08001360   0x08001360   0x00000050   Code   RO         1186    i.APP_common_average_weighted  app_sensor.o
    0x080013b0   0x080013b0   0x00000190   Code   RO          398    i.APP_devinfo_default  main.o
    0x08001540   0x08001540   0x00000060   Code   RO          399    i.APP_devinfo_ini   main.o
    0x080015a0   0x080015a0   0x00000038   Code   RO          400    i.APP_devinfo_manage  main.o
    0x080015d8   0x080015d8   0x00000080   Code   RO          401    i.APP_devver_default  main.o
    0x08001658   0x08001658   0x00000094   Code   RO          402    i.APP_devver_ini    main.o
    0x080016ec   0x080016ec   0x00000058   Code   RO          403    i.APP_devver_manage  main.o
    0x08001744   0x08001744   0x0000005c   Code   RO          404    i.APP_dustmoninfo_default  main.o
    0x080017a0   0x080017a0   0x00000044   Code   RO          405    i.APP_dustmoninfo_ini  main.o
    0x080017e4   0x080017e4   0x00000038   Code   RO          406    i.APP_dustmoninfo_manage  main.o
    0x0800181c   0x0800181c   0x00000078   Code   RO          407    i.APP_floortbl_default  main.o
    0x08001894   0x08001894   0x00000048   Code   RO          408    i.APP_floortbl_ini  main.o
    0x080018dc   0x080018dc   0x00000074   Code   RO          409    i.APP_floortbl_manage  main.o
    0x08001950   0x08001950   0x00000044   Code   RO         1361    i.APP_fram_WREN     app_fram.o
    0x08001994   0x08001994   0x00000010   Code   RO         1363    i.APP_fram_ini      app_fram.o
    0x080019a4   0x080019a4   0x00000068   Code   RO         1364    i.APP_fram_readdata  app_fram.o
    0x08001a0c   0x08001a0c   0x0000007c   Code   RO         1365    i.APP_fram_writedata  app_fram.o
    0x08001a88   0x08001a88   0x0000005c   Code   RO         2636    i.APP_led_connect   app_led.o
    0x08001ae4   0x08001ae4   0x000000ac   Code   RO         2637    i.APP_led_del       app_led.o
    0x08001b90   0x08001b90   0x000000dc   Code   RO         2643    i.APP_led_full      app_led.o
    0x08001c6c   0x08001c6c   0x0000002c   Code   RO         2644    i.APP_led_ini       app_led.o
    0x08001c98   0x08001c98   0x00000174   Code   RO         2649    i.APP_led_opt       app_led.o
    0x08001e0c   0x08001e0c   0x0000000c   Code   RO         2657    i.APP_led_prgmdel   app_led.o
    0x08001e18   0x08001e18   0x0000013c   Code   RO         2658    i.APP_led_rcvisr    app_led.o
    0x08001f54   0x08001f54   0x00000064   Code   RO         2659    i.APP_led_setlight  app_led.o
    0x08001fb8   0x08001fb8   0x00000084   Code   RO         2660    i.APP_led_setsrccfg  app_led.o
    0x0800203c   0x0800203c   0x000000ac   Code   RO         2661    i.APP_led_setsrcrtc  app_led.o
    0x080020e8   0x080020e8   0x00000238   Code   RO         2662    i.APP_led_srt       app_led.o
    0x08002320   0x08002320   0x000000b8   Code   RO         2663    i.APP_led_task      app_led.o
    0x080023d8   0x080023d8   0x00000254   Code   RO         2677    i.APP_led_txt       app_led.o
    0x0800262c   0x0800262c   0x0000000c   Code   RO         2678    i.APP_led_updel     app_led.o
    0x08002638   0x08002638   0x000000e0   Code   RO         2679    i.APP_led_upf2a     app_led.o
    0x08002718   0x08002718   0x00000026   Code   RO         2680    i.APP_led_upopt     app_led.o
    0x0800273e   0x0800273e   0x00000002   PAD
    0x08002740   0x08002740   0x0000000c   Code   RO         2681    i.APP_led_upsrt     app_led.o
    0x0800274c   0x0800274c   0x00000020   Code   RO         2682    i.APP_led_uptxt     app_led.o
    0x0800276c   0x0800276c   0x0000000c   Code   RO         2683    i.APP_led_uptxtdel  app_led.o
    0x08002778   0x08002778   0x00000068   Code   RO          410    i.APP_limittbl_default  main.o
    0x080027e0   0x080027e0   0x00000048   Code   RO          411    i.APP_limittbl_ini  main.o
    0x08002828   0x08002828   0x00000038   Code   RO          412    i.APP_limittbl_manage  main.o
    0x08002860   0x08002860   0x00000090   Code   RO          777    i.APP_mmi_a2f       app_mmi.o
    0x080028f0   0x080028f0   0x000000bc   Code   RO          779    i.APP_mmi_ctrabout  app_mmi.o
    0x080029ac   0x080029ac   0x0000008c   Code   RO          780    i.APP_mmi_ctradj    app_mmi.o
    0x08002a38   0x08002a38   0x00000114   Code   RO          781    i.APP_mmi_ctrcomcfg  app_mmi.o
    0x08002b4c   0x08002b4c   0x000000d0   Code   RO          782    i.APP_mmi_ctrlmtcfg  app_mmi.o
    0x08002c1c   0x08002c1c   0x000000e0   Code   RO          783    i.APP_mmi_ctrmain   app_mmi.o
    0x08002cfc   0x08002cfc   0x0000013c   Code   RO          784    i.APP_mmi_ctrmenuadmin  app_mmi.o
    0x08002e38   0x08002e38   0x0000007c   Code   RO          785    i.APP_mmi_ctrmenuuser  app_mmi.o
    0x08002eb4   0x08002eb4   0x000000b8   Code   RO          786    i.APP_mmi_ctroemopt  app_mmi.o
    0x08002f6c   0x08002f6c   0x00000148   Code   RO          787    i.APP_mmi_ctrrtc    app_mmi.o
    0x080030b4   0x080030b4   0x000001a0   Code   RO          788    i.APP_mmi_ctrupcalikbadj  app_mmi.o
    0x08003254   0x08003254   0x000000a0   Code   RO          789    i.APP_mmi_ctruploadinginfo  app_mmi.o
    0x080032f4   0x080032f4   0x00000178   Code   RO          790    i.APP_mmi_ctrupweightadj  app_mmi.o
    0x0800346c   0x0800346c   0x00000178   Code   RO          791    i.APP_mmi_ctrupwire1adj  app_mmi.o
    0x080035e4   0x080035e4   0x00000178   Code   RO          792    i.APP_mmi_ctrupwire2adj  app_mmi.o
    0x0800375c   0x0800375c   0x000000c8   Code   RO          794    i.APP_mmi_display   app_mmi.o
    0x08003824   0x08003824   0x000000e4   Code   RO          795    i.APP_mmi_f2a       app_mmi.o
    0x08003908   0x08003908   0x0000006a   Code   RO          796    i.APP_mmi_gettext   app_mmi.o
    0x08003972   0x08003972   0x00000002   PAD
    0x08003974   0x08003974   0x000000c0   Code   RO          797    i.APP_mmi_i2a       app_mmi.o
    0x08003a34   0x08003a34   0x00000030   Code   RO          798    i.APP_mmi_ini       app_mmi.o
    0x08003a64   0x08003a64   0x000000f4   Code   RO          799    i.APP_mmi_input     app_mmi.o
    0x08003b58   0x08003b58   0x000000cc   Code   RO          800    i.APP_mmi_rcvisr    app_mmi.o
    0x08003c24   0x08003c24   0x00000408   Code   RO          801    i.APP_mmi_scrabout  app_mmi.o
    0x0800402c   0x0800402c   0x0000006c   Code   RO          802    i.APP_mmi_scradj    app_mmi.o
    0x08004098   0x08004098   0x00000140   Code   RO          803    i.APP_mmi_scrcomcfg  app_mmi.o
    0x080041d8   0x080041d8   0x00000044   Code   RO          804    i.APP_mmi_screenupdate  app_mmi.o
    0x0800421c   0x0800421c   0x00000160   Code   RO          805    i.APP_mmi_scrlmtcfg  app_mmi.o
    0x0800437c   0x0800437c   0x0000032c   Code   RO          806    i.APP_mmi_scrlogo   app_mmi.o
    0x080046a8   0x080046a8   0x000002d4   Code   RO          807    i.APP_mmi_scrmain   app_mmi.o
    0x0800497c   0x0800497c   0x0000006c   Code   RO          808    i.APP_mmi_scrmenuadmin  app_mmi.o
    0x080049e8   0x080049e8   0x0000007c   Code   RO          809    i.APP_mmi_scrmenuuser  app_mmi.o
    0x08004a64   0x08004a64   0x000000c8   Code   RO          810    i.APP_mmi_scroemopt  app_mmi.o
    0x08004b2c   0x08004b2c   0x000001a0   Code   RO          811    i.APP_mmi_scrrtc    app_mmi.o
    0x08004ccc   0x08004ccc   0x00000188   Code   RO          812    i.APP_mmi_scrupcalikbadj  app_mmi.o
    0x08004e54   0x08004e54   0x000000d0   Code   RO          813    i.APP_mmi_scruploadinginfo  app_mmi.o
    0x08004f24   0x08004f24   0x000001c8   Code   RO          814    i.APP_mmi_scrupweightadj  app_mmi.o
    0x080050ec   0x080050ec   0x000001c8   Code   RO          815    i.APP_mmi_scrupwire1adj  app_mmi.o
    0x080052b4   0x080052b4   0x000001c0   Code   RO          816    i.APP_mmi_scrupwire2adj  app_mmi.o
    0x08005474   0x08005474   0x00000072   Code   RO          823    i.APP_mmi_showicon  app_mmi.o
    0x080054e6   0x080054e6   0x00000002   PAD
    0x080054e8   0x080054e8   0x000000e0   Code   RO          833    i.APP_mmi_showrtc   app_mmi.o
    0x080055c8   0x080055c8   0x00000058   Code   RO          834    i.APP_mmi_showscreen  app_mmi.o
    0x08005620   0x08005620   0x0000007c   Code   RO          835    i.APP_mmi_showtext  app_mmi.o
    0x0800569c   0x0800569c   0x0000004a   Code   RO          836    i.APP_mmi_showtext_batch  app_mmi.o
    0x080056e6   0x080056e6   0x00000054   Code   RO          837    i.APP_mmi_sortupbyx  app_mmi.o
    0x0800573a   0x0800573a   0x00000002   PAD
    0x0800573c   0x0800573c   0x0000003c   Code   RO          413    i.APP_notice_default  main.o
    0x08005778   0x08005778   0x00000048   Code   RO          414    i.APP_notice_ini    main.o
    0x080057c0   0x080057c0   0x00000038   Code   RO          415    i.APP_notice_manage  main.o
    0x080057f8   0x080057f8   0x00000098   Code   RO         1187    i.APP_sensor_alarm_ini  app_sensor.o
    0x08005890   0x08005890   0x000001a8   Code   RO         1188    i.APP_sensor_alarmcheck  app_sensor.o
    0x08005a38   0x08005a38   0x00000018   Code   RO         1189    i.APP_sensor_clearalarmbuf  app_sensor.o
    0x08005a50   0x08005a50   0x00000124   Code   RO         1190    i.APP_sensor_dat_ini  app_sensor.o
    0x08005b74   0x08005b74   0x00000468   Code   RO         1191    i.APP_sensor_findalarm  app_sensor.o
    0x08005fdc   0x08005fdc   0x00000038   Code   RO         1193    i.APP_sensor_gpio_ini  app_sensor.o
    0x08006014   0x08006014   0x00000060   Code   RO         1194    i.APP_sensor_gpio_update  app_sensor.o
    0x08006074   0x08006074   0x0000005a   Code   RO         1195    i.APP_sensor_linear_interpolation  app_sensor.o
    0x080060ce   0x080060ce   0x00000002   PAD
    0x080060d0   0x080060d0   0x000000f4   Code   RO         1196    i.APP_sensor_raw2value  app_sensor.o
    0x080061c4   0x080061c4   0x0000014c   Code   RO         1197    i.APP_sensor_savprdvalue  app_sensor.o
    0x08006310   0x08006310   0x0000014c   Code   RO         1198    i.APP_sensor_sendprdvalue  app_sensor.o
    0x0800645c   0x0800645c   0x0000009c   Code   RO         1199    i.APP_sensor_sendrawdat  app_sensor.o
    0x080064f8   0x080064f8   0x000000c0   Code   RO         1201    i.APP_sensor_stateupdate  app_sensor.o
    0x080065b8   0x080065b8   0x00000074   Code   RO         1202    i.APP_sensor_value_ini  app_sensor.o
    0x0800662c   0x0800662c   0x00000014   Code   RO         1203    i.APP_sensor_valvestat_ini  app_sensor.o
    0x08006640   0x08006640   0x00000174   Code   RO         1204    i.APP_sensor_wklpchk  app_sensor.o
    0x080067b4   0x080067b4   0x00000094   Code   RO         1205    i.APP_sensor_wklpvalue_update  app_sensor.o
    0x08006848   0x08006848   0x0000007c   Code   RO         2014    i.AUFFngrDat        app_prtc.o
    0x080068c4   0x080068c4   0x00000128   Code   RO         2015    i.AUFUPPlatRTDat    app_prtc.o
    0x080069ec   0x080069ec   0x0000027c   Code   RO         2016    i.AUFUPPlatWrnDat   app_prtc.o
    0x08006c68   0x08006c68   0x00000064   Code   RO         1586    i.Add2RxSerArray    app_comser.o
    0x08006ccc   0x08006ccc   0x00000070   Code   RO         1587    i.Add2TxSerArray    app_comser.o
    0x08006d3c   0x08006d3c   0x0000006c   Code   RO         1588    i.ComRxSeverExc     app_comser.o
    0x08006da8   0x08006da8   0x0000000e   Code   RO         1589    i.ComSer_Main       app_comser.o
    0x08006db6   0x08006db6   0x00000002   PAD
    0x08006db8   0x08006db8   0x00000040   Code   RO         1590    i.ComSeverInit      app_comser.o
    0x08006df8   0x08006df8   0x00000084   Code   RO         1591    i.ComTxSeverExc     app_comser.o
    0x08006e7c   0x08006e7c   0x0000012c   Code   RO         1719    i.DATREC_EXC        app_datrec.o
    0x08006fa8   0x08006fa8   0x00000018   Code   RO           12    i.DMA1_Stream4_IRQHandler  stm32f4xx_it.o
    0x08006fc0   0x08006fc0   0x00000018   Code   RO           13    i.DMA2_Stream0_IRQHandler  stm32f4xx_it.o
    0x08006fd8   0x08006fd8   0x00000054   Code   RO         3115    i.FNGR_DeletChar    app_finger.o
    0x0800702c   0x0800702c   0x00000184   Code   RO         3116    i.FNGR_DowChar      app_finger.o
    0x080071b0   0x080071b0   0x00000044   Code   RO         3117    i.FNGR_Empty        app_finger.o
    0x080071f4   0x080071f4   0x0000005c   Code   RO         3122    i.FNGR_ReadNotepad  app_finger.o
    0x08007250   0x08007250   0x00000030   Code   RO         3123    i.FNGR_Recv_Frame   app_finger.o
    0x08007280   0x08007280   0x00000050   Code   RO         3126    i.FNGR_Send_Frame   app_finger.o
    0x080072d0   0x080072d0   0x00000048   Code   RO         3127    i.FNGR_Store        app_finger.o
    0x08007318   0x08007318   0x00000068   Code   RO         3130    i.FNGR_WriteNotepad  app_finger.o
    0x08007380   0x08007380   0x0000002c   Code   RO         1592    i.FProtocolAck      app_comser.o
    0x080073ac   0x080073ac   0x00000024   Code   RO         5386    i.FSMC_NAND_AttributeSpace_Timing_Init  stm32f4xx_ll_fsmc.o
    0x080073d0   0x080073d0   0x00000024   Code   RO         5387    i.FSMC_NAND_CommonSpace_Timing_Init  stm32f4xx_ll_fsmc.o
    0x080073f4   0x080073f4   0x00000028   Code   RO         1720    i.FSMC_NAND_EraseBlock  app_datrec.o
    0x0800741c   0x0800741c   0x00000026   Code   RO         1721    i.FSMC_NAND_GetStatus  app_datrec.o
    0x08007442   0x08007442   0x00000030   Code   RO         5392    i.FSMC_NAND_Init    stm32f4xx_ll_fsmc.o
    0x08007472   0x08007472   0x0000000e   Code   RO         1725    i.FSMC_NAND_ReadData  app_datrec.o
    0x08007480   0x08007480   0x0000005c   Code   RO         1726    i.FSMC_NAND_ReadPage  app_datrec.o
    0x080074dc   0x080074dc   0x00000012   Code   RO         1727    i.FSMC_NAND_ReadSpare  app_datrec.o
    0x080074ee   0x080074ee   0x00000002   PAD
    0x080074f0   0x080074f0   0x00000020   Code   RO         1728    i.FSMC_NAND_ReadStatus  app_datrec.o
    0x08007510   0x08007510   0x0000000e   Code   RO         1729    i.FSMC_NAND_WriteData  app_datrec.o
    0x0800751e   0x0800751e   0x00000002   PAD
    0x08007520   0x08007520   0x00000048   Code   RO         1730    i.FSMC_NAND_WritePage  app_datrec.o
    0x08007568   0x08007568   0x00000012   Code   RO         1731    i.FSMC_NAND_WriteSpare  app_datrec.o
    0x0800757a   0x0800757a   0x00000002   PAD
    0x0800757c   0x0800757c   0x00000018   Code   RO         2017    i.FrmDevAddrDatQry  app_prtc.o
    0x08007594   0x08007594   0x00000018   Code   RO         2018    i.FrmDevAddrDatSet  app_prtc.o
    0x080075ac   0x080075ac   0x00000018   Code   RO         2019    i.FrmDevHrtIntvlQry  app_prtc.o
    0x080075c4   0x080075c4   0x00000018   Code   RO         2020    i.FrmDevHrtIntvlSet  app_prtc.o
    0x080075dc   0x080075dc   0x00000018   Code   RO         2021    i.FrmDevIpPortQry   app_prtc.o
    0x080075f4   0x080075f4   0x00000018   Code   RO         2022    i.FrmDevIpPortSet   app_prtc.o
    0x0800760c   0x0800760c   0x00000018   Code   RO         2023    i.FrmDevLnkReconIntvlQry  app_prtc.o
    0x08007624   0x08007624   0x00000018   Code   RO         2024    i.FrmDevLnkReconIntvlSet  app_prtc.o
    0x0800763c   0x0800763c   0x00000018   Code   RO         2025    i.FrmDevPwdQry      app_prtc.o
    0x08007654   0x08007654   0x00000018   Code   RO         2026    i.FrmDevPwdSet      app_prtc.o
    0x0800766c   0x0800766c   0x00000018   Code   RO         2027    i.FrmDevRtcDatSet   app_prtc.o
    0x08007684   0x08007684   0x00000018   Code   RO         2028    i.FrmDevRtcQry      app_prtc.o
    0x0800769c   0x0800769c   0x00000018   Code   RO         2029    i.FrmDevRtdRptIntvlQry  app_prtc.o
    0x080076b4   0x080076b4   0x00000018   Code   RO         2030    i.FrmDevRtdRptIntvlSet  app_prtc.o
    0x080076cc   0x080076cc   0x00000018   Code   RO         2031    i.FrmDevSavIntvlQry  app_prtc.o
    0x080076e4   0x080076e4   0x00000018   Code   RO         2032    i.FrmDevSavIntvlSet  app_prtc.o
    0x080076fc   0x080076fc   0x00000018   Code   RO         2033    i.FrmDevSnsrCfgQry  app_prtc.o
    0x08007714   0x08007714   0x00000018   Code   RO         2034    i.FrmDevSnsrCfgSet  app_prtc.o
    0x0800772c   0x0800772c   0x00000018   Code   RO         2035    i.FrmDevSnsrTypQry  app_prtc.o
    0x08007744   0x08007744   0x00000018   Code   RO         2036    i.FrmDevSnsrTypSet  app_prtc.o
    0x0800775c   0x0800775c   0x00000018   Code   RO         2037    i.FrmDevUpdSet      app_prtc.o
    0x08007774   0x08007774   0x00000018   Code   RO         2038    i.FrmDevVerInfoQry  app_prtc.o
    0x0800778c   0x0800778c   0x00000018   Code   RO         2039    i.FrmDevWkModQry    app_prtc.o
    0x080077a4   0x080077a4   0x00000018   Code   RO         2040    i.FrmDevWkModSet    app_prtc.o
    0x080077bc   0x080077bc   0x00000028   Code   RO         2041    i.FrmFngrDat        app_prtc.o
    0x080077e4   0x080077e4   0x00000018   Code   RO         2042    i.FrmFngrDatDel     app_prtc.o
    0x080077fc   0x080077fc   0x00000018   Code   RO         2043    i.FrmFngrDatSet     app_prtc.o
    0x08007814   0x08007814   0x0000001c   Code   RO         2044    i.FrmHrtDat         app_prtc.o
    0x08007830   0x08007830   0x0000001c   Code   RO         2045    i.FrmLnkLog         app_prtc.o
    0x0800784c   0x0800784c   0x00000018   Code   RO         2046    i.FrmRestart        app_prtc.o
    0x08007864   0x08007864   0x00000018   Code   RO         2047    i.FrmUPLmtQry       app_prtc.o
    0x0800787c   0x0800787c   0x00000018   Code   RO         2048    i.FrmUPLmtSet       app_prtc.o
    0x08007894   0x08007894   0x0000002c   Code   RO         2049    i.FrmUPPlatRtDat    app_prtc.o
    0x080078c0   0x080078c0   0x00000054   Code   RO         2050    i.FrmUPPlatWrnDat   app_prtc.o
    0x08007914   0x08007914   0x00000030   Code   RO         3528    i.GET_CSQ           app_network.o
    0x08007944   0x08007944   0x00000042   Code   RO         3530    i.GSM_StringToDec   app_network.o
    0x08007986   0x08007986   0x00000002   PAD
    0x08007988   0x08007988   0x0000011c   Code   RO         2051    i.GetCRC            app_prtc.o
    0x08007aa4   0x08007aa4   0x00000020   Code   RO         1691    i.GetCRC7ByLeftByTable  app_crc.o
    0x08007ac4   0x08007ac4   0x000000b4   Code   RO         2052    i.GetIPHost         app_prtc.o
    0x08007b78   0x08007b78   0x00000020   Code   RO         2053    i.GetProtocolVersion  app_prtc.o
    0x08007b98   0x08007b98   0x00000058   Code   RO         2054    i.GetRTC            app_prtc.o
    0x08007bf0   0x08007bf0   0x0000001a   Code   RO         3132    i.GetSum            app_finger.o
    0x08007c0a   0x08007c0a   0x00000002   PAD
    0x08007c0c   0x08007c0c   0x00000028   Code   RO         2055    i.GetTAddr          app_prtc.o
    0x08007c34   0x08007c34   0x00000120   Code   RO         2056    i.GetUPPlatRTData   app_prtc.o
    0x08007d54   0x08007d54   0x00000264   Code   RO         2057    i.GetUPPlatWrnDat   app_prtc.o
    0x08007fb8   0x08007fb8   0x00000120   Code   RO         4671    i.HAL_ADC_ConfigChannel  stm32f4xx_hal_adc.o
    0x080080d8   0x080080d8   0x00000006   Code   RO         4678    i.HAL_ADC_GetValue  stm32f4xx_hal_adc.o
    0x080080de   0x080080de   0x00000034   Code   RO         4680    i.HAL_ADC_Init      stm32f4xx_hal_adc.o
    0x08008112   0x08008112   0x00000002   PAD
    0x08008114   0x08008114   0x00000078   Code   RO          264    i.HAL_ADC_MspInit   stm32f4xx_hal_msp.o
    0x0800818c   0x0800818c   0x0000004c   Code   RO         4684    i.HAL_ADC_PollForConversion  stm32f4xx_hal_adc.o
    0x080081d8   0x080081d8   0x0000007c   Code   RO         4686    i.HAL_ADC_Start     stm32f4xx_hal_adc.o
    0x08008254   0x08008254   0x00000f6c   Code   RO         4059    i.HAL_DMA_IRQHandler  stm32f4xx_hal_dma.o
    0x080091c0   0x080091c0   0x00000070   Code   RO         4060    i.HAL_DMA_Init      stm32f4xx_hal_dma.o
    0x08009230   0x08009230   0x0000009c   Code   RO          265    i.HAL_FSMC_MspInit  stm32f4xx_hal_msp.o
    0x080092cc   0x080092cc   0x000001c4   Code   RO         6025    i.HAL_GPIO_Init     stm32f4xx_hal_gpio.o
    0x08009490   0x08009490   0x0000000a   Code   RO         6027    i.HAL_GPIO_ReadPin  stm32f4xx_hal_gpio.o
    0x0800949a   0x0800949a   0x0000000a   Code   RO         6029    i.HAL_GPIO_WritePin  stm32f4xx_hal_gpio.o
    0x080094a4   0x080094a4   0x0000000c   Code   RO         5118    i.HAL_GetTick       stm32f4xx_hal.o
    0x080094b0   0x080094b0   0x00000010   Code   RO          417    i.HAL_I2S_ErrorCallback  main.o
    0x080094c0   0x080094c0   0x000002a0   Code   RO         4931    i.HAL_I2S_IRQHandler  stm32f4xx_hal_i2s.o
    0x08009760   0x08009760   0x000001d0   Code   RO         4932    i.HAL_I2S_Init      stm32f4xx_hal_i2s.o
    0x08009930   0x08009930   0x00000088   Code   RO          267    i.HAL_I2S_MspInit   stm32f4xx_hal_msp.o
    0x080099b8   0x080099b8   0x00000002   Code   RO         4938    i.HAL_I2S_RxCpltCallback  stm32f4xx_hal_i2s.o
    0x080099ba   0x080099ba   0x00000076   Code   RO         4942    i.HAL_I2S_Transmit_IT  stm32f4xx_hal_i2s.o
    0x08009a30   0x08009a30   0x00000048   Code   RO          418    i.HAL_I2S_TxCpltCallback  main.o
    0x08009a78   0x08009a78   0x00000046   Code   RO         6946    i.HAL_IWDG_Init     stm32f4xx_hal_iwdg.o
    0x08009abe   0x08009abe   0x00000002   Code   RO          268    i.HAL_IWDG_MspInit  stm32f4xx_hal_msp.o
    0x08009ac0   0x08009ac0   0x00000010   Code   RO         5119    i.HAL_IncTick       stm32f4xx_hal.o
    0x08009ad0   0x08009ad0   0x00000034   Code   RO         5120    i.HAL_Init          stm32f4xx_hal.o
    0x08009b04   0x08009b04   0x00000022   Code   RO         5121    i.HAL_InitTick      stm32f4xx_hal.o
    0x08009b26   0x08009b26   0x00000016   Code   RO          269    i.HAL_MspInit       stm32f4xx_hal_msp.o
    0x08009b3c   0x08009b3c   0x0000005c   Code   RO         5802    i.HAL_NAND_Init     stm32f4xx_hal_nand.o
    0x08009b98   0x08009b98   0x00000004   Code   RO          271    i.HAL_NAND_MspInit  stm32f4xx_hal_msp.o
    0x08009b9c   0x08009b9c   0x00000016   Code   RO         4204    i.HAL_NVIC_ClearPendingIRQ  stm32f4xx_hal_cortex.o
    0x08009bb2   0x08009bb2   0x00000016   Code   RO         4206    i.HAL_NVIC_EnableIRQ  stm32f4xx_hal_cortex.o
    0x08009bc8   0x08009bc8   0x00000040   Code   RO         4212    i.HAL_NVIC_SetPriority  stm32f4xx_hal_cortex.o
    0x08009c08   0x08009c08   0x00000024   Code   RO         4213    i.HAL_NVIC_SetPriorityGrouping  stm32f4xx_hal_cortex.o
    0x08009c2c   0x08009c2c   0x00000148   Code   RO         4179    i.HAL_RCCEx_PeriphCLKConfig  stm32f4xx_hal_rcc_ex.o
    0x08009d74   0x08009d74   0x000001b8   Code   RO         5922    i.HAL_RCC_ClockConfig  stm32f4xx_hal_rcc.o
    0x08009f2c   0x08009f2c   0x00000034   Code   RO         5927    i.HAL_RCC_GetHCLKFreq  stm32f4xx_hal_rcc.o
    0x08009f60   0x08009f60   0x0000002c   Code   RO         5929    i.HAL_RCC_GetPCLK1Freq  stm32f4xx_hal_rcc.o
    0x08009f8c   0x08009f8c   0x0000002c   Code   RO         5930    i.HAL_RCC_GetPCLK2Freq  stm32f4xx_hal_rcc.o
    0x08009fb8   0x08009fb8   0x00000080   Code   RO         5931    i.HAL_RCC_GetSysClockFreq  stm32f4xx_hal_rcc.o
    0x0800a038   0x0800a038   0x00000074   Code   RO         5932    i.HAL_RCC_MCOConfig  stm32f4xx_hal_rcc.o
    0x0800a0ac   0x0800a0ac   0x00000338   Code   RO         5934    i.HAL_RCC_OscConfig  stm32f4xx_hal_rcc.o
    0x0800a3e4   0x0800a3e4   0x0000002c   Code   RO         6744    i.HAL_RNG_Init      stm32f4xx_hal_rng.o
    0x0800a410   0x0800a410   0x0000001c   Code   RO          273    i.HAL_RNG_MspInit   stm32f4xx_hal_msp.o
    0x0800a42c   0x0800a42c   0x0000004c   Code   RO         7007    i.HAL_RTCEx_SetCalibrationOutPut  stm32f4xx_hal_rtc_ex.o
    0x0800a478   0x0800a478   0x00000044   Code   RO         6817    i.HAL_RTC_GetDate   stm32f4xx_hal_rtc.o
    0x0800a4bc   0x0800a4bc   0x0000004c   Code   RO         6819    i.HAL_RTC_GetTime   stm32f4xx_hal_rtc.o
    0x0800a508   0x0800a508   0x00000098   Code   RO         6820    i.HAL_RTC_Init      stm32f4xx_hal_rtc.o
    0x0800a5a0   0x0800a5a0   0x00000002   Code   RO          275    i.HAL_RTC_MspInit   stm32f4xx_hal_msp.o
    0x0800a5a2   0x0800a5a2   0x00000002   PAD
    0x0800a5a4   0x0800a5a4   0x000000d0   Code   RO         6826    i.HAL_RTC_SetDate   stm32f4xx_hal_rtc.o
    0x0800a674   0x0800a674   0x000000f0   Code   RO         6827    i.HAL_RTC_SetTime   stm32f4xx_hal_rtc.o
    0x0800a764   0x0800a764   0x00000036   Code   RO         6828    i.HAL_RTC_WaitForSynchro  stm32f4xx_hal_rtc.o
    0x0800a79a   0x0800a79a   0x00000082   Code   RO         5566    i.HAL_SPI_Init      stm32f4xx_hal_spi.o
    0x0800a81c   0x0800a81c   0x000000b0   Code   RO          277    i.HAL_SPI_MspInit   stm32f4xx_hal_msp.o
    0x0800a8cc   0x0800a8cc   0x000001d6   Code   RO         5569    i.HAL_SPI_Receive   stm32f4xx_hal_spi.o
    0x0800aaa2   0x0800aaa2   0x00000146   Code   RO         5574    i.HAL_SPI_Transmit  stm32f4xx_hal_spi.o
    0x0800abe8   0x0800abe8   0x000002b0   Code   RO         5575    i.HAL_SPI_TransmitReceive  stm32f4xx_hal_spi.o
    0x0800ae98   0x0800ae98   0x00000034   Code   RO          419    i.HAL_SYSTICK_Callback  main.o
    0x0800aecc   0x0800aecc   0x00000028   Code   RO         4217    i.HAL_SYSTICK_Config  stm32f4xx_hal_cortex.o
    0x0800aef4   0x0800aef4   0x00000008   Code   RO         4218    i.HAL_SYSTICK_IRQHandler  stm32f4xx_hal_cortex.o
    0x0800aefc   0x0800aefc   0x00000002   Code   RO         4431    i.HAL_TIMEx_BreakCallback  stm32f4xx_hal_tim_ex.o
    0x0800aefe   0x0800aefe   0x00000002   Code   RO         4432    i.HAL_TIMEx_CommutationCallback  stm32f4xx_hal_tim_ex.o
    0x0800af00   0x0800af00   0x00000050   Code   RO         4449    i.HAL_TIMEx_MasterConfigSynchronization  stm32f4xx_hal_tim_ex.o
    0x0800af50   0x0800af50   0x00000030   Code   RO         6086    i.HAL_TIM_Base_Init  stm32f4xx_hal_tim.o
    0x0800af80   0x0800af80   0x000001d0   Code   RO          279    i.HAL_TIM_Base_MspInit  stm32f4xx_hal_msp.o
    0x0800b150   0x0800b150   0x00000018   Code   RO         6091    i.HAL_TIM_Base_Start_IT  stm32f4xx_hal_tim.o
    0x0800b168   0x0800b168   0x0000002a   Code   RO         6094    i.HAL_TIM_Base_Stop_IT  stm32f4xx_hal_tim.o
    0x0800b192   0x0800b192   0x000000f2   Code   RO         6095    i.HAL_TIM_ConfigClockSource  stm32f4xx_hal_tim.o
    0x0800b284   0x0800b284   0x000002b8   Code   RO          420    i.HAL_TIM_IC_CaptureCallback  main.o
    0x0800b53c   0x0800b53c   0x0000010a   Code   RO         6119    i.HAL_TIM_IC_ConfigChannel  stm32f4xx_hal_tim.o
    0x0800b646   0x0800b646   0x00000030   Code   RO         6122    i.HAL_TIM_IC_Init   stm32f4xx_hal_tim.o
    0x0800b676   0x0800b676   0x00000002   Code   RO         6124    i.HAL_TIM_IC_MspInit  stm32f4xx_hal_tim.o
    0x0800b678   0x0800b678   0x0000001a   Code   RO         6125    i.HAL_TIM_IC_Start  stm32f4xx_hal_tim.o
    0x0800b692   0x0800b692   0x0000004c   Code   RO         6127    i.HAL_TIM_IC_Start_IT  stm32f4xx_hal_tim.o
    0x0800b6de   0x0800b6de   0x00000166   Code   RO         6131    i.HAL_TIM_IRQHandler  stm32f4xx_hal_tim.o
    0x0800b844   0x0800b844   0x00000002   Code   RO         6134    i.HAL_TIM_OC_DelayElapsedCallback  stm32f4xx_hal_tim.o
    0x0800b846   0x0800b846   0x00000002   Code   RO         6161    i.HAL_TIM_PWM_PulseFinishedCallback  stm32f4xx_hal_tim.o
    0x0800b848   0x0800b848   0x0000028c   Code   RO          421    i.HAL_TIM_PeriodElapsedCallback  main.o
    0x0800bad4   0x0800bad4   0x000000a0   Code   RO         6170    i.HAL_TIM_SlaveConfigSynchronization  stm32f4xx_hal_tim.o
    0x0800bb74   0x0800bb74   0x00000002   Code   RO         6171    i.HAL_TIM_TriggerCallback  stm32f4xx_hal_tim.o
    0x0800bb76   0x0800bb76   0x00000002   PAD
    0x0800bb78   0x0800bb78   0x00000114   Code   RO          422    i.HAL_UART_ErrorCallback  main.o
    0x0800bc8c   0x0800bc8c   0x0000010a   Code   RO         3836    i.HAL_UART_IRQHandler  stm32f4xx_hal_uart.o
    0x0800bd96   0x0800bd96   0x0000005e   Code   RO         3837    i.HAL_UART_Init     stm32f4xx_hal_uart.o
    0x0800bdf4   0x0800bdf4   0x00000150   Code   RO          281    i.HAL_UART_MspInit  stm32f4xx_hal_msp.o
    0x0800bf44   0x0800bf44   0x000000cc   Code   RO         3840    i.HAL_UART_Receive  stm32f4xx_hal_uart.o
    0x0800c010   0x0800c010   0x0000006a   Code   RO         3842    i.HAL_UART_Receive_IT  stm32f4xx_hal_uart.o
    0x0800c07a   0x0800c07a   0x00000002   PAD
    0x0800c07c   0x0800c07c   0x00000078   Code   RO          423    i.HAL_UART_RxCpltCallback  main.o
    0x0800c0f4   0x0800c0f4   0x000000cc   Code   RO         3845    i.HAL_UART_Transmit  stm32f4xx_hal_uart.o
    0x0800c1c0   0x0800c1c0   0x0000006a   Code   RO         3847    i.HAL_UART_Transmit_IT  stm32f4xx_hal_uart.o
    0x0800c22a   0x0800c22a   0x00000002   PAD
    0x0800c22c   0x0800c22c   0x00000060   Code   RO          424    i.HAL_UART_TxCpltCallback  main.o
    0x0800c28c   0x0800c28c   0x00000190   Code   RO         5250    i.I2SEx_TransmitReceive_IT  stm32f4xx_hal_i2s_ex.o
    0x0800c41c   0x0800c41c   0x00000062   Code   RO         4950    i.I2S_Receive_IT    stm32f4xx_hal_i2s.o
    0x0800c47e   0x0800c47e   0x00000002   PAD
    0x0800c480   0x0800c480   0x00000014   Code   RO         3340    i.IsKeyDown1        app_key.o
    0x0800c494   0x0800c494   0x00000016   Code   RO         3341    i.IsKeyDown10       app_key.o
    0x0800c4aa   0x0800c4aa   0x00000002   PAD
    0x0800c4ac   0x0800c4ac   0x00000014   Code   RO         3342    i.IsKeyDown2        app_key.o
    0x0800c4c0   0x0800c4c0   0x00000014   Code   RO         3343    i.IsKeyDown3        app_key.o
    0x0800c4d4   0x0800c4d4   0x00000014   Code   RO         3344    i.IsKeyDown4        app_key.o
    0x0800c4e8   0x0800c4e8   0x00000014   Code   RO         3345    i.IsKeyDown5        app_key.o
    0x0800c4fc   0x0800c4fc   0x00000014   Code   RO         3346    i.IsKeyDown6        app_key.o
    0x0800c510   0x0800c510   0x00000014   Code   RO         3347    i.IsKeyDown7        app_key.o
    0x0800c524   0x0800c524   0x00000014   Code   RO         3348    i.IsKeyDown8        app_key.o
    0x0800c538   0x0800c538   0x00000016   Code   RO         3349    i.IsKeyDown9        app_key.o
    0x0800c54e   0x0800c54e   0x00000002   PAD
    0x0800c550   0x0800c550   0x00000050   Code   RO         3705    i.LOADFRM_LOGIN     app_sim7600ce.o
    0x0800c5a0   0x0800c5a0   0x00000030   Code   RO         3474    i.MG2639DCMD_ATE0_ACK  app_mg2639d.o
    0x0800c5d0   0x0800c5d0   0x00000030   Code   RO         3475    i.MG2639DCMD_AT_ACK  app_mg2639d.o
    0x0800c600   0x0800c600   0x00000048   Code   RO         3476    i.MG2639DCMD_IPSET_ACK  app_mg2639d.o
    0x0800c648   0x0800c648   0x00000038   Code   RO         3477    i.MG2639DCMD_OPENU_ACK  app_mg2639d.o
    0x0800c680   0x0800c680   0x0000006c   Code   RO         3478    i.MG2639D_SENDAT_CIPSEND  app_mg2639d.o
    0x0800c6ec   0x0800c6ec   0x000000e0   Code   RO         3479    i.MG2639D_pow_on    app_mg2639d.o
    0x0800c7cc   0x0800c7cc   0x000000b8   Code   RO          425    i.MX_ADC1_Init      main.o
    0x0800c884   0x0800c884   0x00000048   Code   RO          426    i.MX_FSMC_Init      main.o
    0x0800c8cc   0x0800c8cc   0x0000013c   Code   RO          427    i.MX_GPIO_Init      main.o
    0x0800ca08   0x0800ca08   0x00000034   Code   RO          428    i.MX_SPI3_Init      main.o
    0x0800ca3c   0x0800ca3c   0x0000007c   Code   RO          429    i.MX_TIM12_Init     main.o
    0x0800cab8   0x0800cab8   0x00000070   Code   RO          430    i.MX_TIM2_Init      main.o
    0x0800cb28   0x0800cb28   0x00000088   Code   RO          431    i.MX_TIM3_Init      main.o
    0x0800cbb0   0x0800cbb0   0x0000008c   Code   RO          432    i.MX_TIM5_Init      main.o
    0x0800cc3c   0x0800cc3c   0x0000008c   Code   RO          433    i.MX_TIM8_Init      main.o
    0x0800ccc8   0x0800ccc8   0x0000007c   Code   RO          434    i.MX_TIM9_Init      main.o
    0x0800cd44   0x0800cd44   0x00000038   Code   RO         1741    i.NAND_IsBadBlock   app_datrec.o
    0x0800cd7c   0x0800cd7c   0x0000001a   Code   RO         1742    i.NAND_IsBufOk      app_datrec.o
    0x0800cd96   0x0800cd96   0x00000028   Code   RO         1744    i.NAND_MarkBadBlock  app_datrec.o
    0x0800cdbe   0x0800cdbe   0x00000002   PAD
    0x0800cdc0   0x0800cdc0   0x00000018   Code   RO         3532    i.NETWORK_AT_SENDDATA  app_network.o
    0x0800cdd8   0x0800cdd8   0x00000094   Code   RO         3533    i.NETWORK_CHKRPT    app_network.o
    0x0800ce6c   0x0800ce6c   0x00000012   Code   RO         3534    i.NETWORK_INIT      app_network.o
    0x0800ce7e   0x0800ce7e   0x00000002   PAD
    0x0800ce80   0x0800ce80   0x0000005c   Code   RO         3535    i.NETWORK_RECV      app_network.o
    0x0800cedc   0x0800cedc   0x000001c4   Code   RO         3536    i.NETWORK_RECV_ATACK  app_network.o
    0x0800d0a0   0x0800d0a0   0x00000144   Code   RO         3537    i.NETWORK_RECV_DATAFRAME  app_network.o
    0x0800d1e4   0x0800d1e4   0x00000218   Code   RO         3538    i.NETWORK_RECV_DOWN  app_network.o
    0x0800d3fc   0x0800d3fc   0x0000006c   Code   RO         3539    i.NETWORK_RECV_PRTCACK  app_network.o
    0x0800d468   0x0800d468   0x00000018   Code   RO         3540    i.NETWORK_SENDAT_CIPSEND  app_network.o
    0x0800d480   0x0800d480   0x00000030   Code   RO         3541    i.NETWORK_SENDDATA_PROTOCOL  app_network.o
    0x0800d4b0   0x0800d4b0   0x00000030   Code   RO         3542    i.NETWORK_SENDU_ASCII  app_network.o
    0x0800d4e0   0x0800d4e0   0x00000028   Code   RO         3543    i.NETWORK_SENDU_HEX  app_network.o
    0x0800d508   0x0800d508   0x00000024   Code   RO         3544    i.NETWORK_TASK      app_network.o
    0x0800d52c   0x0800d52c   0x00000020   Code   RO         4219    i.NVIC_SetPriority  stm32f4xx_hal_cortex.o
    0x0800d54c   0x0800d54c   0x000001d0   Code   RO         1545    i.PackBCD           app_bcd.o
    0x0800d71c   0x0800d71c   0x000001f0   Code   RO         1546    i.PacksBCD          app_bcd.o
    0x0800d90c   0x0800d90c   0x00000064   Code   RO         2058    i.ParamQryDevIpPort  app_prtc.o
    0x0800d970   0x0800d970   0x00000064   Code   RO         2059    i.ParamQryDevLnkReconIntvl  app_prtc.o
    0x0800d9d4   0x0800d9d4   0x000000a4   Code   RO         2060    i.ParamQryDevPwd    app_prtc.o
    0x0800da78   0x0800da78   0x00000064   Code   RO         2061    i.ParamQryDevRTDReptIntvl  app_prtc.o
    0x0800dadc   0x0800dadc   0x00000064   Code   RO         2062    i.ParamQryDevRecIntvl  app_prtc.o
    0x0800db40   0x0800db40   0x0000005c   Code   RO         2063    i.ParamQryDevRtc    app_prtc.o
    0x0800db9c   0x0800db9c   0x00000090   Code   RO         2064    i.ParamQryDevVerInfo  app_prtc.o
    0x0800dc2c   0x0800dc2c   0x0000005c   Code   RO         2065    i.ParamQryDevaddr   app_prtc.o
    0x0800dc88   0x0800dc88   0x00000064   Code   RO         2066    i.ParamQryHrtIntvl  app_prtc.o
    0x0800dcec   0x0800dcec   0x000000cc   Code   RO         2068    i.ParamQrySnsrTyp   app_prtc.o
    0x0800ddb8   0x0800ddb8   0x000000a4   Code   RO         2069    i.ParamQryUPLmt     app_prtc.o
    0x0800de5c   0x0800de5c   0x0000004c   Code   RO         2070    i.ParamQryWkMod     app_prtc.o
    0x0800dea8   0x0800dea8   0x00000060   Code   RO         2071    i.ParamSetDevAddr   app_prtc.o
    0x0800df08   0x0800df08   0x0000006c   Code   RO         2072    i.ParamSetDevIpPort  app_prtc.o
    0x0800df74   0x0800df74   0x00000068   Code   RO         2073    i.ParamSetDevLnkReconIntvl  app_prtc.o
    0x0800dfdc   0x0800dfdc   0x00000094   Code   RO         2074    i.ParamSetDevPwd    app_prtc.o
    0x0800e070   0x0800e070   0x00000068   Code   RO         2075    i.ParamSetDevRTDReptIntvl  app_prtc.o
    0x0800e0d8   0x0800e0d8   0x00000068   Code   RO         2076    i.ParamSetDevRecIntvl  app_prtc.o
    0x0800e140   0x0800e140   0x0000004c   Code   RO         2077    i.ParamSetDevRtc    app_prtc.o
    0x0800e18c   0x0800e18c   0x00000044   Code   RO         2078    i.ParamSetDevUpd    app_prtc.o
    0x0800e1d0   0x0800e1d0   0x000002c8   Code   RO         2079    i.ParamSetFngrDat   app_prtc.o
    0x0800e498   0x0800e498   0x00000068   Code   RO         2080    i.ParamSetHrtIntvl  app_prtc.o
    0x0800e500   0x0800e500   0x00000070   Code   RO         2081    i.ParamSetSnsrCfg   app_prtc.o
    0x0800e570   0x0800e570   0x000000a8   Code   RO         2082    i.ParamSetSnsrTyp   app_prtc.o
    0x0800e618   0x0800e618   0x000000a8   Code   RO         2083    i.ParamSetUPLmt     app_prtc.o
    0x0800e6c0   0x0800e6c0   0x0000005c   Code   RO         2084    i.ParamSetWkMod     app_prtc.o
    0x0800e71c   0x0800e71c   0x000000d0   Code   RO         2085    i.Param_Del_FngrDat  app_prtc.o
    0x0800e7ec   0x0800e7ec   0x00000040   Code   RO         2086    i.Param_Restart     app_prtc.o
    0x0800e82c   0x0800e82c   0x00000012   Code   RO         6829    i.RTC_Bcd2ToByte    stm32f4xx_hal_rtc.o
    0x0800e83e   0x0800e83e   0x00000016   Code   RO         6830    i.RTC_ByteToBcd2    stm32f4xx_hal_rtc.o
    0x0800e854   0x0800e854   0x0000003a   Code   RO         6831    i.RTC_EnterInitMode  stm32f4xx_hal_rtc.o
    0x0800e88e   0x0800e88e   0x00000002   PAD
    0x0800e890   0x0800e890   0x00000064   Code   RO         1595    i.RxAnsOverErr      app_comser.o
    0x0800e8f4   0x0800e8f4   0x00000068   Code   RO         1596    i.RxOverDly         app_comser.o
    0x0800e95c   0x0800e95c   0x0000003c   Code   RO         3706    i.SIM7600CE_SENDAT_ATE0  app_sim7600ce.o
    0x0800e998   0x0800e998   0x00000030   Code   RO         3707    i.SIM7600CE_SENDAT_CIPCCFG  app_sim7600ce.o
    0x0800e9c8   0x0800e9c8   0x00000030   Code   RO         3708    i.SIM7600CE_SENDAT_CIPHEAD  app_sim7600ce.o
    0x0800e9f8   0x0800e9f8   0x00000030   Code   RO         3709    i.SIM7600CE_SENDAT_CIPMODE  app_sim7600ce.o
    0x0800ea28   0x0800ea28   0x00000030   Code   RO         3710    i.SIM7600CE_SENDAT_CIPOPEN  app_sim7600ce.o
    0x0800ea58   0x0800ea58   0x00000030   Code   RO         3711    i.SIM7600CE_SENDAT_CIPRXGET  app_sim7600ce.o
    0x0800ea88   0x0800ea88   0x000000f0   Code   RO         3712    i.SIM7600CE_SENDAT_CIPSEND  app_sim7600ce.o
    0x0800eb78   0x0800eb78   0x00000030   Code   RO         3713    i.SIM7600CE_SENDAT_CIPSRIP  app_sim7600ce.o
    0x0800eba8   0x0800eba8   0x00000030   Code   RO         3714    i.SIM7600CE_SENDAT_NETOPEN  app_sim7600ce.o
    0x0800ebd8   0x0800ebd8   0x00000090   Code   RO         3715    i.SIM7600CE_pow_on  app_sim7600ce.o
    0x0800ec68   0x0800ec68   0x00000018   Code   RO           14    i.SPI2_IRQHandler   stm32f4xx_it.o
    0x0800ec80   0x0800ec80   0x0000009e   Code   RO         5596    i.SPI_WaitOnFlagUntilTimeout  stm32f4xx_hal_spi.o
    0x0800ed1e   0x0800ed1e   0x00000002   PAD
    0x0800ed20   0x0800ed20   0x0000005c   Code   RO         2088    i.SetRTC            app_prtc.o
    0x0800ed7c   0x0800ed7c   0x00000030   Code   RO         1597    i.StartTimeoutCnt   app_comser.o
    0x0800edac   0x0800edac   0x0000000e   Code   RO           15    i.SysTick_Handler   stm32f4xx_it.o
    0x0800edba   0x0800edba   0x00000002   PAD
    0x0800edbc   0x0800edbc   0x00000094   Code   RO          435    i.SystemClock_Config  main.o
    0x0800ee50   0x0800ee50   0x00000054   Code   RO         3790    i.SystemInit        system_stm32f4xx.o
    0x0800eea4   0x0800eea4   0x00000018   Code   RO           16    i.TIM1_BRK_TIM9_IRQHandler  stm32f4xx_it.o
    0x0800eebc   0x0800eebc   0x00000018   Code   RO           17    i.TIM2_IRQHandler   stm32f4xx_it.o
    0x0800eed4   0x0800eed4   0x00000018   Code   RO           18    i.TIM3_IRQHandler   stm32f4xx_it.o
    0x0800eeec   0x0800eeec   0x00000018   Code   RO           19    i.TIM5_IRQHandler   stm32f4xx_it.o
    0x0800ef04   0x0800ef04   0x00000018   Code   RO           20    i.TIM6_DAC_IRQHandler  stm32f4xx_it.o
    0x0800ef1c   0x0800ef1c   0x00000018   Code   RO           21    i.TIM7_IRQHandler   stm32f4xx_it.o
    0x0800ef34   0x0800ef34   0x00000020   Code   RO           22    i.TIM8_BRK_TIM12_IRQHandler  stm32f4xx_it.o
    0x0800ef54   0x0800ef54   0x00000018   Code   RO           23    i.TIM8_CC_IRQHandler  stm32f4xx_it.o
    0x0800ef6c   0x0800ef6c   0x00000020   Code   RO           24    i.TIM8_TRG_COM_TIM14_IRQHandler  stm32f4xx_it.o
    0x0800ef8c   0x0800ef8c   0x000000c0   Code   RO         6172    i.TIM_Base_SetConfig  stm32f4xx_hal_tim.o
    0x0800f04c   0x0800f04c   0x00000016   Code   RO         6173    i.TIM_CCxChannelCmd  stm32f4xx_hal_tim.o
    0x0800f062   0x0800f062   0x00000014   Code   RO         6176    i.TIM_ETR_SetConfig  stm32f4xx_hal_tim.o
    0x0800f076   0x0800f076   0x00000010   Code   RO         6177    i.TIM_ITRx_SetConfig  stm32f4xx_hal_tim.o
    0x0800f086   0x0800f086   0x00000022   Code   RO         6182    i.TIM_TI1_ConfigInputStage  stm32f4xx_hal_tim.o
    0x0800f0a8   0x0800f0a8   0x00000080   Code   RO         6183    i.TIM_TI1_SetConfig  stm32f4xx_hal_tim.o
    0x0800f128   0x0800f128   0x00000024   Code   RO         6184    i.TIM_TI2_ConfigInputStage  stm32f4xx_hal_tim.o
    0x0800f14c   0x0800f14c   0x0000002c   Code   RO         6185    i.TIM_TI2_SetConfig  stm32f4xx_hal_tim.o
    0x0800f178   0x0800f178   0x000002a8   Code   RO         2089    i.TIP_frame_get     app_prtc.o
    0x0800f420   0x0800f420   0x000000bc   Code   RO         2090    i.TIP_init          app_prtc.o
    0x0800f4dc   0x0800f4dc   0x00000018   Code   RO           25    i.UART4_IRQHandler  stm32f4xx_it.o
    0x0800f4f4   0x0800f4f4   0x00000040   Code   RO           26    i.UART5_IRQHandler  stm32f4xx_it.o
    0x0800f534   0x0800f534   0x000000a8   Code   RO         3855    i.UART_Receive_IT   stm32f4xx_hal_uart.o
    0x0800f5dc   0x0800f5dc   0x00000178   Code   RO         3856    i.UART_SetConfig    stm32f4xx_hal_uart.o
    0x0800f754   0x0800f754   0x00000066   Code   RO         3857    i.UART_Transmit_IT  stm32f4xx_hal_uart.o
    0x0800f7ba   0x0800f7ba   0x00000092   Code   RO         3858    i.UART_WaitOnFlagUntilTimeout  stm32f4xx_hal_uart.o
    0x0800f84c   0x0800f84c   0x0000006c   Code   RO         3545    i.UDP_AT_INIT       app_network.o
    0x0800f8b8   0x0800f8b8   0x00000018   Code   RO           27    i.USART1_IRQHandler  stm32f4xx_it.o
    0x0800f8d0   0x0800f8d0   0x00000018   Code   RO           28    i.USART3_IRQHandler  stm32f4xx_it.o
    0x0800f8e8   0x0800f8e8   0x00000040   Code   RO           29    i.USART6_IRQHandler  stm32f4xx_it.o
    0x0800f928   0x0800f928   0x00000188   Code   RO         1547    i.UnPackBCD         app_bcd.o
    0x0800fab0   0x0800fab0   0x000001a0   Code   RO         1548    i.UnPacksBCD        app_bcd.o
    0x0800fc50   0x0800fc50   0x00000028   Code   RO         7407    i.__0sprintf$5      mc_w.l(printf5.o)
    0x0800fc78   0x0800fc78   0x00000030   Code   RO         7600    i.__ARM_fpclassify  m_wm.l(fpclassify.o)
    0x0800fca8   0x0800fca8   0x00000014   Code   RO         7211    i.__hardfp_fabs     m_wm.l(fabs.o)
    0x0800fcbc   0x0800fcbc   0x00000004   PAD
    0x0800fcc0   0x0800fcc0   0x00000c50   Code   RO         7229    i.__hardfp_pow      m_wm.l(pow.o)
    0x08010910   0x08010910   0x000000f8   Code   RO         7616    i.__kernel_poly     m_wm.l(poly.o)
    0x08010a08   0x08010a08   0x00000030   Code   RO         7586    i.__mathlib_dbl_divzero  m_wm.l(dunder.o)
    0x08010a38   0x08010a38   0x00000014   Code   RO         7588    i.__mathlib_dbl_infnan2  m_wm.l(dunder.o)
    0x08010a4c   0x08010a4c   0x00000004   PAD
    0x08010a50   0x08010a50   0x00000020   Code   RO         7589    i.__mathlib_dbl_invalid  m_wm.l(dunder.o)
    0x08010a70   0x08010a70   0x00000020   Code   RO         7590    i.__mathlib_dbl_overflow  m_wm.l(dunder.o)
    0x08010a90   0x08010a90   0x00000020   Code   RO         7592    i.__mathlib_dbl_underflow  m_wm.l(dunder.o)
    0x08010ab0   0x08010ab0   0x00000064   Code   RO         1932    i.__ring_buffer_get  app_fifo.o
    0x08010b14   0x08010b14   0x0000000e   Code   RO         7695    i.__scatterload_copy  mc_w.l(handlers.o)
    0x08010b22   0x08010b22   0x00000002   Code   RO         7696    i.__scatterload_null  mc_w.l(handlers.o)
    0x08010b24   0x08010b24   0x0000000e   Code   RO         7697    i.__scatterload_zeroinit  mc_w.l(handlers.o)
    0x08010b32   0x08010b32   0x00000002   PAD
    0x08010b34   0x08010b34   0x0000000c   Code   RO         7671    i.__set_errno       mc_w.l(errno.o)
    0x08010b40   0x08010b40   0x000002c0   Code   RO         7412    i._printf_core      mc_w.l(printf5.o)
    0x08010e00   0x08010e00   0x0000000a   Code   RO         7414    i._sputc            mc_w.l(printf5.o)
    0x08010e0a   0x08010e0a   0x00000002   PAD
    0x08010e0c   0x08010e0c   0x000000ac   Code   RO         3351    i.bsp_DetectKey     app_key.o
    0x08010eb8   0x08010eb8   0x00000024   Code   RO         3352    i.bsp_GetKey        app_key.o
    0x08010edc   0x08010edc   0x0000000e   Code   RO         3355    i.bsp_InitKey       app_key.o
    0x08010eea   0x08010eea   0x00000002   PAD
    0x08010eec   0x08010eec   0x0000007c   Code   RO         3356    i.bsp_InitKeyHard   app_key.o
    0x08010f68   0x08010f68   0x000000a8   Code   RO         3357    i.bsp_InitKeyVar    app_key.o
    0x08011010   0x08011010   0x00000014   Code   RO         3358    i.bsp_KeyScan       app_key.o
    0x08011024   0x08011024   0x0000001c   Code   RO         3359    i.bsp_PutKey        app_key.o
    0x08011040   0x08011040   0x000000a2   Code   RO         3546    i.cmp_char          app_network.o
    0x080110e2   0x080110e2   0x00000002   PAD
    0x080110e4   0x080110e4   0x00000024   Code   RO         3275    i.create_Ab         app_linear.o
    0x08011108   0x08011108   0x00000006   Code   RO          436    i.delay             main.o
    0x0801110e   0x0801110e   0x00000002   PAD
    0x08011110   0x08011110   0x00000070   Code   RO         3276    i.exchange_row      app_linear.o
    0x08011180   0x08011180   0x00000018   Code   RO         7213    i.fabs              m_wm.l(fabs.o)
    0x08011198   0x08011198   0x00000070   Code   RO         3133    i.frame2struct      app_finger.o
    0x08011208   0x08011208   0x00000040   Code   RO         2092    i.frame_invalid     app_prtc.o
    0x08011248   0x08011248   0x00000034   Code   RO         2093    i.frame_link_chk    app_prtc.o
    0x0801127c   0x0801127c   0x00000016   Code   RO         2701    i.get_TLV_length    app_led.o
    0x08011292   0x08011292   0x00000002   PAD
    0x08011294   0x08011294   0x00000084   Code   RO         3277    i.get_alpha         app_linear.o
    0x08011318   0x08011318   0x00000156   Code   RO         3278    i.get_beta          app_linear.o
    0x0801146e   0x0801146e   0x0000001a   Code   RO         2702    i.get_chksum16      app_led.o
    0x08011488   0x08011488   0x00000054   Code   RO         3279    i.get_coefficient   app_linear.o
    0x080114dc   0x080114dc   0x0000008e   Code   RO         3280    i.get_correctionfactor  app_linear.o
    0x0801156a   0x0801156a   0x00000002   PAD
    0x0801156c   0x0801156c   0x00000030   Code   RO         3281    i.get_vector        app_linear.o
    0x0801159c   0x0801159c   0x0000018c   Code   RO         3282    i.guass_elimination  app_linear.o
    0x08011728   0x08011728   0x0000003e   Code   RO         2094    i.link_layer_pack   app_prtc.o
    0x08011766   0x08011766   0x00000002   PAD
    0x08011768   0x08011768   0x00000518   Code   RO          439    i.main              main.o
    0x08011c80   0x08011c80   0x0000009c   Code   RO         2096    i.mrtn2frame        app_prtc.o
    0x08011d1c   0x08011d1c   0x00000048   Code   RO         3547    i.my_arrayarray     app_network.o
    0x08011d64   0x08011d64   0x00000002   Code   RO         3549    i.novar_print       app_network.o
    0x08011d66   0x08011d66   0x00000002   PAD
    0x08011d68   0x08011d68   0x00000084   Code   RO         2097    i.rtn2frame         app_prtc.o
    0x08011dec   0x08011dec   0x0000006e   Code   RO         7632    i.sqrt              m_wm.l(sqrt.o)
    0x08011e5a   0x08011e5a   0x00000002   PAD
    0x08011e5c   0x08011e5c   0x0000001c   Code   RO         3550    i.statemachine_init  app_network.o
    0x08011e78   0x08011e78   0x00000070   Code   RO         3134    i.struct2frame      app_finger.o
    0x08011ee8   0x08011ee8   0x00000100   Data   RO         1692    .constdata          app_crc.o
    0x08011fe8   0x08011fe8   0x00000d80   Data   RO         2707    .constdata          app_led.o
    0x08012d68   0x08012d68   0x00000010   Data   RO         5935    .constdata          stm32f4xx_hal_rcc.o
    0x08012d78   0x08012d78   0x00000088   Data   RO         7232    .constdata          m_wm.l(pow.o)
    0x08012e00   0x08012e00   0x00000008   Data   RO         7618    .constdata          m_wm.l(qnan.o)
    0x08012e08   0x08012e08   0x00000020   Data   RO         7693    Region$$Table       anon$$obj.o


    Execution Region RW_IRAM1 (Exec base: 0x20000000, Load base: 0x08012e28, Size: 0x00015170, Max: 0x00020000, ABSOLUTE, COMPRESSED[0x00000108])

    Exec Addr    Load Addr    Size         Type   Attr      Idx    E Section Name        Object

    0x20000000   COMPRESSED   0x00000008   Data   RW          282    .data               stm32f4xx_hal_msp.o
    0x20000008   COMPRESSED   0x0000006c   Data   RW          449    .data               main.o
    0x20000074   COMPRESSED   0x00000005   Data   RW          843    .data               app_mmi.o
    0x20000079   COMPRESSED   0x00000003   PAD
    0x2000007c   COMPRESSED   0x00000018   Data   RW         1213    .data               app_sensor.o
    0x20000094   COMPRESSED   0x0000000a   Data   RW         1754    .data               app_datrec.o
    0x2000009e   COMPRESSED   0x00000002   PAD
    0x200000a0   COMPRESSED   0x00000030   Data   RW         2113    .data               app_prtc.o
    0x200000d0   COMPRESSED   0x0000003c   Data   RW         2708    .data               app_led.o
    0x2000010c   COMPRESSED   0x00000003   Data   RW         3061    .data               app_upsnr.o
    0x2000010f   COMPRESSED   0x00000001   PAD
    0x20000110   COMPRESSED   0x0000000c   Data   RW         3137    .data               app_finger.o
    0x2000011c   COMPRESSED   0x00000008   Data   RW         3480    .data               app_mg2639d.o
    0x20000124   COMPRESSED   0x000001d1   Data   RW         3557    .data               app_network.o
    0x200002f5   COMPRESSED   0x00000003   PAD
    0x200002f8   COMPRESSED   0x00000008   Data   RW         3716    .data               app_sim7600ce.o
    0x20000300   COMPRESSED   0x00000014   Data   RW         3791    .data               system_stm32f4xx.o
    0x20000314   COMPRESSED   0x00000004   Data   RW         5126    .data               stm32f4xx_hal.o
    0x20000318   COMPRESSED   0x00000004   Data   RW         7672    .data               mc_w.l(errno.o)
    0x2000031c   COMPRESSED   0x00000004   PAD
    0x20000320        -       0x0000160c   Zero   RW          440    .bss                main.o
    0x2000192c        -       0x00000014   Zero   RW          441    .bss                main.o
    0x20001940        -       0x00000014   Zero   RW          442    .bss                main.o
    0x20001954        -       0x00000050   Zero   RW          445    .bss                main.o
    0x200019a4        -       0x00000050   Zero   RW          446    .bss                main.o
    0x200019f4        -       0x00000050   Zero   RW          447    .bss                main.o
    0x20001a44        -       0x00000050   Zero   RW          448    .bss                main.o
    0x20001a94        -       0x000007d0   Zero   RW          840    .bss                app_mmi.o
    0x20002264        -       0x00001bcc   Zero   RW         1206    .bss                app_sensor.o
    0x20003e30        -       0x0000006c   Zero   RW         1208    .bss                app_sensor.o
    0x20003e9c        -       0x00000084   Zero   RW         1421    .bss                app_audio.o
    0x20003f20        -       0x00000db0   Zero   RW         1598    .bss                app_comser.o
    0x20004cd0        -       0x00001040   Zero   RW         1753    .bss                app_datrec.o
    0x20005d10        -       0x00000010   Zero   RW         1940    .bss                app_fifo.o
    0x20005d20        -       0x00000010   Zero   RW         1941    .bss                app_fifo.o
    0x20005d30        -       0x00000010   Zero   RW         1942    .bss                app_fifo.o
    0x20005d40        -       0x00002000   Zero   RW         1943    .bss                app_fifo.o
    0x20007d40        -       0x00002000   Zero   RW         1944    .bss                app_fifo.o
    0x20009d40        -       0x00002000   Zero   RW         1945    .bss                app_fifo.o
    0x2000bd40        -       0x00000010   Zero   RW         1946    .bss                app_fifo.o
    0x2000bd50        -       0x00000010   Zero   RW         1947    .bss                app_fifo.o
    0x2000bd60        -       0x00002000   Zero   RW         1949    .bss                app_fifo.o
    0x2000dd60        -       0x00002000   Zero   RW         1950    .bss                app_fifo.o
    0x2000fd60        -       0x0000279c   Zero   RW         2098    .bss                app_prtc.o
    0x200124fc        -       0x00000104   Zero   RW         2112    .bss                app_prtc.o
    0x20012600        -       0x00000864   Zero   RW         2704    .bss                app_led.o
    0x20012e64        -       0x00000058   Zero   RW         3060    .bss                app_upsnr.o
    0x20012ebc        -       0x00001a00   Zero   RW         3135    .bss                app_finger.o
    0x200148bc        -       0x000000ad   Zero   RW         3361    .bss                app_key.o
    0x20014969   COMPRESSED   0x00000007   PAD
    0x20014970        -       0x00000800   Zero   RW            1    STACK               startup_stm32f407xx.o


==============================================================================

Image component sizes


      Code (inc. data)   RO Data    RW Data    ZI Data      Debug   Object Name

        88         18          0          0        132       1994   app_audio.o
      1768         44          0          0          0       4286   app_bcd.o
       826         90          0          0       3504       7857   app_comser.o
        32          6        256          0          0       1242   app_crc.o
       814         52          0         10       4160      13370   app_datrec.o
       100          0          0          0      41040       2608   app_fifo.o
      1186         58          0         12       6656      12982   app_finger.o
       312         20          0          0          0       3072   app_fram.o
       822        114          0          0        173      11065   app_key.o
      3358        146       3456         60       2148      29085   app_led.o
      1292         32          0          0          0       7794   app_linear.o
       556        114          0          8          0       3906   app_mg2639d.o
     11990       1092          0          5       2000      52287   app_mmi.o
      2384        280          0        465          0      18192   app_network.o
      8798        674          0         48      10400      71724   app_prtc.o
      4254        230          0         24       7224      33016   app_sensor.o
       860        196          0          8          0       7704   app_sim7600ce.o
       756        114          0          3         88       5536   app_upsnr.o
      7870        796          0        108       6004      50541   main.o
        36          8        392          0       2048        992   startup_stm32f407xx.o
       114         16          0          4          0       3742   stm32f4xx_hal.o
       830         24          0          0          0       5102   stm32f4xx_hal_adc.o
       224         14          0          0          0      31779   stm32f4xx_hal_cortex.o
      4060         58          0          0          0       3012   stm32f4xx_hal_dma.o
       472         52          0          0          0       4111   stm32f4xx_hal_gpio.o
      1354         32          0          0          0       5475   stm32f4xx_hal_i2s.o
       400         10          0          0          0       1503   stm32f4xx_hal_i2s_ex.o
        70          0          0          0          0       1176   stm32f4xx_hal_iwdg.o
      1446        188          0          8          0       8191   stm32f4xx_hal_msp.o
        92          0          0          0          0       1316   stm32f4xx_hal_nand.o
      1648         82         16          0          0       7355   stm32f4xx_hal_rcc.o
       328         20          0          0          0       1468   stm32f4xx_hal_rcc_ex.o
        44          0          0          0          0       1151   stm32f4xx_hal_rng.o
       896         24          0          0          0       7852   stm32f4xx_hal_rtc.o
        76          0          0          0          0       1245   stm32f4xx_hal_rtc_ex.o
      1772          0          0          0          0       6438   stm32f4xx_hal_spi.o
      1790         82          0          0          0      17793   stm32f4xx_hal_tim.o
        84          0          0          0          0       2566   stm32f4xx_hal_tim_ex.o
      1772         10          0          0          0      10114   stm32f4xx_hal_uart.o
       518        110          0          0          0     446054   stm32f4xx_it.o
       120          0          0          0          0       2860   stm32f4xx_ll_fsmc.o
        84         18          0         20          0       1449   system_stm32f4xx.o

    ----------------------------------------------------------------------
     66360       4824       4152        792      85584     911005   Object Totals
         0          0         32          0          0          0   (incl. Generated)
        64          0          0          9          7          0   (incl. Padding)

    ----------------------------------------------------------------------

      Code (inc. data)   RO Data    RW Data    ZI Data      Debug   Library Member Name

       164         44          0          0          0        620   dunder.o
        44          0          0          0          0        248   fabs.o
        48          0          0          0          0        124   fpclassify.o
       248          0          0          0          0        152   poly.o
      3152        296        136          0          0        352   pow.o
         0          0          8          0          0          0   qnan.o
       110          0          0          0          0        148   sqrt.o
        86          0          0          0          0          0   __dczerorl2.o
         0          0          0          0          0          0   entry.o
         0          0          0          0          0          0   entry10a.o
         0          0          0          0          0          0   entry11a.o
         8          4          0          0          0          0   entry2.o
         4          0          0          0          0          0   entry5.o
         0          0          0          0          0          0   entry7b.o
         0          0          0          0          0          0   entry8b.o
         8          4          0          0          0          0   entry9a.o
        12          6          0          4          0         68   errno.o
        30          0          0          0          0          0   handlers.o
        36          8          0          0          0         68   init.o
         0          0          0          0          0          0   iusefp.o
        30          0          0          0          0         68   llshl.o
        36          0          0          0          0         68   llsshr.o
        32          0          0          0          0         68   llushr.o
        36          0          0          0          0         68   memcpya.o
        36          0          0          0          0        108   memseta.o
       754         52          0          0          0        252   printf5.o
        28          0          0          0          0         76   strcmp.o
        18          0          0          0          0         68   strcpy.o
        14          0          0          0          0         68   strlen.o
        98          0          0          0          0         92   uldiv.o
        48          0          0          0          0         68   cdcmple.o
        48          0          0          0          0         68   cdrcmple.o
        56          0          0          0          0         88   d2f.o
       334          0          0          0          0        148   dadd.o
       222          0          0          0          0        100   ddiv.o
       186          0          0          0          0        176   depilogue.o
        62          0          0          0          0         80   dfixi.o
        50          0          0          0          0         76   dfixui.o
        34          0          0          0          0         76   dflti.o
        26          0          0          0          0         76   dfltui.o
       228          0          0          0          0         96   dmul.o
        46          0          0          0          0         80   dscalb.o
       162          0          0          0          0        100   dsqrt.o
        38          0          0          0          0         68   f2d.o
       110          0          0          0          0        168   fepilogue.o

    ----------------------------------------------------------------------
      6696        414        144          4          4       4184   Library Totals
        14          0          0          0          4          0   (incl. Padding)

    ----------------------------------------------------------------------

      Code (inc. data)   RO Data    RW Data    ZI Data      Debug   Library Name

      3766        340        144          0          0       1644   m_wm.l
      1266         74          0          4          0       1072   mc_w.l
      1650          0          0          0          0       1468   mf_w.l

    ----------------------------------------------------------------------
      6696        414        144          4          4       4184   Library Totals

    ----------------------------------------------------------------------

==============================================================================


      Code (inc. data)   RO Data    RW Data    ZI Data      Debug   

     73056       5238       4296        796      85588     870121   Grand Totals
     73056       5238       4296        264      85588     870121   ELF Image Totals (compressed)
     73056       5238       4296        264          0          0   ROM Totals

==============================================================================

    Total RO  Size (Code + RO Data)                77352 (  75.54kB)
    Total RW  Size (RW Data + ZI Data)             86384 (  84.36kB)
    Total ROM Size (Code + RO Data + RW Data)      77616 (  75.80kB)

==============================================================================

